Component: ARM Compiler 5.06 update 7 (build 960) Tool: armlink [4d3601]

==============================================================================

Section Cross References

    startup_stm32f427xx.o(STACK) refers (Special) to heapauxi.o(.text) for __use_two_region_memory
    startup_stm32f427xx.o(HEAP) refers (Special) to heapauxi.o(.text) for __use_two_region_memory
    startup_stm32f427xx.o(RESET) refers (Special) to heapauxi.o(.text) for __use_two_region_memory
    startup_stm32f427xx.o(RESET) refers to startup_stm32f427xx.o(STACK) for __initial_sp
    startup_stm32f427xx.o(RESET) refers to startup_stm32f427xx.o(.text) for Reset_Handler
    startup_stm32f427xx.o(RESET) refers to stm32f4xx_it.o(i.NMI_Handler) for NMI_Handler
    startup_stm32f427xx.o(RESET) refers to stm32f4xx_it.o(i.HardFault_Handler) for HardFault_Handler
    startup_stm32f427xx.o(RESET) refers to stm32f4xx_it.o(i.MemManage_Handler) for MemManage_Handler
    startup_stm32f427xx.o(RESET) refers to stm32f4xx_it.o(i.BusFault_Handler) for BusFault_Handler
    startup_stm32f427xx.o(RESET) refers to stm32f4xx_it.o(i.UsageFault_Handler) for UsageFault_Handler
    startup_stm32f427xx.o(RESET) refers to port.o(.emb_text) for SVC_Handler
    startup_stm32f427xx.o(RESET) refers to stm32f4xx_it.o(i.DebugMon_Handler) for DebugMon_Handler
    startup_stm32f427xx.o(RESET) refers to port.o(i.SysTick_Handler) for SysTick_Handler
    startup_stm32f427xx.o(RESET) refers to stm32f4xx_it.o(i.USART1_IRQHandler) for USART1_IRQHandler
    startup_stm32f427xx.o(RESET) refers to stm32f4xx_it.o(i.TIM6_DAC_IRQHandler) for TIM6_DAC_IRQHandler
    startup_stm32f427xx.o(RESET) refers to stm32f4xx_it.o(i.DMA2_Stream2_IRQHandler) for DMA2_Stream2_IRQHandler
    startup_stm32f427xx.o(.text) refers (Special) to heapauxi.o(.text) for __use_two_region_memory
    startup_stm32f427xx.o(.text) refers to system_stm32f4xx.o(i.SystemInit) for SystemInit
    startup_stm32f427xx.o(.text) refers to __main.o(!!!main) for __main
    startup_stm32f427xx.o(.text) refers to startup_stm32f427xx.o(HEAP) for Heap_Mem
    startup_stm32f427xx.o(.text) refers to startup_stm32f427xx.o(STACK) for Stack_Mem
    main.o(i.HAL_TIM_PeriodElapsedCallback) refers to stm32f4xx_hal.o(i.HAL_IncTick) for HAL_IncTick
    main.o(i.SystemClock_Config) refers to rt_memclr_w.o(.text) for __aeabi_memclr4
    main.o(i.SystemClock_Config) refers to stm32f4xx_hal_rcc.o(i.HAL_RCC_OscConfig) for HAL_RCC_OscConfig
    main.o(i.SystemClock_Config) refers to stm32f4xx_hal_pwr_ex.o(i.HAL_PWREx_EnableOverDrive) for HAL_PWREx_EnableOverDrive
    main.o(i.SystemClock_Config) refers to stm32f4xx_hal_rcc.o(i.HAL_RCC_ClockConfig) for HAL_RCC_ClockConfig
    main.o(i.main) refers to stm32f4xx_hal.o(i.HAL_Init) for HAL_Init
    main.o(i.main) refers to main.o(i.SystemClock_Config) for SystemClock_Config
    main.o(i.main) refers to gpio.o(i.MX_GPIO_Init) for MX_GPIO_Init
    main.o(i.main) refers to dma.o(i.MX_DMA_Init) for MX_DMA_Init
    main.o(i.main) refers to tim.o(i.MX_TIM3_Init) for MX_TIM3_Init
    main.o(i.main) refers to usart.o(i.MX_USART1_UART_Init) for MX_USART1_UART_Init
    main.o(i.main) refers to spi.o(i.MX_SPI5_Init) for MX_SPI5_Init
    main.o(i.main) refers to tim.o(i.MX_TIM8_Init) for MX_TIM8_Init
    main.o(i.main) refers to tim.o(i.MX_TIM5_Init) for MX_TIM5_Init
    main.o(i.main) refers to freertos.o(i.MX_FREERTOS_Init) for MX_FREERTOS_Init
    main.o(i.main) refers to cmsis_os.o(i.osKernelStart) for osKernelStart
    gpio.o(i.MX_GPIO_Init) refers to rt_memclr_w.o(.text) for __aeabi_memclr4
    gpio.o(i.MX_GPIO_Init) refers to stm32f4xx_hal_gpio.o(i.HAL_GPIO_WritePin) for HAL_GPIO_WritePin
    gpio.o(i.MX_GPIO_Init) refers to stm32f4xx_hal_gpio.o(i.HAL_GPIO_Init) for HAL_GPIO_Init
    freertos.o(i.General_Init) refers to fusionahrs.o(i.FusionAhrsInitialise) for FusionAhrsInitialise
    freertos.o(i.General_Init) refers to tasks.o(i.vTaskDelete) for vTaskDelete
    freertos.o(i.General_Init) refers to imu_temp_control.o(.data) for IMU_Temp_Control_Func
    freertos.o(i.General_Init) refers to board_a_imu.o(.data) for Board_A_IMU_Func
    freertos.o(i.General_Init) refers to board_a_imu.o(.bss) for Board_A_IMU_AHRS
    freertos.o(i.General_Init) refers to dr16_remote.o(.data) for DR16_Func
    freertos.o(i.General_Init) refers to usart.o(.bss) for huart1
    freertos.o(i.General_Init) refers to motors.o(.data) for Motors_Func
    freertos.o(i.MX_FREERTOS_Init) refers to rt_memcpy_w.o(.text) for __aeabi_memcpy4
    freertos.o(i.MX_FREERTOS_Init) refers to cmsis_os.o(i.osThreadCreate) for osThreadCreate
    freertos.o(i.MX_FREERTOS_Init) refers to freertos.o(.constdata) for .constdata
    freertos.o(i.MX_FREERTOS_Init) refers to freertos.o(.data) for .data
    freertos.o(i.Robot_Control) refers to tasks.o(i.xTaskGetTickCount) for xTaskGetTickCount
    freertos.o(i.Robot_Control) refers to tasks.o(i.vTaskDelayUntil) for vTaskDelayUntil
[...]
    i.TIM_TI1_ConfigInputStage               0x08003574   Section        0  stm32f4xx_hal_tim.o(i.TIM_TI1_ConfigInputStage)
    TIM_TI1_ConfigInputStage                 0x08003575   Thumb Code    34  stm32f4xx_hal_tim.o(i.TIM_TI1_ConfigInputStage)
    i.TIM_TI2_ConfigInputStage               0x08003596   Section        0  stm32f4xx_hal_tim.o(i.TIM_TI2_ConfigInputStage)
    TIM_TI2_ConfigInputStage                 0x08003597   Thumb Code    36  stm32f4xx_hal_tim.o(i.TIM_TI2_ConfigInputStage)
    i.UART_SetConfig                         0x080035bc   Section        0  stm32f4xx_hal_uart.o(i.UART_SetConfig)
    UART_SetConfig                           0x080035bd   Thumb Code   258  stm32f4xx_hal_uart.o(i.UART_SetConfig)
    i.USART1_IRQHandler                      0x080036c8   Section        0  stm32f4xx_it.o(i.USART1_IRQHandler)
    i.UsageFault_Handler                     0x080036f4   Section        0  stm32f4xx_it.o(i.UsageFault_Handler)
    i.__ARM_fpclassifyf                      0x080036f6   Section        0  fpclassifyf.o(i.__ARM_fpclassifyf)
    i.__NVIC_SetPriority                     0x0800371c   Section        0  stm32f4xx_hal_cortex.o(i.__NVIC_SetPriority)
    __NVIC_SetPriority                       0x0800371d   Thumb Code    32  stm32f4xx_hal_cortex.o(i.__NVIC_SetPriority)
    i.__hardfp_asinf                         0x0800373c   Section        0  asinf.o(i.__hardfp_asinf)
    i.__hardfp_atan2f                        0x08003868   Section        0  atan2f.o(i.__hardfp_atan2f)
    i.__hardfp_cosf                          0x08003b14   Section        0  cosf.o(i.__hardfp_cosf)
    i.__hardfp_powf                          0x08003c64   Section        0  powf.o(i.__hardfp_powf)
    i.__hardfp_sinf                          0x080042c8   Section        0  sinf.o(i.__hardfp_sinf)
    i.__mathlib_flt_divzero                  0x08004458   Section        0  funder.o(i.__mathlib_flt_divzero)
    i.__mathlib_flt_infnan                   0x0800446c   Section        0  funder.o(i.__mathlib_flt_infnan)
    i.__mathlib_flt_infnan2                  0x08004472   Section        0  funder.o(i.__mathlib_flt_infnan2)
    i.__mathlib_flt_invalid                  0x08004478   Section        0  funder.o(i.__mathlib_flt_invalid)
    i.__mathlib_flt_overflow                 0x08004488   Section        0  funder.o(i.__mathlib_flt_overflow)
    i.__mathlib_flt_underflow                0x08004498   Section        0  funder.o(i.__mathlib_flt_underflow)
    i.__mathlib_rredf2                       0x080044a8   Section        0  rredf.o(i.__mathlib_rredf2)
    i.main                                   0x080045fc   Section        0  main.o(i.main)
    i.makeFreeRtosPriority                   0x0800462a   Section        0  cmsis_os.o(i.makeFreeRtosPriority)
    makeFreeRtosPriority                     0x0800462b   Thumb Code    12  cmsis_os.o(i.makeFreeRtosPriority)
    i.osKernelStart                          0x08004636   Section        0  cmsis_os.o(i.osKernelStart)
    i.osThreadCreate                         0x08004640   Section        0  cmsis_os.o(i.osThreadCreate)
    i.prvAddCurrentTaskToDelayedList         0x08004694   Section        0  tasks.o(i.prvAddCurrentTaskToDelayedList)
    prvAddCurrentTaskToDelayedList           0x08004695   Thumb Code   102  tasks.o(i.prvAddCurrentTaskToDelayedList)
    i.prvAddNewTaskToReadyList               0x08004704   Section        0  tasks.o(i.prvAddNewTaskToReadyList)
    prvAddNewTaskToReadyList                 0x08004705   Thumb Code   194  tasks.o(i.prvAddNewTaskToReadyList)
    i.prvDeleteTCB                           0x080047d4   Section        0  tasks.o(i.prvDeleteTCB)
    prvDeleteTCB                             0x080047d5   Thumb Code    52  tasks.o(i.prvDeleteTCB)
    i.prvHeapInit                            0x08004808   Section        0  heap_4.o(i.prvHeapInit)
    prvHeapInit                              0x08004809   Thumb Code    66  heap_4.o(i.prvHeapInit)
    i.prvIdleTask                            0x08004854   Section        0  tasks.o(i.prvIdleTask)
    prvIdleTask                              0x08004855   Thumb Code    82  tasks.o(i.prvIdleTask)
    i.prvInitialiseNewTask                   0x080048b4   Section        0  tasks.o(i.prvInitialiseNewTask)
    prvInitialiseNewTask                     0x080048b5   Thumb Code   152  tasks.o(i.prvInitialiseNewTask)
    i.prvInsertBlockIntoFreeList             0x0800494c   Section        0  heap_4.o(i.prvInsertBlockIntoFreeList)
    prvInsertBlockIntoFreeList               0x0800494d   Thumb Code    72  heap_4.o(i.prvInsertBlockIntoFreeList)
    i.prvResetNextTaskUnblockTime            0x08004998   Section        0  tasks.o(i.prvResetNextTaskUnblockTime)
    prvResetNextTaskUnblockTime              0x08004999   Thumb Code    26  tasks.o(i.prvResetNextTaskUnblockTime)
    i.prvTaskExitError                       0x080049b8   Section        0  port.o(i.prvTaskExitError)
    prvTaskExitError                         0x080049b9   Thumb Code    36  port.o(i.prvTaskExitError)
    i.pvPortMalloc                           0x080049e0   Section        0  heap_4.o(i.pvPortMalloc)
    i.pxPortInitialiseStack                  0x08004abc   Section        0  port.o(i.pxPortInitialiseStack)
    i.sqrtf                                  0x08004ae8   Section        0  sqrtf.o(i.sqrtf)
    i.uxListRemove                           0x08004b26   Section        0  list.o(i.uxListRemove)
    i.vApplicationGetIdleTaskMemory          0x08004b4c   Section        0  freertos.o(i.vApplicationGetIdleTaskMemory)
    i.vListInitialise                        0x08004b60   Section        0  list.o(i.vListInitialise)
    i.vListInitialiseItem                    0x08004b76   Section        0  list.o(i.vListInitialiseItem)
    i.vListInsert                            0x08004b7c   Section        0  list.o(i.vListInsert)
    i.vListInsertEnd                         0x08004bac   Section        0  list.o(i.vListInsertEnd)
    i.vPortEnterCritical                     0x08004bc4   Section        0  port.o(i.vPortEnterCritical)
    i.vPortExitCritical                      0x08004c04   Section        0  port.o(i.vPortExitCritical)
    i.vPortFree                              0x08004c2c   Section        0  heap_4.o(i.vPortFree)
    i.vPortSetupTimerInterrupt               0x08004c90   Section        0  port.o(i.vPortSetupTimerInterrupt)
    i.vTaskDelayUntil                        0x08004cb4   Section        0  tasks.o(i.vTaskDelayUntil)
    i.vTaskDelete                            0x08004d40   Section        0  tasks.o(i.vTaskDelete)
    i.vTaskStartScheduler                    0x08004dec   Section        0  tasks.o(i.vTaskStartScheduler)
    i.vTaskSuspendAll                        0x08004e58   Section        0  tasks.o(i.vTaskSuspendAll)
    i.vTaskSwitchContext                     0x08004e68   Section        0  tasks.o(i.vTaskSwitchContext)
    i.xPortStartScheduler                    0x08004ec4   Section        0  port.o(i.xPortStartScheduler)
    i.xTaskCreate                            0x08004fb8   Section        0  tasks.o(i.xTaskCreate)
    i.xTaskCreateStatic                      0x08005012   Section        0  tasks.o(i.xTaskCreateStatic)
    i.xTaskGetTickCount                      0x08005068   Section        0  tasks.o(i.xTaskGetTickCount)
    i.xTaskIncrementTick                     0x08005074   Section        0  tasks.o(i.xTaskIncrementTick)
    i.xTaskResumeAll                         0x08005140   Section        0  tasks.o(i.xTaskResumeAll)
    x$fpl$fpinit                             0x08005204   Section       10  fpinit.o(x$fpl$fpinit)
    $v0                                      0x08005204   Number         0  fpinit.o(x$fpl$fpinit)
    x$fpl$usenofp                            0x0800520e   Section        0  usenofp.o(x$fpl$usenofp)
    .constdata                               0x08005210   Section       84  freertos.o(.constdata)
    .constdata                               0x08005264   Section        8  stm32f4xx_hal_dma.o(.constdata)
    flagBitshiftOffset                       0x08005264   Data           8  stm32f4xx_hal_dma.o(.constdata)
    .constdata                               0x0800526c   Section       16  system_stm32f4xx.o(.constdata)
    .constdata                               0x0800527c   Section        8  system_stm32f4xx.o(.constdata)
    .constdata                               0x08005284   Section       20  board_a_imu.o(.constdata)
    .constdata                               0x08005298   Section       32  fusionahrs.o(.constdata)
    .constdata                               0x080052b8   Section      320  powf.o(.constdata)
    table                                    0x080052b8   Data         128  powf.o(.constdata)
    powersof2to1over16top                    0x08005338   Data          64  powf.o(.constdata)
    powersof2to1over16bot                    0x08005378   Data          64  powf.o(.constdata)
    powersof2to1over16all                    0x080053b8   Data          64  powf.o(.constdata)
    .constdata                               0x080053f8   Section       32  rredf.o(.constdata)
    twooverpi                                0x080053f8   Data          32  rredf.o(.constdata)
    .conststring                             0x08005418   Section       38  freertos.o(.conststring)
    .data                                    0x20000000   Section       12  freertos.o(.data)
    .data                                    0x2000000c   Section       12  stm32f4xx_hal.o(.data)
    .data                                    0x20000018   Section        4  system_stm32f4xx.o(.data)
    .data                                    0x2000001c   Section       60  tasks.o(.data)
    uxDeletedTasksWaitingCleanUp             0x20000020   Data           4  tasks.o(.data)
    uxCurrentNumberOfTasks                   0x20000024   Data           4  tasks.o(.data)
    xTickCount                               0x20000028   Data           4  tasks.o(.data)
    uxTopReadyPriority                       0x2000002c   Data           4  tasks.o(.data)
    xSchedulerRunning                        0x20000030   Data           4  tasks.o(.data)
    xPendedTicks                             0x20000034   Data           4  tasks.o(.data)
    xYieldPending                            0x20000038   Data           4  tasks.o(.data)
    xNumOfOverflows                          0x2000003c   Data           4  tasks.o(.data)
    uxTaskNumber                             0x20000040   Data           4  tasks.o(.data)
    xNextTaskUnblockTime                     0x20000044   Data           4  tasks.o(.data)
    xIdleTaskHandle                          0x20000048   Data           4  tasks.o(.data)
    uxSchedulerSuspended                     0x2000004c   Data           4  tasks.o(.data)
    pxDelayedTaskList                        0x20000050   Data           4  tasks.o(.data)
    pxOverflowDelayedTaskList                0x20000054   Data           4  tasks.o(.data)
    .data                                    0x20000058   Section       32  heap_4.o(.data)
    pxEnd                                    0x20000058   Data           4  heap_4.o(.data)
    xFreeBytesRemaining                      0x2000005c   Data           4  heap_4.o(.data)
    xMinimumEverFreeBytesRemaining           0x20000060   Data           4  heap_4.o(.data)
    xNumberOfSuccessfulAllocations           0x20000064   Data           4  heap_4.o(.data)
    xNumberOfSuccessfulFrees                 0x20000068   Data           4  heap_4.o(.data)
    xBlockAllocatedBit                       0x2000006c   Data           4  heap_4.o(.data)
    xStart                                   0x20000070   Data           8  heap_4.o(.data)
    .data                                    0x20000078   Section       12  port.o(.data)
    ucMaxSysCallPriority                     0x20000078   Data           1  port.o(.data)
    uxCriticalNesting                        0x2000007c   Data           4  port.o(.data)
    ulMaxPRIGROUPValue                       0x20000080   Data           4  port.o(.data)
    .data                                    0x20000084   Section        8  imu_temp_control.o(.data)
    .data                                    0x2000008c   Section        8  robot_control.o(.data)
    .data                                    0x20000094   Section       20  board_a_imu.o(.data)
    .data                                    0x200000a8   Section       16  board_a_imu.o(.data)
    tx                                       0x200000a8   Data           1  board_a_imu.o(.data)
    rx                                       0x200000a9   Data           1  board_a_imu.o(.data)
    tx_buff                                  0x200000aa   Data          14  board_a_imu.o(.data)
    .data                                    0x200000b8   Section       28  dr16_remote.o(.data)
    .data                                    0x200000d4   Section       12  motors.o(.data)
    .bss                                     0x200000e0   Section      596  freertos.o(.bss)
    xIdleTaskTCBBuffer                       0x200000e0   Data          84  freertos.o(.bss)
    xIdleStack                               0x20000134   Data         512  freertos.o(.bss)
    .bss                                     0x20000334   Section       88  spi.o(.bss)
    .bss                                     0x2000038c   Section      216  tim.o(.bss)
    .bss                                     0x20000464   Section      164  usart.o(.bss)
    .bss                                     0x20000508   Section       72  stm32f4xx_hal_timebase_tim.o(.bss)
    .bss                                     0x20000550   Section      240  tasks.o(.bss)
    pxReadyTasksLists                        0x20000550   Data         140  tasks.o(.bss)
    xDelayedTaskList1                        0x200005dc   Data          20  tasks.o(.bss)
    xDelayedTaskList2                        0x200005f0   Data          20  tasks.o(.bss)
    xPendingReadyList                        0x20000604   Data          20  tasks.o(.bss)
    xTasksWaitingTermination                 0x20000618   Data          20  tasks.o(.bss)
    xSuspendedTaskList                       0x2000062c   Data          20  tasks.o(.bss)
    .bss                                     0x20000640   Section    15360  heap_4.o(.bss)
    ucHeap                                   0x20000640   Data       15360  heap_4.o(.bss)
    .bss                                     0x20004240   Section      152  board_a_imu.o(.bss)
    .bss                                     0x200042d8   Section      100  board_a_imu.o(.bss)
    .bss                                     0x2000433c   Section       96  dr16_remote.o(.bss)
    .bss                                     0x2000439c   Section       96  libspace.o(.bss)
    HEAP                                     0x20004400   Section      512  startup_stm32f427xx.o(HEAP)
    Heap_Mem                                 0x20004400   Data         512  startup_stm32f427xx.o(HEAP)
    STACK                                    0x20004600   Section     1024  startup_stm32f427xx.o(STACK)
    Stack_Mem                                0x20004600   Data        1024  startup_stm32f427xx.o(STACK)
    __initial_sp                             0x20004a00   Data           0  startup_stm32f427xx.o(STACK)

    Global Symbols

    Symbol Name                              Value     Ov Type        Size  Object(Section)

    BuildAttributes$$THM_ISAv4$E$P$D$K$B$S$7EM$VFPi3$EXTD16$VFPS$VFMA$PE$A:L22UL41UL21$X:L11$S22US41US21$IEEE1$IW$USESV6$~STKCKD$USESV7$~SHL$OTIME$ROPI$IEEEX$EBA8$UX$STANDARDLIB$REQ8$PRES8$EABIv2 0x00000000   Number         0  anon$$obj.o ABSOLUTE
    __ARM_use_no_argv                        0x00000000   Number         0  main.o ABSOLUTE
    __ARM_exceptions_init                     - Undefined Weak Reference
    __alloca_initialize                       - Undefined Weak Reference
    __arm_fini_                               - Undefined Weak Reference
    __arm_preinit_                            - Undefined Weak Reference
    __cpp_initialize__aeabi_                  - Undefined Weak Reference
    __cxa_finalize                            - Undefined Weak Reference
    __rt_locale                               - Undefined Weak Reference
    __sigvec_lookup                           - Undefined Weak Reference
    _atexit_init                              - Undefined Weak Reference
    _call_atexit_fns                          - Undefined Weak Reference
    _clock_init                               - Undefined Weak Reference
    _fp_trap_init                             - Undefined Weak Reference
    _fp_trap_shutdown                         - Undefined Weak Reference
    _get_lc_collate                           - Undefined Weak Reference
    _get_lc_ctype                             - Undefined Weak Reference
    _get_lc_monetary                          - Undefined Weak Reference
    _get_lc_numeric                           - Undefined Weak Reference
    _get_lc_time                              - Undefined Weak Reference
    _getenv_init                              - Undefined Weak Reference
    _handle_redirection                       - Undefined Weak Reference
    _init_alloc                               - Undefined Weak Reference
    _init_user_alloc                          - Undefined Weak Reference
    _initio                                   - Undefined Weak Reference
    _rand_init                                - Undefined Weak Reference
    _signal_finish                            - Undefined Weak Reference
    _signal_init                              - Undefined Weak Reference
    _terminate_alloc                          - Undefined Weak Reference
    _terminate_user_alloc                     - Undefined Weak Reference
    _terminateio                              - Undefined Weak Reference
    __Vectors_Size                           0x000001ac   Number         0  startup_stm32f427xx.o ABSOLUTE
    __Vectors                                0x08000000   Data           4  startup_stm32f427xx.o(RESET)
    __Vectors_End                            0x080001ac   Data           0  startup_stm32f427xx.o(RESET)
    __main                                   0x080001ad   Thumb Code     8  __main.o(!!!main)
    __scatterload                            0x080001b5   Thumb Code     0  __scatter.o(!!!scatter)
    __scatterload_rt2                        0x080001b5   Thumb Code    44  __scatter.o(!!!scatter)
    __scatterload_rt2_thumb_only             0x080001b5   Thumb Code     0  __scatter.o(!!!scatter)
    __scatterload_null                       0x080001c3   Thumb Code     0  __scatter.o(!!!scatter)
    __scatterload_copy                       0x080001e9   Thumb Code    26  __scatter_copy.o(!!handler_copy)
    __scatterload_zeroinit                   0x08000205   Thumb Code    28  __scatter_zi.o(!!handler_zi)
    __rt_lib_init                            0x08000221   Thumb Code     0  libinit.o(.ARM.Collect$$libinit$$00000000)
    __rt_lib_init_fp_1                       0x08000223   Thumb Code     0  libinit2.o(.ARM.Collect$$libinit$$00000001)
    __rt_lib_init_alloca_1                   0x08000227   Thumb Code     0  libinit2.o(.ARM.Collect$$libinit$$0000002E)
    __rt_lib_init_argv_1                     0x08000227   Thumb Code     0  libinit2.o(.ARM.Collect$$libinit$$0000002C)
    __rt_lib_init_atexit_1                   0x08000227   Thumb Code     0  libinit2.o(.ARM.Collect$$libinit$$0000001B)
    __rt_lib_init_clock_1                    0x08000227   Thumb Code     0  libinit2.o(.ARM.Collect$$libinit$$00000021)
    __rt_lib_init_cpp_1                      0x08000227   Thumb Code     0  libinit2.o(.ARM.Collect$$libinit$$00000032)
    __rt_lib_init_exceptions_1               0x08000227   Thumb Code     0  libinit2.o(.ARM.Collect$$libinit$$00000030)
    __rt_lib_init_fp_trap_1                  0x08000227   Thumb Code     0  libinit2.o(.ARM.Collect$$libinit$$0000001F)
    __rt_lib_init_getenv_1                   0x08000227   Thumb Code     0  libinit2.o(.ARM.Collect$$libinit$$00000023)
    __rt_lib_init_heap_1                     0x08000227   Thumb Code     0  libinit2.o(.ARM.Collect$$libinit$$0000000A)
    __rt_lib_init_lc_collate_1               0x08000227   Thumb Code     0  libinit2.o(.ARM.Collect$$libinit$$00000011)
    __rt_lib_init_lc_ctype_1                 0x08000227   Thumb Code     0  libinit2.o(.ARM.Collect$$libinit$$00000013)
    __rt_lib_init_lc_monetary_1              0x08000227   Thumb Code     0  libinit2.o(.ARM.Collect$$libinit$$00000015)
    __rt_lib_init_lc_numeric_1               0x08000227   Thumb Code     0  libinit2.o(.ARM.Collect$$libinit$$00000017)
    __rt_lib_init_lc_time_1                  0x08000227   Thumb Code     0  libinit2.o(.ARM.Collect$$libinit$$00000019)
    __rt_lib_init_preinit_1                  0x08000227   Thumb Code     0  libinit2.o(.ARM.Collect$$libinit$$00000004)
    __rt_lib_init_rand_1                     0x08000227   Thumb Code     0  libinit2.o(.ARM.Collect$$libinit$$0000000E)
    __rt_lib_init_return                     0x08000227   Thumb Code     0  libinit2.o(.ARM.Collect$$libinit$$00000033)
    __rt_lib_init_signal_1                   0x08000227   Thumb Code     0  libinit2.o(.ARM.Collect$$libinit$$0000001D)
    __rt_lib_init_stdio_1                    0x08000227   Thumb Code     0  libinit2.o(.ARM.Collect$$libinit$$00000025)
    __rt_lib_init_user_alloc_1               0x08000227   Thumb Code     0  libinit2.o(.ARM.Collect$$libinit$$0000000C)
    __rt_lib_shutdown                        0x08000229   Thumb Code     0  libshutdown.o(.ARM.Collect$$libshutdown$$00000000)
    __rt_lib_shutdown_cpp_1                  0x0800022b   Thumb Code     0  libshutdown2.o(.ARM.Collect$$libshutdown$$00000004)
    __rt_lib_shutdown_fini_1                 0x0800022b   Thumb Code     0  libshutdown2.o(.ARM.Collect$$libshutdown$$00000002)
    __rt_lib_shutdown_fp_trap_1              0x0800022b   Thumb Code     0  libshutdown2.o(.ARM.Collect$$libshutdown$$00000009)
    __rt_lib_shutdown_heap_1                 0x0800022b   Thumb Code     0  libshutdown2.o(.ARM.Collect$$libshutdown$$00000011)
    __rt_lib_shutdown_return                 0x0800022b   Thumb Code     0  libshutdown2.o(.ARM.Collect$$libshutdown$$00000012)
    __rt_lib_shutdown_signal_1               0x0800022b   Thumb Code     0  libshutdown2.o(.ARM.Collect$$libshutdown$$0000000C)
    __rt_lib_shutdown_stdio_1                0x0800022b   Thumb Code     0  libshutdown2.o(.ARM.Collect$$libshutdown$$00000006)
    __rt_lib_shutdown_user_alloc_1           0x0800022b   Thumb Code     0  libshutdown2.o(.ARM.Collect$$libshutdown$$0000000E)
    __rt_entry                               0x0800022d   Thumb Code     0  __rtentry.o(.ARM.Collect$$rtentry$$00000000)
    __rt_entry_presh_1                       0x0800022d   Thumb Code     0  __rtentry2.o(.ARM.Collect$$rtentry$$00000002)
    __rt_entry_sh                            0x0800022d   Thumb Code     0  __rtentry4.o(.ARM.Collect$$rtentry$$00000004)
    __rt_entry_li                            0x08000233   Thumb Code     0  __rtentry2.o(.ARM.Collect$$rtentry$$0000000A)
    __rt_entry_postsh_1                      0x08000233   Thumb Code     0  __rtentry2.o(.ARM.Collect$$rtentry$$00000009)
    __rt_entry_main                          0x08000237   Thumb Code     0  __rtentry2.o(.ARM.Collect$$rtentry$$0000000D)
    __rt_entry_postli_1                      0x08000237   Thumb Code     0  __rtentry2.o(.ARM.Collect$$rtentry$$0000000C)
    __rt_exit                                0x0800023f   Thumb Code     0  rtexit.o(.ARM.Collect$$rtexit$$00000000)
    __rt_exit_ls                             0x08000241   Thumb Code     0  rtexit2.o(.ARM.Collect$$rtexit$$00000003)
    __rt_exit_prels_1                        0x08000241   Thumb Code     0  rtexit2.o(.ARM.Collect$$rtexit$$00000002)
    __rt_exit_exit                           0x08000245   Thumb Code     0  rtexit2.o(.ARM.Collect$$rtexit$$00000004)
    SVC_Handler                              0x0800024d   Thumb Code    28  port.o(.emb_text)
    __asm___6_port_c_39a90d8d__prvStartFirstTask 0x0800026d   Thumb Code    36  port.o(.emb_text)
    __asm___6_port_c_39a90d8d__prvEnableVFP  0x08000295   Thumb Code    16  port.o(.emb_text)
    PendSV_Handler                           0x080002a9   Thumb Code    88  port.o(.emb_text)
    vPortGetIPSR                             0x08000305   Thumb Code     6  port.o(.emb_text)
    Reset_Handler                            0x0800030d   Thumb Code     8  startup_stm32f427xx.o(.text)
    ADC_IRQHandler                           0x08000327   Thumb Code     0  startup_stm32f427xx.o(.text)
    CAN1_RX0_IRQHandler                      0x08000327   Thumb Code     0  startup_stm32f427xx.o(.text)
    CAN1_RX1_IRQHandler                      0x08000327   Thumb Code     0  startup_stm32f427xx.o(.text)
    CAN1_SCE_IRQHandler                      0x08000327   Thumb Code     0  startup_stm32f427xx.o(.text)
    CAN1_TX_IRQHandler                       0x08000327   Thumb Code     0  startup_stm32f427xx.o(.text)
    CAN2_RX0_IRQHandler                      0x08000327   Thumb Code     0  startup_stm32f427xx.o(.text)
    CAN2_RX1_IRQHandler                      0x08000327   Thumb Code     0  startup_stm32f427xx.o(.text)
    CAN2_SCE_IRQHandler                      0x08000327   Thumb Code     0  startup_stm32f427xx.o(.text)
    CAN2_TX_IRQHandler                       0x08000327   Thumb Code     0  startup_stm32f427xx.o(.text)
    DCMI_IRQHandler                          0x08000327   Thumb Code     0  startup_stm32f427xx.o(.text)
    DMA1_Stream0_IRQHandler                  0x08000327   Thumb Code     0  startup_stm32f427xx.o(.text)
    DMA1_Stream1_IRQHandler                  0x08000327   Thumb Code     0  startup_stm32f427xx.o(.text)
    DMA1_Stream2_IRQHandler                  0x08000327   Thumb Code     0  startup_stm32f427xx.o(.text)
    DMA1_Stream3_IRQHandler                  0x08000327   Thumb Code     0  startup_stm32f427xx.o(.text)
    DMA1_Stream4_IRQHandler                  0x08000327   Thumb Code     0  startup_stm32f427xx.o(.text)
    DMA1_Stream5_IRQHandler                  0x08000327   Thumb Code     0  startup_stm32f427xx.o(.text)
    DMA1_Stream6_IRQHandler                  0x08000327   Thumb Code     0  startup_stm32f427xx.o(.text)
    DMA1_Stream7_IRQHandler                  0x08000327   Thumb Code     0  startup_stm32f427xx.o(.text)
    DMA2D_IRQHandler                         0x08000327   Thumb Code     0  startup_stm32f427xx.o(.text)
    DMA2_Stream0_IRQHandler                  0x08000327   Thumb Code     0  startup_stm32f427xx.o(.text)
    DMA2_Stream1_IRQHandler                  0x08000327   Thumb Code     0  startup_stm32f427xx.o(.text)
    DMA2_Stream3_IRQHandler                  0x08000327   Thumb Code     0  startup_stm32f427xx.o(.text)
    DMA2_Stream4_IRQHandler                  0x08000327   Thumb Code     0  startup_stm32f427xx.o(.text)
    DMA2_Stream5_IRQHandler                  0x08000327   Thumb Code     0  startup_stm32f427xx.o(.text)
    DMA2_Stream6_IRQHandler                  0x08000327   Thumb Code     0  startup_stm32f427xx.o(.text)
    DMA2_Stream7_IRQHandler                  0x08000327   Thumb Code     0  startup_stm32f427xx.o(.text)
    ETH_IRQHandler                           0x08000327   Thumb Code     0  startup_stm32f427xx.o(.text)
    ETH_WKUP_IRQHandler                      0x08000327   Thumb Code     0  startup_stm32f427xx.o(.text)
    EXTI0_IRQHandler                         0x08000327   Thumb Code     0  startup_stm32f427xx.o(.text)
    EXTI15_10_IRQHandler                     0x08000327   Thumb Code     0  startup_stm32f427xx.o(.text)
    EXTI1_IRQHandler                         0x08000327   Thumb Code     0  startup_stm32f427xx.o(.text)
    EXTI2_IRQHandler                         0x08000327   Thumb Code     0  startup_stm32f427xx.o(.text)
    EXTI3_IRQHandler                         0x08000327   Thumb Code     0  startup_stm32f427xx.o(.text)
    EXTI4_IRQHandler                         0x08000327   Thumb Code     0  startup_stm32f427xx.o(.text)
    EXTI9_5_IRQHandler                       0x08000327   Thumb Code     0  startup_stm32f427xx.o(.text)
    FLASH_IRQHandler                         0x08000327   Thumb Code     0  startup_stm32f427xx.o(.text)
    FMC_IRQHandler                           0x08000327   Thumb Code     0  startup_stm32f427xx.o(.text)
    FPU_IRQHandler                           0x08000327   Thumb Code     0  startup_stm32f427xx.o(.text)
    HASH_RNG_IRQHandler                      0x08000327   Thumb Code     0  startup_stm32f427xx.o(.text)
    I2C1_ER_IRQHandler                       0x08000327   Thumb Code     0  startup_stm32f427xx.o(.text)
    I2C1_EV_IRQHandler                       0x08000327   Thumb Code     0  startup_stm32f427xx.o(.text)
    I2C2_ER_IRQHandler                       0x08000327   Thumb Code     0  startup_stm32f427xx.o(.text)
    I2C2_EV_IRQHandler                       0x08000327   Thumb Code     0  startup_stm32f427xx.o(.text)
    I2C3_ER_IRQHandler                       0x08000327   Thumb Code     0  startup_stm32f427xx.o(.text)
    I2C3_EV_IRQHandler                       0x08000327   Thumb Code     0  startup_stm32f427xx.o(.text)
    OTG_FS_IRQHandler                        0x08000327   Thumb Code     0  startup_stm32f427xx.o(.text)
    OTG_FS_WKUP_IRQHandler                   0x08000327   Thumb Code     0  startup_stm32f427xx.o(.text)
    OTG_HS_EP1_IN_IRQHandler                 0x08000327   Thumb Code     0  startup_stm32f427xx.o(.text)
    OTG_HS_EP1_OUT_IRQHandler                0x08000327   Thumb Code     0  startup_stm32f427xx.o(.text)
    OTG_HS_IRQHandler                        0x08000327   Thumb Code     0  startup_stm32f427xx.o(.text)
    OTG_HS_WKUP_IRQHandler                   0x08000327   Thumb Code     0  startup_stm32f427xx.o(.text)
    PVD_IRQHandler                           0x08000327   Thumb Code     0  startup_stm32f427xx.o(.text)
    RCC_IRQHandler                           0x08000327   Thumb Code     0  startup_stm32f427xx.o(.text)
    RTC_Alarm_IRQHandler                     0x08000327   Thumb Code     0  startup_stm32f427xx.o(.text)
    RTC_WKUP_IRQHandler                      0x08000327   Thumb Code     0  startup_stm32f427xx.o(.text)
    SAI1_IRQHandler                          0x08000327   Thumb Code     0  startup_stm32f427xx.o(.text)
    SDIO_IRQHandler                          0x08000327   Thumb Code     0  startup_stm32f427xx.o(.text)
    SPI1_IRQHandler                          0x08000327   Thumb Code     0  startup_stm32f427xx.o(.text)
    SPI2_IRQHandler                          0x08000327   Thumb Code     0  startup_stm32f427xx.o(.text)
    SPI3_IRQHandler                          0x08000327   Thumb Code     0  startup_stm32f427xx.o(.text)
    SPI4_IRQHandler                          0x08000327   Thumb Code     0  startup_stm32f427xx.o(.text)
    SPI5_IRQHandler                          0x08000327   Thumb Code     0  startup_stm32f427xx.o(.text)
    SPI6_IRQHandler                          0x08000327   Thumb Code     0  startup_stm32f427xx.o(.text)
    TAMP_STAMP_IRQHandler                    0x08000327   Thumb Code     0  startup_stm32f427xx.o(.text)
    TIM1_BRK_TIM9_IRQHandler                 0x08000327   Thumb Code     0  startup_stm32f427xx.o(.text)
    TIM1_CC_IRQHandler                       0x08000327   Thumb Code     0  startup_stm32f427xx.o(.text)
    TIM1_TRG_COM_TIM11_IRQHandler            0x08000327   Thumb Code     0  startup_stm32f427xx.o(.text)
    TIM1_UP_TIM10_IRQHandler                 0x08000327   Thumb Code     0  startup_stm32f427xx.o(.text)
    TIM2_IRQHandler                          0x08000327   Thumb Code     0  startup_stm32f427xx.o(.text)
    TIM3_IRQHandler                          0x08000327   Thumb Code     0  startup_stm32f427xx.o(.text)
    TIM4_IRQHandler                          0x08000327   Thumb Code     0  startup_stm32f427xx.o(.text)
    TIM5_IRQHandler                          0x08000327   Thumb Code     0  startup_stm32f427xx.o(.text)
    TIM7_IRQHandler                          0x08000327   Thumb Code     0  startup_stm32f427xx.o(.text)
    TIM8_BRK_TIM12_IRQHandler                0x08000327   Thumb Code     0  startup_stm32f427xx.o(.text)
    TIM8_CC_IRQHandler                       0x08000327   Thumb Code     0  startup_stm32f427xx.o(.text)
    TIM8_TRG_COM_TIM14_IRQHandler            0x08000327   Thumb Code     0  startup_stm32f427xx.o(.text)
    TIM8_UP_TIM13_IRQHandler                 0x08000327   Thumb Code     0  startup_stm32f427xx.o(.text)
    UART4_IRQHandler                         0x08000327   Thumb Code     0  startup_stm32f427xx.o(.text)
    UART5_IRQHandler                         0x08000327   Thumb Code     0  startup_stm32f427xx.o(.text)
    UART7_IRQHandler                         0x08000327   Thumb Code     0  startup_stm32f427xx.o(.text)
    UART8_IRQHandler                         0x08000327   Thumb Code     0  startup_stm32f427xx.o(.text)
    USART2_IRQHandler                        0x08000327   Thumb Code     0  startup_stm32f427xx.o(.text)
    USART3_IRQHandler                        0x08000327   Thumb Code     0  startup_stm32f427xx.o(.text)
    USART6_IRQHandler                        0x08000327   Thumb Code     0  startup_stm32f427xx.o(.text)
    WWDG_IRQHandler                          0x08000327   Thumb Code     0  startup_stm32f427xx.o(.text)
    __user_initial_stackheap                 0x08000329   Thumb Code     0  startup_stm32f427xx.o(.text)
    __aeabi_uldivmod                         0x0800034d   Thumb Code     0  lludivv7m.o(.text)
    _ll_udiv                                 0x0800034d   Thumb Code   238  lludivv7m.o(.text)
    __aeabi_memcpy4                          0x0800043b   Thumb Code     0  rt_memcpy_w.o(.text)
    __aeabi_memcpy8                          0x0800043b   Thumb Code     0  rt_memcpy_w.o(.text)
    __rt_memcpy_w                            0x0800043b   Thumb Code   100  rt_memcpy_w.o(.text)
    _memcpy_lastbytes_aligned                0x08000483   Thumb Code     0  rt_memcpy_w.o(.text)
    __aeabi_memclr4                          0x0800049f   Thumb Code     0  rt_memclr_w.o(.text)
    __aeabi_memclr8                          0x0800049f   Thumb Code     0  rt_memclr_w.o(.text)
    __rt_memclr_w                            0x0800049f   Thumb Code    78  rt_memclr_w.o(.text)
    _memset_w                                0x080004a3   Thumb Code     0  rt_memclr_w.o(.text)
    __use_two_region_memory                  0x080004ed   Thumb Code     2  heapauxi.o(.text)
    __rt_heap_escrow$2region                 0x080004ef   Thumb Code     2  heapauxi.o(.text)
    __rt_heap_expand$2region                 0x080004f1   Thumb Code     2  heapauxi.o(.text)
    __read_errno                             0x080004f3   Thumb Code    10  _rserrno.o(.text)
    __set_errno                              0x080004fd   Thumb Code    12  _rserrno.o(.text)
    __aeabi_errno_addr                       0x08000509   Thumb Code     8  rt_errno_addr_intlibspace.o(.text)
    __errno$intlibspace                      0x08000509   Thumb Code     0  rt_errno_addr_intlibspace.o(.text)
    __rt_errno_addr$intlibspace              0x08000509   Thumb Code     0  rt_errno_addr_intlibspace.o(.text)
    __user_libspace                          0x08000511   Thumb Code     8  libspace.o(.text)
    __user_perproc_libspace                  0x08000511   Thumb Code     0  libspace.o(.text)
    __user_perthread_libspace                0x08000511   Thumb Code     0  libspace.o(.text)
    __user_setup_stackheap                   0x08000519   Thumb Code    74  sys_stackheap_outer.o(.text)
    exit                                     0x08000563   Thumb Code    18  exit.o(.text)
    _sys_exit                                0x08000575   Thumb Code     8  sys_exit.o(.text)
    __I$use$semihosting                      0x08000581   Thumb Code     0  use_no_semi.o(.text)
    __use_no_semihosting_swi                 0x08000581   Thumb Code     2  use_no_semi.o(.text)
    __semihosting_library_function           0x08000583   Thumb Code     0  indicate_semi.o(.text)
    Board_A_IMU_Calc_Angle                   0x08000585   Thumb Code   154  board_a_imu.o(i.Board_A_IMU_Calc_Angle)
    Board_A_IMU_Calibrate                    0x08000631   Thumb Code   156  board_a_imu.o(i.Board_A_IMU_Calibrate)
    Board_A_IMU_Init                         0x08000761   Thumb Code    56  board_a_imu.o(i.Board_A_IMU_Init)
    Board_A_IMU_Read_Data                    0x080007f9   Thumb Code   404  board_a_imu.o(i.Board_A_IMU_Read_Data)
    Board_A_IMU_Reset                        0x0800099d   Thumb Code    22  board_a_imu.o(i.Board_A_IMU_Reset)
    Board_A_IMU_Temp_Control                 0x080009b9   Thumb Code    34  imu_temp_control.o(i.Board_A_IMU_Temp_Control)
    Board_A_IMU_Temp_Control_Init            0x080009e9   Thumb Code     8  imu_temp_control.o(i.Board_A_IMU_Temp_Control_Init)
    BusFault_Handler                         0x08000a49   Thumb Code     2  stm32f4xx_it.o(i.BusFault_Handler)
    Check_DR16                               0x08000a4d   Thumb Code    22  dr16_remote.o(i.Check_DR16)
    DMA2_Stream2_IRQHandler                  0x08000a69   Thumb Code     2  stm32f4xx_it.o(i.DMA2_Stream2_IRQHandler)
    DR16_Data_Process                        0x08000b11   Thumb Code   200  dr16_remote.o(i.DR16_Data_Process)
    DR16_Handler                             0x08000bdd   Thumb Code    54  dr16_remote.o(i.DR16_Handler)
    DR16_USART_Receive_DMA                   0x08000c19   Thumb Code    72  dr16_remote.o(i.DR16_USART_Receive_DMA)
    DebugMon_Handler                         0x08000c65   Thumb Code     2  stm32f4xx_it.o(i.DebugMon_Handler)
    Error_Handler                            0x08000c67   Thumb Code     4  main.o(i.Error_Handler)
    FusionAhrsGetQuaternion                  0x08000c6b   Thumb Code     8  fusionahrs.o(i.FusionAhrsGetQuaternion)
    FusionAhrsInitialise                     0x08000c75   Thumb Code    28  fusionahrs.o(i.FusionAhrsInitialise)
    FusionAhrsReset                          0x08000c95   Thumb Code    70  fusionahrs.o(i.FusionAhrsReset)
    FusionAhrsSetHeading                     0x08000ce1   Thumb Code   202  fusionahrs.o(i.FusionAhrsSetHeading)
    FusionAhrsSetSettings                    0x08000dad   Thumb Code   172  fusionahrs.o(i.FusionAhrsSetSettings)
    FusionAhrsUpdate                         0x08000e5d   Thumb Code   872  fusionahrs.o(i.FusionAhrsUpdate)
    FusionAhrsUpdateNoMagnetometer           0x080011c5   Thumb Code    58  fusionahrs.o(i.FusionAhrsUpdateNoMagnetometer)
    FusionCompassCalculateHeading            0x08001205   Thumb Code    76  fusioncompass.o(i.FusionCompassCalculateHeading)
    General_Init                             0x0800146d   Thumb Code    44  freertos.o(i.General_Init)
    HAL_DMA_Init                             0x080014b1   Thumb Code   206  stm32f4xx_hal_dma.o(i.HAL_DMA_Init)
    HAL_DMA_Start                            0x08001585   Thumb Code    70  stm32f4xx_hal_dma.o(i.HAL_DMA_Start)
    HAL_Delay                                0x080015cd   Thumb Code    32  stm32f4xx_hal.o(i.HAL_Delay)
    HAL_GPIO_Init                            0x080015f1   Thumb Code   510  stm32f4xx_hal_gpio.o(i.HAL_GPIO_Init)
    HAL_GPIO_WritePin                        0x08001825   Thumb Code    10  stm32f4xx_hal_gpio.o(i.HAL_GPIO_WritePin)
    HAL_GetTick                              0x08001831   Thumb Code     6  stm32f4xx_hal.o(i.HAL_GetTick)
    HAL_IncTick                              0x0800183d   Thumb Code    12  stm32f4xx_hal.o(i.HAL_IncTick)
    HAL_Init                                 0x0800184d   Thumb Code    48  stm32f4xx_hal.o(i.HAL_Init)
    HAL_InitTick                             0x08001881   Thumb Code   132  stm32f4xx_hal_timebase_tim.o(i.HAL_InitTick)
    HAL_MspInit                              0x08001919   Thumb Code    52  stm32f4xx_hal_msp.o(i.HAL_MspInit)
    HAL_NVIC_EnableIRQ                       0x08001951   Thumb Code    26  stm32f4xx_hal_cortex.o(i.HAL_NVIC_EnableIRQ)
    HAL_NVIC_SetPriority                     0x0800196d   Thumb Code    60  stm32f4xx_hal_cortex.o(i.HAL_NVIC_SetPriority)
    HAL_NVIC_SetPriorityGrouping             0x080019ad   Thumb Code    26  stm32f4xx_hal_cortex.o(i.HAL_NVIC_SetPriorityGrouping)
    HAL_PWREx_EnableOverDrive                0x080019d1   Thumb Code    98  stm32f4xx_hal_pwr_ex.o(i.HAL_PWREx_EnableOverDrive)
    HAL_RCC_ClockConfig                      0x08001a41   Thumb Code   288  stm32f4xx_hal_rcc.o(i.HAL_RCC_ClockConfig)
    HAL_RCC_GetClockConfig                   0x08001b75   Thumb Code    54  stm32f4xx_hal_rcc.o(i.HAL_RCC_GetClockConfig)
    HAL_RCC_GetPCLK1Freq                     0x08001bb5   Thumb Code    20  stm32f4xx_hal_rcc.o(i.HAL_RCC_GetPCLK1Freq)
    HAL_RCC_GetPCLK2Freq                     0x08001bd5   Thumb Code    20  stm32f4xx_hal_rcc.o(i.HAL_RCC_GetPCLK2Freq)
    HAL_RCC_GetSysClockFreq                  0x08001bf5   Thumb Code    88  stm32f4xx_hal_rcc.o(i.HAL_RCC_GetSysClockFreq)
    HAL_RCC_OscConfig                        0x08001c59   Thumb Code   856  stm32f4xx_hal_rcc.o(i.HAL_RCC_OscConfig)
    HAL_SPI_Init                             0x08001fc5   Thumb Code   188  stm32f4xx_hal_spi.o(i.HAL_SPI_Init)
    HAL_SPI_MspInit                          0x08002081   Thumb Code    94  spi.o(i.HAL_SPI_MspInit)
    HAL_SPI_TransmitReceive                  0x080020ed   Thumb Code   482  stm32f4xx_hal_spi.o(i.HAL_SPI_TransmitReceive)
    HAL_TIMEx_BreakCallback                  0x080022cf   Thumb Code     2  stm32f4xx_hal_tim_ex.o(i.HAL_TIMEx_BreakCallback)
    HAL_TIMEx_CommutCallback                 0x080022d1   Thumb Code     2  stm32f4xx_hal_tim_ex.o(i.HAL_TIMEx_CommutCallback)
    HAL_TIMEx_MasterConfigSynchronization    0x080022d5   Thumb Code   116  stm32f4xx_hal_tim_ex.o(i.HAL_TIMEx_MasterConfigSynchronization)
    HAL_TIM_Base_Init                        0x08002365   Thumb Code    90  stm32f4xx_hal_tim.o(i.HAL_TIM_Base_Init)
    HAL_TIM_Base_MspInit                     0x080023c1   Thumb Code    64  tim.o(i.HAL_TIM_Base_MspInit)
    HAL_TIM_Base_Start_IT                    0x08002411   Thumb Code   100  stm32f4xx_hal_tim.o(i.HAL_TIM_Base_Start_IT)
    HAL_TIM_ConfigClockSource                0x08002491   Thumb Code   220  stm32f4xx_hal_tim.o(i.HAL_TIM_ConfigClockSource)
    HAL_TIM_IC_CaptureCallback               0x0800256d   Thumb Code     2  stm32f4xx_hal_tim.o(i.HAL_TIM_IC_CaptureCallback)
    HAL_TIM_IRQHandler                       0x0800256f   Thumb Code   358  stm32f4xx_hal_tim.o(i.HAL_TIM_IRQHandler)
    HAL_TIM_MspPostInit                      0x080026d5   Thumb Code    68  tim.o(i.HAL_TIM_MspPostInit)
    HAL_TIM_OC_DelayElapsedCallback          0x08002725   Thumb Code     2  stm32f4xx_hal_tim.o(i.HAL_TIM_OC_DelayElapsedCallback)
    HAL_TIM_PWM_ConfigChannel                0x08002727   Thumb Code   204  stm32f4xx_hal_tim.o(i.HAL_TIM_PWM_ConfigChannel)
    HAL_TIM_PWM_Init                         0x080027f3   Thumb Code    90  stm32f4xx_hal_tim.o(i.HAL_TIM_PWM_Init)
    HAL_TIM_PWM_MspInit                      0x0800284d   Thumb Code     2  stm32f4xx_hal_tim.o(i.HAL_TIM_PWM_MspInit)
    HAL_TIM_PWM_PulseFinishedCallback        0x0800284f   Thumb Code     2  stm32f4xx_hal_tim.o(i.HAL_TIM_PWM_PulseFinishedCallback)
    HAL_TIM_PWM_Start                        0x08002851   Thumb Code   172  stm32f4xx_hal_tim.o(i.HAL_TIM_PWM_Start)
    HAL_TIM_PeriodElapsedCallback            0x08002919   Thumb Code    14  main.o(i.HAL_TIM_PeriodElapsedCallback)
    HAL_TIM_TriggerCallback                  0x0800292d   Thumb Code     2  stm32f4xx_hal_tim.o(i.HAL_TIM_TriggerCallback)
    HAL_UART_Init                            0x0800292f   Thumb Code    98  stm32f4xx_hal_uart.o(i.HAL_UART_Init)
    HAL_UART_MspInit                         0x08002991   Thumb Code   158  usart.o(i.HAL_UART_MspInit)
    HardFault_Handler                        0x08002a45   Thumb Code     2  stm32f4xx_it.o(i.HardFault_Handler)
    Key_State_Clear                          0x08002c03   Thumb Code    10  dr16_remote.o(i.Key_State_Clear)
    Key_State_Detect                         0x08002c0d   Thumb Code    32  dr16_remote.o(i.Key_State_Detect)
    Keyboard_Data_Process                    0x08002c2d   Thumb Code   376  dr16_remote.o(i.Keyboard_Data_Process)
    MX_DMA_Init                              0x08002da9   Thumb Code    40  dma.o(i.MX_DMA_Init)
    MX_FREERTOS_Init                         0x08002dd5   Thumb Code    74  freertos.o(i.MX_FREERTOS_Init)
    MX_GPIO_Init                             0x08002e29   Thumb Code   116  gpio.o(i.MX_GPIO_Init)
    MX_SPI5_Init                             0x08002ea5   Thumb Code    62  spi.o(i.MX_SPI5_Init)
    MX_TIM3_Init                             0x08002eed   Thumb Code   142  tim.o(i.MX_TIM3_Init)
    MX_TIM5_Init                             0x08002f85   Thumb Code    92  tim.o(i.MX_TIM5_Init)
    MX_TIM8_Init                             0x08002fe9   Thumb Code    96  tim.o(i.MX_TIM8_Init)
    MX_USART1_UART_Init                      0x08003051   Thumb Code    46  usart.o(i.MX_USART1_UART_Init)
    MemManage_Handler                        0x0800308d   Thumb Code     2  stm32f4xx_it.o(i.MemManage_Handler)
    Motors_Change_Direction                  0x0800308f   Thumb Code     2  motors.o(i.Motors_Change_Direction)
    Motors_Init                              0x08003091   Thumb Code     2  motors.o(i.Motors_Init)
    Motors_Send_PWM                          0x08003093   Thumb Code     2  motors.o(i.Motors_Send_PWM)
    NMI_Handler                              0x08003095   Thumb Code     2  stm32f4xx_it.o(i.NMI_Handler)
    Robot_Control                            0x08003099   Thumb Code    28  freertos.o(i.Robot_Control)
    Robot_Get_Data                           0x080030b9   Thumb Code     2  robot_control.o(i.Robot_Get_Data)
    Robot_In_Control                         0x080030bb   Thumb Code     2  robot_control.o(i.Robot_In_Control)
    StartIMUTask                             0x080031cd   Thumb Code    38  freertos.o(i.StartIMUTask)
    SysTick_Handler                          0x08003201   Thumb Code    38  port.o(i.SysTick_Handler)
    SystemClock_Config                       0x0800322d   Thumb Code   150  main.o(i.SystemClock_Config)
    SystemInit                               0x080032cd   Thumb Code    12  system_stm32f4xx.o(i.SystemInit)
    TIM6_DAC_IRQHandler                      0x080032dd   Thumb Code     6  stm32f4xx_it.o(i.TIM6_DAC_IRQHandler)
    TIM_Base_SetConfig                       0x080032e9   Thumb Code   156  stm32f4xx_hal_tim.o(i.TIM_Base_SetConfig)
    TIM_CCxChannelCmd                        0x080033b1   Thumb Code    26  stm32f4xx_hal_tim.o(i.TIM_CCxChannelCmd)
    TIM_ETR_SetConfig                        0x080033cb   Thumb Code    20  stm32f4xx_hal_tim.o(i.TIM_ETR_SetConfig)
    TIM_OC2_SetConfig                        0x08003451   Thumb Code    98  stm32f4xx_hal_tim.o(i.TIM_OC2_SetConfig)
    USART1_IRQHandler                        0x080036c9   Thumb Code    36  stm32f4xx_it.o(i.USART1_IRQHandler)
    UsageFault_Handler                       0x080036f5   Thumb Code     2  stm32f4xx_it.o(i.UsageFault_Handler)
    __ARM_fpclassifyf                        0x080036f7   Thumb Code    38  fpclassifyf.o(i.__ARM_fpclassifyf)
    __hardfp_asinf                           0x0800373d   Thumb Code   258  asinf.o(i.__hardfp_asinf)
    __hardfp_atan2f                          0x08003869   Thumb Code   594  atan2f.o(i.__hardfp_atan2f)
    __hardfp_cosf                            0x08003b15   Thumb Code   280  cosf.o(i.__hardfp_cosf)
    __hardfp_powf                            0x08003c65   Thumb Code  1606  powf.o(i.__hardfp_powf)
    __mathlib_powf                           0x08003c65   Thumb Code     0  powf.o(i.__hardfp_powf)
    __hardfp_sinf                            0x080042c9   Thumb Code   344  sinf.o(i.__hardfp_sinf)
    __mathlib_flt_divzero                    0x08004459   Thumb Code    14  funder.o(i.__mathlib_flt_divzero)
    __mathlib_flt_infnan                     0x0800446d   Thumb Code     6  funder.o(i.__mathlib_flt_infnan)
    __mathlib_flt_infnan2                    0x08004473   Thumb Code     6  funder.o(i.__mathlib_flt_infnan2)
    __mathlib_flt_invalid                    0x08004479   Thumb Code    10  funder.o(i.__mathlib_flt_invalid)
    __mathlib_flt_overflow                   0x08004489   Thumb Code    10  funder.o(i.__mathlib_flt_overflow)
    __mathlib_flt_underflow                  0x08004499   Thumb Code    10  funder.o(i.__mathlib_flt_underflow)
    __mathlib_rredf2                         0x080044a9   Thumb Code   316  rredf.o(i.__mathlib_rredf2)
    main                                     0x080045fd   Thumb Code    46  main.o(i.main)
    osKernelStart                            0x08004637   Thumb Code    10  cmsis_os.o(i.osKernelStart)
    osThreadCreate                           0x08004641   Thumb Code    84  cmsis_os.o(i.osThreadCreate)
    pvPortMalloc                             0x080049e1   Thumb Code   216  heap_4.o(i.pvPortMalloc)
    pxPortInitialiseStack                    0x08004abd   Thumb Code    40  port.o(i.pxPortInitialiseStack)
    sqrtf                                    0x08004ae9   Thumb Code    62  sqrtf.o(i.sqrtf)
    uxListRemove                             0x08004b27   Thumb Code    38  list.o(i.uxListRemove)
    vApplicationGetIdleTaskMemory            0x08004b4d   Thumb Code    16  freertos.o(i.vApplicationGetIdleTaskMemory)
    vListInitialise                          0x08004b61   Thumb Code    22  list.o(i.vListInitialise)
    vListInitialiseItem                      0x08004b77   Thumb Code     6  list.o(i.vListInitialiseItem)
    vListInsert                              0x08004b7d   Thumb Code    48  list.o(i.vListInsert)
    vListInsertEnd                           0x08004bad   Thumb Code    24  list.o(i.vListInsertEnd)
    vPortEnterCritical                       0x08004bc5   Thumb Code    54  port.o(i.vPortEnterCritical)
    vPortExitCritical                        0x08004c05   Thumb Code    34  port.o(i.vPortExitCritical)
    vPortFree                                0x08004c2d   Thumb Code    94  heap_4.o(i.vPortFree)
    vPortSetupTimerInterrupt                 0x08004c91   Thumb Code    32  port.o(i.vPortSetupTimerInterrupt)
    vTaskDelayUntil                          0x08004cb5   Thumb Code   132  tasks.o(i.vTaskDelayUntil)
    vTaskDelete                              0x08004d41   Thumb Code   158  tasks.o(i.vTaskDelete)
    vTaskStartScheduler                      0x08004ded   Thumb Code    90  tasks.o(i.vTaskStartScheduler)
    vTaskSuspendAll                          0x08004e59   Thumb Code    10  tasks.o(i.vTaskSuspendAll)
    vTaskSwitchContext                       0x08004e69   Thumb Code    82  tasks.o(i.vTaskSwitchContext)
    xPortStartScheduler                      0x08004ec5   Thumb Code   222  port.o(i.xPortStartScheduler)
    xTaskCreate                              0x08004fb9   Thumb Code    90  tasks.o(i.xTaskCreate)
    xTaskCreateStatic                        0x08005013   Thumb Code    86  tasks.o(i.xTaskCreateStatic)
    xTaskGetTickCount                        0x08005069   Thumb Code     6  tasks.o(i.xTaskGetTickCount)
    xTaskIncrementTick                       0x08005075   Thumb Code   194  tasks.o(i.xTaskIncrementTick)
    xTaskResumeAll                           0x08005141   Thumb Code   182  tasks.o(i.xTaskResumeAll)
    _fp_init                                 0x08005205   Thumb Code    10  fpinit.o(x$fpl$fpinit)
    __fplib_config_fpu_vfp                   0x0800520d   Thumb Code     0  fpinit.o(x$fpl$fpinit)
    __fplib_config_pureend_doubles           0x0800520d   Thumb Code     0  fpinit.o(x$fpl$fpinit)
    __I$use$fp                               0x0800520e   Number         0  usenofp.o(x$fpl$usenofp)
    AHBPrescTable                            0x0800526c   Data          16  system_stm32f4xx.o(.constdata)
    APBPrescTable                            0x0800527c   Data           8  system_stm32f4xx.o(.constdata)
    Region$$Table$$Base                      0x08005440   Number         0  anon$$obj.o(Region$$Table)
    Region$$Table$$Limit                     0x08005460   Number         0  anon$$obj.o(Region$$Table)
    Task_IMUHandle                           0x20000000   Data           4  freertos.o(.data)
    Task_InitHandle                          0x20000004   Data           4  freertos.o(.data)
    Task_Robot_CtrlHandle                    0x20000008   Data           4  freertos.o(.data)
    uwTickFreq                               0x2000000c   Data           1  stm32f4xx_hal.o(.data)
    uwTickPrio                               0x20000010   Data           4  stm32f4xx_hal.o(.data)
    uwTick                                   0x20000014   Data           4  stm32f4xx_hal.o(.data)
    SystemCoreClock                          0x20000018   Data           4  system_stm32f4xx.o(.data)
    pxCurrentTCB                             0x2000001c   Data           4  tasks.o(.data)
    IMU_Temp_Control_Func                    0x20000084   Data           8  imu_temp_control.o(.data)
    Robot_Func                               0x2000008c   Data           8  robot_control.o(.data)
    Board_A_IMU_Func                         0x20000094   Data          20  board_a_imu.o(.data)
    DR16_Func                                0x200000b8   Data          28  dr16_remote.o(.data)
    Motors_Func                              0x200000d4   Data          12  motors.o(.data)
    hspi5                                    0x20000334   Data          88  spi.o(.bss)
    htim3                                    0x2000038c   Data          72  tim.o(.bss)
    htim5                                    0x200003d4   Data          72  tim.o(.bss)
    htim8                                    0x2000041c   Data          72  tim.o(.bss)
    huart1                                   0x20000464   Data          68  usart.o(.bss)
    hdma_usart1_rx                           0x200004a8   Data          96  usart.o(.bss)
    htim6                                    0x20000508   Data          72  stm32f4xx_hal_timebase_tim.o(.bss)
    Board_A_IMU                              0x20004240   Data         152  board_a_imu.o(.bss)
    Board_A_IMU_AHRS                         0x200042d8   Data         100  board_a_imu.o(.bss)
    DR16_Export_Data                         0x2000433c   Data          96  dr16_remote.o(.bss)
    __libspace_start                         0x2000439c   Data          96  libspace.o(.bss)
    __temporary_stack_top$libspace           0x200043fc   Data           0  libspace.o(.bss)



==============================================================================

Memory Map of the image

  Image Entry point : 0x080001ad

  Load Region LR_IROM1 (Base: 0x08000000, Size: 0x00005540, Max: 0x00200000, ABSOLUTE)

    Execution Region ER_IROM1 (Exec base: 0x08000000, Load base: 0x08000000, Size: 0x00005460, Max: 0x00200000, ABSOLUTE)

    Exec Addr    Load Addr    Size         Type   Attr      Idx    E Section Name        Object

    0x08000000   0x08000000   0x000001ac   Data   RO            3    RESET               startup_stm32f427xx.o
    0x080001ac   0x080001ac   0x00000008   Code   RO         5428  * !!!main             c_w.l(__main.o)
    0x080001b4   0x080001b4   0x00000034   Code   RO         5702    !!!scatter          c_w.l(__scatter.o)
    0x080001e8   0x080001e8   0x0000001a   Code   RO         5704    !!handler_copy      c_w.l(__scatter_copy.o)
    0x08000202   0x08000202   0x00000002   PAD
    0x08000204   0x08000204   0x0000001c   Code   RO         5706    !!handler_zi        c_w.l(__scatter_zi.o)
    0x08000220   0x08000220   0x00000002   Code   RO         5573    .ARM.Collect$$libinit$$00000000  c_w.l(libinit.o)
    0x08000222   0x08000222   0x00000004   Code   RO         5582    .ARM.Collect$$libinit$$00000001  c_w.l(libinit2.o)
    0x08000226   0x08000226   0x00000000   Code   RO         5585    .ARM.Collect$$libinit$$00000004  c_w.l(libinit2.o)
    0x08000226   0x08000226   0x00000000   Code   RO         5588    .ARM.Collect$$libinit$$0000000A  c_w.l(libinit2.o)
    0x08000226   0x08000226   0x00000000   Code   RO         5590    .ARM.Collect$$libinit$$0000000C  c_w.l(libinit2.o)
    0x08000226   0x08000226   0x00000000   Code   RO         5592    .ARM.Collect$$libinit$$0000000E  c_w.l(libinit2.o)
    0x08000226   0x08000226   0x00000000   Code   RO         5595    .ARM.Collect$$libinit$$00000011  c_w.l(libinit2.o)
    0x08000226   0x08000226   0x00000000   Code   RO         5597    .ARM.Collect$$libinit$$00000013  c_w.l(libinit2.o)
    0x08000226   0x08000226   0x00000000   Code   RO         5599    .ARM.Collect$$libinit$$00000015  c_w.l(libinit2.o)
    0x08000226   0x08000226   0x00000000   Code   RO         5601    .ARM.Collect$$libinit$$00000017  c_w.l(libinit2.o)
    0x08000226   0x08000226   0x00000000   Code   RO         5603    .ARM.Collect$$libinit$$00000019  c_w.l(libinit2.o)
    0x08000226   0x08000226   0x00000000   Code   RO         5605    .ARM.Collect$$libinit$$0000001B  c_w.l(libinit2.o)
    0x08000226   0x08000226   0x00000000   Code   RO         5607    .ARM.Collect$$libinit$$0000001D  c_w.l(libinit2.o)
    0x08000226   0x08000226   0x00000000   Code   RO         5609    .ARM.Collect$$libinit$$0000001F  c_w.l(libinit2.o)
    0x08000226   0x08000226   0x00000000   Code   RO         5611    .ARM.Collect$$libinit$$00000021  c_w.l(libinit2.o)
    0x08000226   0x08000226   0x00000000   Code   RO         5613    .ARM.Collect$$libinit$$00000023  c_w.l(libinit2.o)
    0x08000226   0x08000226   0x00000000   Code   RO         5615    .ARM.Collect$$libinit$$00000025  c_w.l(libinit2.o)
    0x08000226   0x08000226   0x00000000   Code   RO         5619    .ARM.Collect$$libinit$$0000002C  c_w.l(libinit2.o)
    0x08000226   0x08000226   0x00000000   Code   RO         5621    .ARM.Collect$$libinit$$0000002E  c_w.l(libinit2.o)
    0x08000226   0x08000226   0x00000000   Code   RO         5623    .ARM.Collect$$libinit$$00000030  c_w.l(libinit2.o)
    0x08000226   0x08000226   0x00000000   Code   RO         5625    .ARM.Collect$$libinit$$00000032  c_w.l(libinit2.o)
    0x08000226   0x08000226   0x00000002   Code   RO         5626    .ARM.Collect$$libinit$$00000033  c_w.l(libinit2.o)
    0x08000228   0x08000228   0x00000002   Code   RO         5657    .ARM.Collect$$libshutdown$$00000000  c_w.l(libshutdown.o)
    0x0800022a   0x0800022a   0x00000000   Code   RO         5683    .ARM.Collect$$libshutdown$$00000002  c_w.l(libshutdown2.o)
    0x0800022a   0x0800022a   0x00000000   Code   RO         5685    .ARM.Collect$$libshutdown$$00000004  c_w.l(libshutdown2.o)
    0x0800022a   0x0800022a   0x00000000   Code   RO         5687    .ARM.Collect$$libshutdown$$00000006  c_w.l(libshutdown2.o)
    0x0800022a   0x0800022a   0x00000000   Code   RO         5690    .ARM.Collect$$libshutdown$$00000009  c_w.l(libshutdown2.o)
    0x0800022a   0x0800022a   0x00000000   Code   RO         5693    .ARM.Collect$$libshutdown$$0000000C  c_w.l(libshutdown2.o)
    0x0800022a   0x0800022a   0x00000000   Code   RO         5695    .ARM.Collect$$libshutdown$$0000000E  c_w.l(libshutdown2.o)
    0x0800022a   0x0800022a   0x00000000   Code   RO         5698    .ARM.Collect$$libshutdown$$00000011  c_w.l(libshutdown2.o)
    0x0800022a   0x0800022a   0x00000002   Code   RO         5699    .ARM.Collect$$libshutdown$$00000012  c_w.l(libshutdown2.o)
    0x0800022c   0x0800022c   0x00000000   Code   RO         5504    .ARM.Collect$$rtentry$$00000000  c_w.l(__rtentry.o)
    0x0800022c   0x0800022c   0x00000000   Code   RO         5536    .ARM.Collect$$rtentry$$00000002  c_w.l(__rtentry2.o)
    0x0800022c   0x0800022c   0x00000006   Code   RO         5548    .ARM.Collect$$rtentry$$00000004  c_w.l(__rtentry4.o)
    0x08000232   0x08000232   0x00000000   Code   RO         5538    .ARM.Collect$$rtentry$$00000009  c_w.l(__rtentry2.o)
    0x08000232   0x08000232   0x00000004   Code   RO         5539    .ARM.Collect$$rtentry$$0000000A  c_w.l(__rtentry2.o)
    0x08000236   0x08000236   0x00000000   Code   RO         5541    .ARM.Collect$$rtentry$$0000000C  c_w.l(__rtentry2.o)
    0x08000236   0x08000236   0x00000008   Code   RO         5542    .ARM.Collect$$rtentry$$0000000D  c_w.l(__rtentry2.o)
    0x0800023e   0x0800023e   0x00000002   Code   RO         5574    .ARM.Collect$$rtexit$$00000000  c_w.l(rtexit.o)
    0x08000240   0x08000240   0x00000000   Code   RO         5630    .ARM.Collect$$rtexit$$00000002  c_w.l(rtexit2.o)
    0x08000240   0x08000240   0x00000004   Code   RO         5631    .ARM.Collect$$rtexit$$00000003  c_w.l(rtexit2.o)
    0x08000244   0x08000244   0x00000006   Code   RO         5632    .ARM.Collect$$rtexit$$00000004  c_w.l(rtexit2.o)
    0x0800024a   0x0800024a   0x00000002   PAD
    0x0800024c   0x0800024c   0x000000be   Code   RO         4800    .emb_text           port.o
    0x0800030a   0x0800030a   0x00000002   PAD
    0x0800030c   0x0800030c   0x00000040   Code   RO            4    .text               startup_stm32f427xx.o
    0x0800034c   0x0800034c   0x000000ee   Code   RO         5416    .text               c_w.l(lludivv7m.o)
    0x0800043a   0x0800043a   0x00000064   Code   RO         5420    .text               c_w.l(rt_memcpy_w.o)
    0x0800049e   0x0800049e   0x0000004e   Code   RO         5424    .text               c_w.l(rt_memclr_w.o)
    0x080004ec   0x080004ec   0x00000006   Code   RO         5426    .text               c_w.l(heapauxi.o)
    0x080004f2   0x080004f2   0x00000016   Code   RO         5509    .text               c_w.l(_rserrno.o)
    0x08000508   0x08000508   0x00000008   Code   RO         5555    .text               c_w.l(rt_errno_addr_intlibspace.o)
    0x08000510   0x08000510   0x00000008   Code   RO         5557    .text               c_w.l(libspace.o)
    0x08000518   0x08000518   0x0000004a   Code   RO         5560    .text               c_w.l(sys_stackheap_outer.o)
    0x08000562   0x08000562   0x00000012   Code   RO         5562    .text               c_w.l(exit.o)
    0x08000574   0x08000574   0x0000000c   Code   RO         5627    .text               c_w.l(sys_exit.o)
    0x08000580   0x08000580   0x00000002   Code   RO         5646    .text               c_w.l(use_no_semi.o)
    0x08000582   0x08000582   0x00000000   Code   RO         5648    .text               c_w.l(indicate_semi.o)
    0x08000582   0x08000582   0x00000002   PAD
    0x08000584   0x08000584   0x000000ac   Code   RO         5007    i.Board_A_IMU_Calc_Angle  board_a_imu.o
    0x08000630   0x08000630   0x000000a0   Code   RO         5008    i.Board_A_IMU_Calibrate  board_a_imu.o
    0x080006d0   0x080006d0   0x0000008e   Code   RO         5009    i.Board_A_IMU_I2C_Config  board_a_imu.o
    0x0800075e   0x0800075e   0x00000002   PAD
    0x08000760   0x08000760   0x0000003c   Code   RO         5010    i.Board_A_IMU_Init  board_a_imu.o
    0x0800079c   0x0800079c   0x0000005c   Code   RO         5011    i.Board_A_IMU_Read_Bytes  board_a_imu.o
    0x080007f8   0x080007f8   0x000001a4   Code   RO         5012    i.Board_A_IMU_Read_Data  board_a_imu.o
    0x0800099c   0x0800099c   0x0000001c   Code   RO         5013    i.Board_A_IMU_Reset  board_a_imu.o
    0x080009b8   0x080009b8   0x00000030   Code   RO         4880    i.Board_A_IMU_Temp_Control  imu_temp_control.o
    0x080009e8   0x080009e8   0x0000000c   Code   RO         4881    i.Board_A_IMU_Temp_Control_Init  imu_temp_control.o
    0x080009f4   0x080009f4   0x00000054   Code   RO         5014    i.Board_A_IMU_Write_Byte  board_a_imu.o
    0x08000a48   0x08000a48   0x00000002   Code   RO          534    i.BusFault_Handler  stm32f4xx_it.o
    0x08000a4a   0x08000a4a   0x00000002   PAD
    0x08000a4c   0x08000a4c   0x0000001c   Code   RO         5121    i.Check_DR16        dr16_remote.o
    0x08000a68   0x08000a68   0x00000002   Code   RO          535    i.DMA2_Stream2_IRQHandler  stm32f4xx_it.o
    0x08000a6a   0x08000a6a   0x00000002   PAD
    0x08000a6c   0x08000a6c   0x00000028   Code   RO         1184    i.DMA_CalcBaseAndBitshift  stm32f4xx_hal_dma.o
    0x08000a94   0x08000a94   0x00000054   Code   RO         1185    i.DMA_CheckFifoParam  stm32f4xx_hal_dma.o
    0x08000ae8   0x08000ae8   0x00000028   Code   RO         1186    i.DMA_SetConfig     stm32f4xx_hal_dma.o
    0x08000b10   0x08000b10   0x000000cc   Code   RO         5122    i.DR16_Data_Process  dr16_remote.o
    0x08000bdc   0x08000bdc   0x0000003c   Code   RO         5123    i.DR16_Handler      dr16_remote.o
    0x08000c18   0x08000c18   0x0000004c   Code   RO         5124    i.DR16_USART_Receive_DMA  dr16_remote.o
    0x08000c64   0x08000c64   0x00000002   Code   RO          536    i.DebugMon_Handler  stm32f4xx_it.o
    0x08000c66   0x08000c66   0x00000004   Code   RO           13    i.Error_Handler     main.o
    0x08000c6a   0x08000c6a   0x00000008   Code   RO         5231    i.FusionAhrsGetQuaternion  fusionahrs.o
    0x08000c72   0x08000c72   0x00000002   PAD
    0x08000c74   0x08000c74   0x00000020   Code   RO         5232    i.FusionAhrsInitialise  fusionahrs.o
    0x08000c94   0x08000c94   0x0000004c   Code   RO         5233    i.FusionAhrsReset   fusionahrs.o
    0x08000ce0   0x08000ce0   0x000000ca   Code   RO         5234    i.FusionAhrsSetHeading  fusionahrs.o
    0x08000daa   0x08000daa   0x00000002   PAD
    0x08000dac   0x08000dac   0x000000b0   Code   RO         5235    i.FusionAhrsSetSettings  fusionahrs.o
    0x08000e5c   0x08000e5c   0x00000368   Code   RO         5236    i.FusionAhrsUpdate  fusionahrs.o
    0x080011c4   0x080011c4   0x00000040   Code   RO         5238    i.FusionAhrsUpdateNoMagnetometer  fusionahrs.o
    0x08001204   0x08001204   0x00000050   Code   RO         5365    i.FusionCompassCalculateHeading  fusioncompass.o
    0x08001254   0x08001254   0x00000010   Code   RO         5240    i.FusionDegreesToRadians  fusionahrs.o
    0x08001264   0x08001264   0x00000034   Code   RO         5241    i.FusionFastInverseSqrt  fusionahrs.o
    0x08001298   0x08001298   0x000000ac   Code   RO         5015    i.FusionQuaternionToEuler  board_a_imu.o
    0x08001344   0x08001344   0x0000000e   Code   RO         5242    i.FusionVectorAdd   fusionahrs.o
    0x08001352   0x08001352   0x00000022   Code   RO         5243    i.FusionVectorCrossProduct  fusionahrs.o
    0x08001374   0x08001374   0x00000022   Code   RO         5366    i.FusionVectorCrossProduct  fusioncompass.o
    0x08001396   0x08001396   0x00000026   Code   RO         5244    i.FusionVectorIsZero  fusionahrs.o
    0x080013bc   0x080013bc   0x00000016   Code   RO         5246    i.FusionVectorMagnitudeSquared  fusionahrs.o
    0x080013d2   0x080013d2   0x0000000e   Code   RO         5247    i.FusionVectorMultiplyScalar  fusionahrs.o
    0x080013e0   0x080013e0   0x00000036   Code   RO         5248    i.FusionVectorNormalise  fusionahrs.o
    0x08001416   0x08001416   0x00000002   PAD
    0x08001418   0x08001418   0x00000054   Code   RO         5367    i.FusionVectorNormalise  fusioncompass.o
    0x0800146c   0x0800146c   0x00000044   Code   RO          239    i.General_Init      freertos.o
    0x080014b0   0x080014b0   0x000000d4   Code   RO         1193    i.HAL_DMA_Init      stm32f4xx_hal_dma.o
    0x08001584   0x08001584   0x00000046   Code   RO         1196    i.HAL_DMA_Start     stm32f4xx_hal_dma.o
    0x080015ca   0x080015ca   0x00000002   PAD
    0x080015cc   0x080015cc   0x00000024   Code   RO         1624    i.HAL_Delay         stm32f4xx_hal.o
    0x080015f0   0x080015f0   0x00000234   Code   RO         1080    i.HAL_GPIO_Init     stm32f4xx_hal_gpio.o
    0x08001824   0x08001824   0x0000000a   Code   RO         1084    i.HAL_GPIO_WritePin  stm32f4xx_hal_gpio.o
    0x0800182e   0x0800182e   0x00000002   PAD
    0x08001830   0x08001830   0x0000000c   Code   RO         1632    i.HAL_GetTick       stm32f4xx_hal.o
    0x0800183c   0x0800183c   0x00000010   Code   RO         1638    i.HAL_IncTick       stm32f4xx_hal.o
    0x0800184c   0x0800184c   0x00000034   Code   RO         1639    i.HAL_Init          stm32f4xx_hal.o
    0x08001880   0x08001880   0x00000098   Code   RO          634    i.HAL_InitTick      stm32f4xx_hal_timebase_tim.o
    0x08001918   0x08001918   0x00000038   Code   RO          610    i.HAL_MspInit       stm32f4xx_hal_msp.o
    0x08001950   0x08001950   0x0000001a   Code   RO         1487    i.HAL_NVIC_EnableIRQ  stm32f4xx_hal_cortex.o
    0x0800196a   0x0800196a   0x00000002   PAD
    0x0800196c   0x0800196c   0x00000040   Code   RO         1493    i.HAL_NVIC_SetPriority  stm32f4xx_hal_cortex.o
    0x080019ac   0x080019ac   0x00000024   Code   RO         1494    i.HAL_NVIC_SetPriorityGrouping  stm32f4xx_hal_cortex.o
    0x080019d0   0x080019d0   0x00000070   Code   RO         1416    i.HAL_PWREx_EnableOverDrive  stm32f4xx_hal_pwr_ex.o
    0x08001a40   0x08001a40   0x00000134   Code   RO          674    i.HAL_RCC_ClockConfig  stm32f4xx_hal_rcc.o
    0x08001b74   0x08001b74   0x00000040   Code   RO          678    i.HAL_RCC_GetClockConfig  stm32f4xx_hal_rcc.o
    0x08001bb4   0x08001bb4   0x00000020   Code   RO          681    i.HAL_RCC_GetPCLK1Freq  stm32f4xx_hal_rcc.o
    0x08001bd4   0x08001bd4   0x00000020   Code   RO          682    i.HAL_RCC_GetPCLK2Freq  stm32f4xx_hal_rcc.o
    0x08001bf4   0x08001bf4   0x00000064   Code   RO          683    i.HAL_RCC_GetSysClockFreq  stm32f4xx_hal_rcc.o
    0x08001c58   0x08001c58   0x0000036c   Code   RO          686    i.HAL_RCC_OscConfig  stm32f4xx_hal_rcc.o
    0x08001fc4   0x08001fc4   0x000000bc   Code   RO         1898    i.HAL_SPI_Init      stm32f4xx_hal_spi.o
    0x08002080   0x08002080   0x0000006c   Code   RO          391    i.HAL_SPI_MspInit   spi.o
    0x080020ec   0x080020ec   0x000001e2   Code   RO         1907    i.HAL_SPI_TransmitReceive  stm32f4xx_hal_spi.o
    0x080022ce   0x080022ce   0x00000002   Code   RO         2915    i.HAL_TIMEx_BreakCallback  stm32f4xx_hal_tim_ex.o
    0x080022d0   0x080022d0   0x00000002   Code   RO         2916    i.HAL_TIMEx_CommutCallback  stm32f4xx_hal_tim_ex.o
    0x080022d2   0x080022d2   0x00000002   PAD
    0x080022d4   0x080022d4   0x00000090   Code   RO         2934    i.HAL_TIMEx_MasterConfigSynchronization  stm32f4xx_hal_tim_ex.o
    0x08002364   0x08002364   0x0000005a   Code   RO         2211    i.HAL_TIM_Base_Init  stm32f4xx_hal_tim.o
    0x080023be   0x080023be   0x00000002   PAD
    0x080023c0   0x080023c0   0x00000050   Code   RO          433    i.HAL_TIM_Base_MspInit  tim.o
    0x08002410   0x08002410   0x00000080   Code   RO         2216    i.HAL_TIM_Base_Start_IT  stm32f4xx_hal_tim.o
    0x08002490   0x08002490   0x000000dc   Code   RO         2220    i.HAL_TIM_ConfigClockSource  stm32f4xx_hal_tim.o
    0x0800256c   0x0800256c   0x00000002   Code   RO         2245    i.HAL_TIM_IC_CaptureCallback  stm32f4xx_hal_tim.o
    0x0800256e   0x0800256e   0x00000166   Code   RO         2259    i.HAL_TIM_IRQHandler  stm32f4xx_hal_tim.o
    0x080026d4   0x080026d4   0x00000050   Code   RO          434    i.HAL_TIM_MspPostInit  tim.o
    0x08002724   0x08002724   0x00000002   Code   RO         2262    i.HAL_TIM_OC_DelayElapsedCallback  stm32f4xx_hal_tim.o
    0x08002726   0x08002726   0x000000cc   Code   RO         2283    i.HAL_TIM_PWM_ConfigChannel  stm32f4xx_hal_tim.o
    0x080027f2   0x080027f2   0x0000005a   Code   RO         2286    i.HAL_TIM_PWM_Init  stm32f4xx_hal_tim.o
    0x0800284c   0x0800284c   0x00000002   Code   RO         2288    i.HAL_TIM_PWM_MspInit  stm32f4xx_hal_tim.o
    0x0800284e   0x0800284e   0x00000002   Code   RO         2289    i.HAL_TIM_PWM_PulseFinishedCallback  stm32f4xx_hal_tim.o
    0x08002850   0x08002850   0x000000c8   Code   RO         2291    i.HAL_TIM_PWM_Start  stm32f4xx_hal_tim.o
    0x08002918   0x08002918   0x00000014   Code   RO           14    i.HAL_TIM_PeriodElapsedCallback  main.o
    0x0800292c   0x0800292c   0x00000002   Code   RO         2302    i.HAL_TIM_TriggerCallback  stm32f4xx_hal_tim.o
    0x0800292e   0x0800292e   0x00000062   Code   RO         3211    i.HAL_UART_Init     stm32f4xx_hal_uart.o
    0x08002990   0x08002990   0x000000b4   Code   RO          493    i.HAL_UART_MspInit  usart.o
    0x08002a44   0x08002a44   0x00000002   Code   RO          537    i.HardFault_Handler  stm32f4xx_it.o
    0x08002a46   0x08002a46   0x00000100   Code   RO         5016    i.IST8310_Init      board_a_imu.o
    0x08002b46   0x08002b46   0x00000002   PAD
    0x08002b48   0x08002b48   0x00000078   Code   RO         5017    i.IST8310_Read_Byte  board_a_imu.o
    0x08002bc0   0x08002bc0   0x00000042   Code   RO         5018    i.IST8310_Write_Byte  board_a_imu.o
    0x08002c02   0x08002c02   0x0000000a   Code   RO         5125    i.Key_State_Clear   dr16_remote.o
    0x08002c0c   0x08002c0c   0x00000020   Code   RO         5126    i.Key_State_Detect  dr16_remote.o
    0x08002c2c   0x08002c2c   0x0000017c   Code   RO         5127    i.Keyboard_Data_Process  dr16_remote.o
    0x08002da8   0x08002da8   0x0000002c   Code   RO          366    i.MX_DMA_Init       dma.o
    0x08002dd4   0x08002dd4   0x00000054   Code   RO          240    i.MX_FREERTOS_Init  freertos.o
    0x08002e28   0x08002e28   0x0000007c   Code   RO          215    i.MX_GPIO_Init      gpio.o
    0x08002ea4   0x08002ea4   0x00000048   Code   RO          392    i.MX_SPI5_Init      spi.o
    0x08002eec   0x08002eec   0x00000098   Code   RO          435    i.MX_TIM3_Init      tim.o
    0x08002f84   0x08002f84   0x00000064   Code   RO          436    i.MX_TIM5_Init      tim.o
    0x08002fe8   0x08002fe8   0x00000068   Code   RO          437    i.MX_TIM8_Init      tim.o
    0x08003050   0x08003050   0x0000003c   Code   RO          494    i.MX_USART1_UART_Init  usart.o
    0x0800308c   0x0800308c   0x00000002   Code   RO          538    i.MemManage_Handler  stm32f4xx_it.o
    0x0800308e   0x0800308e   0x00000002   Code   RO         5187    i.Motors_Change_Direction  motors.o
    0x08003090   0x08003090   0x00000002   Code   RO         5188    i.Motors_Init       motors.o
    0x08003092   0x08003092   0x00000002   Code   RO         5189    i.Motors_Send_PWM   motors.o
    0x08003094   0x08003094   0x00000002   Code   RO          539    i.NMI_Handler       stm32f4xx_it.o
    0x08003096   0x08003096   0x00000002   PAD
    0x08003098   0x08003098   0x00000020   Code   RO          241    i.Robot_Control     freertos.o
    0x080030b8   0x080030b8   0x00000002   Code   RO         4926    i.Robot_Get_Data    robot_control.o
    0x080030ba   0x080030ba   0x00000002   Code   RO         4927    i.Robot_In_Control  robot_control.o
    0x080030bc   0x080030bc   0x00000058   Code   RO         1936    i.SPI_EndRxTxTransaction  stm32f4xx_hal_spi.o
    0x08003114   0x08003114   0x000000b8   Code   RO         1941    i.SPI_WaitFlagStateUntilTimeout  stm32f4xx_hal_spi.o
    0x080031cc   0x080031cc   0x00000034   Code   RO          242    i.StartIMUTask      freertos.o
    0x08003200   0x08003200   0x0000002c   Code   RO         4801    i.SysTick_Handler   port.o
    0x0800322c   0x0800322c   0x000000a0   Code   RO           15    i.SystemClock_Config  main.o
    0x080032cc   0x080032cc   0x00000010   Code   RO         3540    i.SystemInit        system_stm32f4xx.o
    0x080032dc   0x080032dc   0x0000000c   Code   RO          540    i.TIM6_DAC_IRQHandler  stm32f4xx_it.o
    0x080032e8   0x080032e8   0x000000c8   Code   RO         2304    i.TIM_Base_SetConfig  stm32f4xx_hal_tim.o
    0x080033b0   0x080033b0   0x0000001a   Code   RO         2305    i.TIM_CCxChannelCmd  stm32f4xx_hal_tim.o
    0x080033ca   0x080033ca   0x00000014   Code   RO         2315    i.TIM_ETR_SetConfig  stm32f4xx_hal_tim.o
    0x080033de   0x080033de   0x00000010   Code   RO         2316    i.TIM_ITRx_SetConfig  stm32f4xx_hal_tim.o
    0x080033ee   0x080033ee   0x00000002   PAD
    0x080033f0   0x080033f0   0x00000060   Code   RO         2317    i.TIM_OC1_SetConfig  stm32f4xx_hal_tim.o
    0x08003450   0x08003450   0x0000006c   Code   RO         2318    i.TIM_OC2_SetConfig  stm32f4xx_hal_tim.o
    0x080034bc   0x080034bc   0x00000068   Code   RO         2319    i.TIM_OC3_SetConfig  stm32f4xx_hal_tim.o
    0x08003524   0x08003524   0x00000050   Code   RO         2320    i.TIM_OC4_SetConfig  stm32f4xx_hal_tim.o
    0x08003574   0x08003574   0x00000022   Code   RO         2322    i.TIM_TI1_ConfigInputStage  stm32f4xx_hal_tim.o
    0x08003596   0x08003596   0x00000024   Code   RO         2324    i.TIM_TI2_ConfigInputStage  stm32f4xx_hal_tim.o
    0x080035ba   0x080035ba   0x00000002   PAD
    0x080035bc   0x080035bc   0x0000010c   Code   RO         3237    i.UART_SetConfig    stm32f4xx_hal_uart.o
    0x080036c8   0x080036c8   0x0000002c   Code   RO          541    i.USART1_IRQHandler  stm32f4xx_it.o
    0x080036f4   0x080036f4   0x00000002   Code   RO          542    i.UsageFault_Handler  stm32f4xx_it.o
    0x080036f6   0x080036f6   0x00000026   Code   RO         5516    i.__ARM_fpclassifyf  m_wm.l(fpclassifyf.o)
    0x0800371c   0x0800371c   0x00000020   Code   RO         1500    i.__NVIC_SetPriority  stm32f4xx_hal_cortex.o
    0x0800373c   0x0800373c   0x0000012c   Code   RO         5430    i.__hardfp_asinf    m_wm.l(asinf.o)
    0x08003868   0x08003868   0x000002ac   Code   RO         5442    i.__hardfp_atan2f   m_wm.l(atan2f.o)
    0x08003b14   0x08003b14   0x00000150   Code   RO         5454    i.__hardfp_cosf     m_wm.l(cosf.o)
    0x08003c64   0x08003c64   0x00000664   Code   RO         5466    i.__hardfp_powf     m_wm.l(powf.o)
    0x080042c8   0x080042c8   0x00000190   Code   RO         5480    i.__hardfp_sinf     m_wm.l(sinf.o)
    0x08004458   0x08004458   0x00000014   Code   RO         5518    i.__mathlib_flt_divzero  m_wm.l(funder.o)
    0x0800446c   0x0800446c   0x00000006   Code   RO         5519    i.__mathlib_flt_infnan  m_wm.l(funder.o)
    0x08004472   0x08004472   0x00000006   Code   RO         5520    i.__mathlib_flt_infnan2  m_wm.l(funder.o)
    0x08004478   0x08004478   0x00000010   Code   RO         5521    i.__mathlib_flt_invalid  m_wm.l(funder.o)
    0x08004488   0x08004488   0x00000010   Code   RO         5522    i.__mathlib_flt_overflow  m_wm.l(funder.o)
    0x08004498   0x08004498   0x00000010   Code   RO         5524    i.__mathlib_flt_underflow  m_wm.l(funder.o)
    0x080044a8   0x080044a8   0x00000154   Code   RO         5532    i.__mathlib_rredf2  m_wm.l(rredf.o)
    0x080045fc   0x080045fc   0x0000002e   Code   RO           16    i.main              main.o
    0x0800462a   0x0800462a   0x0000000c   Code   RO         4366    i.makeFreeRtosPriority  cmsis_os.o
    0x08004636   0x08004636   0x0000000a   Code   RO         4371    i.osKernelStart     cmsis_os.o
    0x08004640   0x08004640   0x00000054   Code   RO         4405    i.osThreadCreate    cmsis_os.o
    0x08004694   0x08004694   0x00000070   Code   RO         4042    i.prvAddCurrentTaskToDelayedList  tasks.o
    0x08004704   0x08004704   0x000000d0   Code   RO         4043    i.prvAddNewTaskToReadyList  tasks.o
    0x080047d4   0x080047d4   0x00000034   Code   RO         4044    i.prvDeleteTCB      tasks.o
    0x08004808   0x08004808   0x0000004c   Code   RO         4733    i.prvHeapInit       heap_4.o
    0x08004854   0x08004854   0x00000060   Code   RO         4045    i.prvIdleTask       tasks.o
    0x080048b4   0x080048b4   0x00000098   Code   RO         4046    i.prvInitialiseNewTask  tasks.o
    0x0800494c   0x0800494c   0x0000004c   Code   RO         4734    i.prvInsertBlockIntoFreeList  heap_4.o
    0x08004998   0x08004998   0x00000020   Code   RO         4047    i.prvResetNextTaskUnblockTime  tasks.o
    0x080049b8   0x080049b8   0x00000028   Code   RO         4802    i.prvTaskExitError  port.o
    0x080049e0   0x080049e0   0x000000dc   Code   RO         4735    i.pvPortMalloc      heap_4.o
    0x08004abc   0x08004abc   0x0000002c   Code   RO         4803    i.pxPortInitialiseStack  port.o
    0x08004ae8   0x08004ae8   0x0000003e   Code   RO         5494    i.sqrtf             m_wm.l(sqrtf.o)
    0x08004b26   0x08004b26   0x00000026   Code   RO         3678    i.uxListRemove      list.o
    0x08004b4c   0x08004b4c   0x00000014   Code   RO          243    i.vApplicationGetIdleTaskMemory  freertos.o
    0x08004b60   0x08004b60   0x00000016   Code   RO         3679    i.vListInitialise   list.o
    0x08004b76   0x08004b76   0x00000006   Code   RO         3680    i.vListInitialiseItem  list.o
    0x08004b7c   0x08004b7c   0x00000030   Code   RO         3681    i.vListInsert       list.o
    0x08004bac   0x08004bac   0x00000018   Code   RO         3682    i.vListInsertEnd    list.o
    0x08004bc4   0x08004bc4   0x00000040   Code   RO         4805    i.vPortEnterCritical  port.o
    0x08004c04   0x08004c04   0x00000028   Code   RO         4806    i.vPortExitCritical  port.o
    0x08004c2c   0x08004c2c   0x00000064   Code   RO         4736    i.vPortFree         heap_4.o
    0x08004c90   0x08004c90   0x00000024   Code   RO         4807    i.vPortSetupTimerInterrupt  port.o
    0x08004cb4   0x08004cb4   0x0000008c   Code   RO         4057    i.vTaskDelayUntil   tasks.o
    0x08004d40   0x08004d40   0x000000ac   Code   RO         4058    i.vTaskDelete       tasks.o
    0x08004dec   0x08004dec   0x0000006c   Code   RO         4070    i.vTaskStartScheduler  tasks.o
    0x08004e58   0x08004e58   0x00000010   Code   RO         4072    i.vTaskSuspendAll   tasks.o
    0x08004e68   0x08004e68   0x0000005c   Code   RO         4073    i.vTaskSwitchContext  tasks.o
    0x08004ec4   0x08004ec4   0x000000f4   Code   RO         4809    i.xPortStartScheduler  port.o
    0x08004fb8   0x08004fb8   0x0000005a   Code   RO         4076    i.xTaskCreate       tasks.o
    0x08005012   0x08005012   0x00000056   Code   RO         4077    i.xTaskCreateStatic  tasks.o
    0x08005068   0x08005068   0x0000000c   Code   RO         4082    i.xTaskGetTickCount  tasks.o
    0x08005074   0x08005074   0x000000cc   Code   RO         4084    i.xTaskIncrementTick  tasks.o
    0x08005140   0x08005140   0x000000c4   Code   RO         4090    i.xTaskResumeAll    tasks.o
    0x08005204   0x08005204   0x0000000a   Code   RO         5642    x$fpl$fpinit        fz_wm.l(fpinit.o)
    0x0800520e   0x0800520e   0x00000000   Code   RO         5515    x$fpl$usenofp       fz_wm.l(usenofp.o)
    0x0800520e   0x0800520e   0x00000002   PAD
    0x08005210   0x08005210   0x00000054   Data   RO          245    .constdata          freertos.o
    0x08005264   0x08005264   0x00000008   Data   RO         1199    .constdata          stm32f4xx_hal_dma.o
    0x0800526c   0x0800526c   0x00000010   Data   RO         3541    .constdata          system_stm32f4xx.o
    0x0800527c   0x0800527c   0x00000008   Data   RO         3542    .constdata          system_stm32f4xx.o
    0x08005284   0x08005284   0x00000014   Data   RO         5021    .constdata          board_a_imu.o
    0x08005298   0x08005298   0x00000020   Data   RO         5249    .constdata          fusionahrs.o
    0x080052b8   0x080052b8   0x00000140   Data   RO         5469    .constdata          m_wm.l(powf.o)
    0x080053f8   0x080053f8   0x00000020   Data   RO         5533    .constdata          m_wm.l(rredf.o)
    0x08005418   0x08005418   0x00000026   Data   RO          246    .conststring        freertos.o
    0x0800543e   0x0800543e   0x00000002   PAD
    0x08005440   0x08005440   0x00000020   Data   RO         5700    Region$$Table       anon$$obj.o


    Execution Region RW_IRAM2 (Exec base: 0x10000000, Load base: 0x08005540, Size: 0x00000000, Max: 0x00010000, ABSOLUTE)

    **** No section assigned to this execution region ****


    Execution Region RW_IRAM1 (Exec base: 0x20000000, Load base: 0x08005460, Size: 0x00004a00, Max: 0x00030000, ABSOLUTE)

    Exec Addr    Load Addr    Size         Type   Attr      Idx    E Section Name        Object

    0x20000000   0x08005460   0x0000000c   Data   RW          247    .data               freertos.o
    0x2000000c   0x0800546c   0x0000000c   Data   RW         1646    .data               stm32f4xx_hal.o
    0x20000018   0x08005478   0x00000004   Data   RW         3543    .data               system_stm32f4xx.o
    0x2000001c   0x0800547c   0x0000003c   Data   RW         4093    .data               tasks.o
    0x20000058   0x080054b8   0x00000020   Data   RW         4742    .data               heap_4.o
    0x20000078   0x080054d8   0x0000000c   Data   RW         4810    .data               port.o
    0x20000084   0x080054e4   0x00000008   Data   RW         4882    .data               imu_temp_control.o
    0x2000008c   0x080054ec   0x00000008   Data   RW         4928    .data               robot_control.o
    0x20000094   0x080054f4   0x00000014   Data   RW         5022    .data               board_a_imu.o
    0x200000a8   0x08005508   0x00000010   Data   RW         5023    .data               board_a_imu.o
    0x200000b8   0x08005518   0x0000001c   Data   RW         5129    .data               dr16_remote.o
    0x200000d4   0x08005534   0x0000000c   Data   RW         5190    .data               motors.o
    0x200000e0        -       0x00000254   Zero   RW          244    .bss                freertos.o
    0x20000334        -       0x00000058   Zero   RW          393    .bss                spi.o
    0x2000038c        -       0x000000d8   Zero   RW          438    .bss                tim.o
    0x20000464        -       0x000000a4   Zero   RW          495    .bss                usart.o
    0x20000508        -       0x00000048   Zero   RW          637    .bss                stm32f4xx_hal_timebase_tim.o
    0x20000550        -       0x000000f0   Zero   RW         4092    .bss                tasks.o
    0x20000640        -       0x00003c00   Zero   RW         4741    .bss                heap_4.o
    0x20004240        -       0x00000098   Zero   RW         5019    .bss                board_a_imu.o
    0x200042d8        -       0x00000064   Zero   RW         5020    .bss                board_a_imu.o
    0x2000433c        -       0x00000060   Zero   RW         5128    .bss                dr16_remote.o
    0x2000439c        -       0x00000060   Zero   RW         5558    .bss                c_w.l(libspace.o)
    0x200043fc   0x08005540   0x00000004   PAD
    0x20004400        -       0x00000200   Zero   RW            2    HEAP                startup_stm32f427xx.o
    0x20004600        -       0x00000400   Zero   RW            1    STACK               startup_stm32f427xx.o


==============================================================================

Image component sizes


      Code (inc. data)   RO Data    RW Data    ZI Data      Debug   Object Name

      1772         96         20         36        252      16380   board_a_imu.o
       106          0          0          0          0      22899   cmsis_os.o
        44          4          0          0          0        842   dma.o
       790         24          0         28         96       7897   dr16_remote.o
         0          0          0          0          0      17020   event_groups.o
       256         56        122         12        596       4268   freertos.o
      1674         38         32          0          0      17302   fusionahrs.o
       198         16          0          0          0       5712   fusioncompass.o
       124          8          0          0          0       1019   gpio.o
       472         24          0         32      15360       7651   heap_4.o
        60         18          0          8          0       2279   imu_temp_control.o
       138          0          0          0          0       3750   list.o
       230         16          0          0          0     782980   main.o
         6          0          0         12          0       2595   motors.o
       702         72          0         12          0      11364   port.o
         4          0          0          8          0       2139   robot_control.o
       180         24          0          0         88       1825   spi.o
        64         26        428          0       1536        876   startup_stm32f427xx.o
       116         18          0         12          0       9102   stm32f4xx_hal.o
       158         14          0          0          0      33326   stm32f4xx_hal_cortex.o
       446         12          8          0          0       4675   stm32f4xx_hal_dma.o
       574         54          0          0          0       2312   stm32f4xx_hal_gpio.o
        56          4          0          0          0        934   stm32f4xx_hal_msp.o
       112         14          0          0          0       1356   stm32f4xx_hal_pwr_ex.o
      1412         86          0          0          0       6137   stm32f4xx_hal_rcc.o
       942         12          0          0          0       5081   stm32f4xx_hal_spi.o
      2020        136          0          0          0      17694   stm32f4xx_hal_tim.o
       148         28          0          0          0       2593   stm32f4xx_hal_tim_ex.o
       152         20          0          0         72       1583   stm32f4xx_hal_timebase_tim.o
       366         10          0          0          0       2132   stm32f4xx_hal_uart.o
        70         14          0          0          0       5052   stm32f4xx_it.o
         0          0          0          0          0        392   stream_buffer.o
        16          4         24          4          0       1231   system_stm32f4xx.o
      1768        130          0         60        240      21925   tasks.o
       516         54          0          0        216       4018   tim.o
       240         36          0          0        164       1945   usart.o

    ----------------------------------------------------------------------
     15964       1068        668        224      18620    1030286   Object Totals
         0          0         32          0          0          0   (incl. Generated)
        32          0          2          0          0          0   (incl. Padding)

    ----------------------------------------------------------------------

      Code (inc. data)   RO Data    RW Data    ZI Data      Debug   Library Member Name

         8          0          0          0          0         68   __main.o
         0          0          0          0          0          0   __rtentry.o
        12          0          0          0          0          0   __rtentry2.o
         6          0          0          0          0          0   __rtentry4.o
        52          8          0          0          0          0   __scatter.o
        26          0          0          0          0          0   __scatter_copy.o
        28          0          0          0          0          0   __scatter_zi.o
        22          0          0          0          0        100   _rserrno.o
        18          0          0          0          0         80   exit.o
         6          0          0          0          0        152   heapauxi.o
         0          0          0          0          0          0   indicate_semi.o
         2          0          0          0          0          0   libinit.o
         6          0          0          0          0          0   libinit2.o
         2          0          0          0          0          0   libshutdown.o
         2          0          0          0          0          0   libshutdown2.o
         8          4          0          0         96         68   libspace.o
       238          0          0          0          0        100   lludivv7m.o
         8          4          0          0          0         68   rt_errno_addr_intlibspace.o
        78          0          0          0          0         80   rt_memclr_w.o
       100          0          0          0          0         80   rt_memcpy_w.o
         2          0          0          0          0          0   rtexit.o
        10          0          0          0          0          0   rtexit2.o
        12          4          0          0          0         68   sys_exit.o
        74          0          0          0          0         80   sys_stackheap_outer.o
         2          0          0          0          0         68   use_no_semi.o
        10          0          0          0          0        116   fpinit.o
         0          0          0          0          0          0   usenofp.o
       300         42          0          0          0        176   asinf.o
       684         90          0          0          0        208   atan2f.o
       336         56          0          0          0        136   cosf.o
        38          0          0          0          0        116   fpclassifyf.o
        80         24          0          0          0        696   funder.o
      1636        110        320          0          0        372   powf.o
       340         24         32          0          0        160   rredf.o
       400         56          0          0          0        212   sinf.o
        62          0          0          0          0        136   sqrtf.o

    ----------------------------------------------------------------------
      4616        422        352          0        100       3340   Library Totals
         8          0          0          0          4          0   (incl. Padding)

    ----------------------------------------------------------------------

      Code (inc. data)   RO Data    RW Data    ZI Data      Debug   Library Name

       722         20          0          0         96       1012   c_w.l
        10          0          0          0          0        116   fz_wm.l
      3876        402        352          0          0       2212   m_wm.l

    ----------------------------------------------------------------------
      4616        422        352          0        100       3340   Library Totals

    ----------------------------------------------------------------------

==============================================================================


      Code (inc. data)   RO Data    RW Data    ZI Data      Debug   

     20580       1490       1020        224      18720    1016410   Grand Totals
     20580       1490       1020        224      18720    1016410   ELF Image Totals
     20580       1490       1020        224          0          0   ROM Totals

==============================================================================

    Total RO  Size (Code + RO Data)                21600 (  21.09kB)
    Total RW  Size (RW Data + ZI Data)             18944 (  18.50kB)
    Total ROM Size (Code + RO Data + RW Data)      21824 (  21.31kB)

==============================================================================

