Component: ARM Compiler 5.06 update 7 (build 960) Tool: armlink [4d3601]

==============================================================================

Section Cross References

    startup_stm32f427xx.o(STACK) refers (Special) to heapauxi.o(.text) for __use_two_region_memory
    startup_stm32f427xx.o(HEAP) refers (Special) to heapauxi.o(.text) for __use_two_region_memory
    startup_stm32f427xx.o(RESET) refers (Special) to heapauxi.o(.text) for __use_two_region_memory
    startup_stm32f427xx.o(RESET) refers to startup_stm32f427xx.o(STACK) for __initial_sp
    startup_stm32f427xx.o(RESET) refers to startup_stm32f427xx.o(.text) for Reset_Handler
    startup_stm32f427xx.o(RESET) refers to stm32f4xx_it.o(i.NMI_Handler) for NMI_Handler
    startup_stm32f427xx.o(RESET) refers to stm32f4xx_it.o(i.HardFault_Handler) for HardFault_Handler
    startup_stm32f427xx.o(RESET) refers to stm32f4xx_it.o(i.MemManage_Handler) for MemManage_Handler
    startup_stm32f427xx.o(RESET) refers to stm32f4xx_it.o(i.BusFault_Handler) for BusFault_Handler
    startup_stm32f427xx.o(RESET) refers to stm32f4xx_it.o(i.UsageFault_Handler) for UsageFault_Handler
    startup_stm32f427xx.o(RESET) refers to port.o(.emb_text) for SVC_Handler
    startup_stm32f427xx.o(RESET) refers to stm32f4xx_it.o(i.DebugMon_Handler) for DebugMon_Handler
    startup_stm32f427xx.o(RESET) refers to port.o(i.SysTick_Handler) for SysTick_Handler
    startup_stm32f427xx.o(RESET) refers to stm32f4xx_it.o(i.USART1_IRQHandler) for USART1_IRQHandler
    startup_stm32f427xx.o(RESET) refers to stm32f4xx_it.o(i.TIM6_DAC_IRQHandler) for TIM6_DAC_IRQHandler
    startup_stm32f427xx.o(RESET) refers to stm32f4xx_it.o(i.DMA2_Stream2_IRQHandler) for DMA2_Stream2_IRQHandler
    startup_stm32f427xx.o(.text) refers (Special) to heapauxi.o(.text) for __use_two_region_memory
    startup_stm32f427xx.o(.text) refers to system_stm32f4xx.o(i.SystemInit) for SystemInit
    startup_stm32f427xx.o(.text) refers to __main.o(!!!main) for __main
    startup_stm32f427xx.o(.text) refers to startup_stm32f427xx.o(HEAP) for Heap_Mem
    startup_stm32f427xx.o(.text) refers to startup_stm32f427xx.o(STACK) for Stack_Mem
    main.o(i.HAL_TIM_PeriodElapsedCallback) refers to stm32f4xx_hal.o(i.HAL_IncTick) for HAL_IncTick
    main.o(i.SystemClock_Config) refers to rt_memclr_w.o(.text) for __aeabi_memclr4
    main.o(i.SystemClock_Config) refers to stm32f4xx_hal_rcc.o(i.HAL_RCC_OscConfig) for HAL_RCC_OscConfig
    main.o(i.SystemClock_Config) refers to stm32f4xx_hal_rcc.o(i.HAL_RCC_ClockConfig) for HAL_RCC_ClockConfig
    main.o(i.main) refers to stm32f4xx_hal.o(i.HAL_Init) for HAL_Init
    main.o(i.main) refers to main.o(i.SystemClock_Config) for SystemClock_Config
    main.o(i.main) refers to gpio.o(i.MX_GPIO_Init) for MX_GPIO_Init
    main.o(i.main) refers to dma.o(i.MX_DMA_Init) for MX_DMA_Init
    main.o(i.main) refers to tim.o(i.MX_TIM3_Init) for MX_TIM3_Init
    main.o(i.main) refers to tim.o(i.MX_TIM12_Init) for MX_TIM12_Init
    main.o(i.main) refers to usart.o(i.MX_USART1_UART_Init) for MX_USART1_UART_Init
    main.o(i.main) refers to spi.o(i.MX_SPI5_Init) for MX_SPI5_Init
    main.o(i.main) refers to tim.o(i.MX_TIM8_Init) for MX_TIM8_Init
    main.o(i.main) refers to tim.o(i.MX_TIM4_Init) for MX_TIM4_Init
    main.o(i.main) refers to tim.o(i.MX_TIM5_Init) for MX_TIM5_Init
    main.o(i.main) refers to freertos.o(i.MX_FREERTOS_Init) for MX_FREERTOS_Init
    main.o(i.main) refers to cmsis_os.o(i.osKernelStart) for osKernelStart
    gpio.o(i.MX_GPIO_Init) refers to rt_memclr_w.o(.text) for __aeabi_memclr4
    gpio.o(i.MX_GPIO_Init) refers to stm32f4xx_hal_gpio.o(i.HAL_GPIO_WritePin) for HAL_GPIO_WritePin
    gpio.o(i.MX_GPIO_Init) refers to stm32f4xx_hal_gpio.o(i.HAL_GPIO_Init) for HAL_GPIO_Init
    freertos.o(i.General_Init) refers to fusionahrs.o(i.FusionAhrsInitialise) for FusionAhrsInitialise
    freertos.o(i.General_Init) refers to tasks.o(i.vTaskDelete) for vTaskDelete
    freertos.o(i.General_Init) refers to imu_temp_control.o(.data) for IMU_Temp_Control_Func
    freertos.o(i.General_Init) refers to board_a_imu.o(.data) for Board_A_IMU_Func
    freertos.o(i.General_Init) refers to board_a_imu.o(.bss) for Board_A_IMU_AHRS
    freertos.o(i.General_Init) refers to dr16_remote.o(.data) for DR16_Func
    freertos.o(i.General_Init) refers to usart.o(.bss) for huart1
    freertos.o(i.General_Init) refers to motors.o(.data) for Motors_Func
    freertos.o(i.MX_FREERTOS_Init) refers to rt_memcpy_w.o(.text) for __aeabi_memcpy4
    freertos.o(i.MX_FREERTOS_Init) refers to cmsis_os.o(i.osThreadCreate) for osThreadCreate
    freertos.o(i.MX_FREERTOS_Init) refers to freertos.o(.constdata) for .constdata
    freertos.o(i.MX_FREERTOS_Init) refers to freertos.o(.data) for .data
    freertos.o(i.Robot_Control) refers to tasks.o(i.xTaskGetTickCount) for xTaskGetTickCount
    freertos.o(i.Robot_Control) refers to tasks.o(i.vTaskDelayUntil) for vTaskDelayUntil
[...]
    i.__ARM_fpclassifyf                      0x080039fa   Section        0  fpclassifyf.o(i.__ARM_fpclassifyf)
    i.__NVIC_SetPriority                     0x08003a20   Section        0  stm32f4xx_hal_cortex.o(i.__NVIC_SetPriority)
    __NVIC_SetPriority                       0x08003a21   Thumb Code    32  stm32f4xx_hal_cortex.o(i.__NVIC_SetPriority)
    i.__hardfp_asinf                         0x08003a40   Section        0  asinf.o(i.__hardfp_asinf)
    i.__hardfp_atan2f                        0x08003b6c   Section        0  atan2f.o(i.__hardfp_atan2f)
    i.__hardfp_cosf                          0x08003e18   Section        0  cosf.o(i.__hardfp_cosf)
    i.__hardfp_powf                          0x08003f68   Section        0  powf.o(i.__hardfp_powf)
    i.__hardfp_sinf                          0x080045cc   Section        0  sinf.o(i.__hardfp_sinf)
    i.__mathlib_flt_divzero                  0x0800475c   Section        0  funder.o(i.__mathlib_flt_divzero)
    i.__mathlib_flt_infnan                   0x08004770   Section        0  funder.o(i.__mathlib_flt_infnan)
    i.__mathlib_flt_infnan2                  0x08004776   Section        0  funder.o(i.__mathlib_flt_infnan2)
    i.__mathlib_flt_invalid                  0x0800477c   Section        0  funder.o(i.__mathlib_flt_invalid)
    i.__mathlib_flt_overflow                 0x0800478c   Section        0  funder.o(i.__mathlib_flt_overflow)
    i.__mathlib_flt_underflow                0x0800479c   Section        0  funder.o(i.__mathlib_flt_underflow)
    i.__mathlib_rredf2                       0x080047ac   Section        0  rredf.o(i.__mathlib_rredf2)
    i.main                                   0x08004900   Section        0  main.o(i.main)
    i.makeFreeRtosPriority                   0x08004936   Section        0  cmsis_os.o(i.makeFreeRtosPriority)
    makeFreeRtosPriority                     0x08004937   Thumb Code    12  cmsis_os.o(i.makeFreeRtosPriority)
    i.osKernelStart                          0x08004942   Section        0  cmsis_os.o(i.osKernelStart)
    i.osThreadCreate                         0x0800494c   Section        0  cmsis_os.o(i.osThreadCreate)
    i.prvAddCurrentTaskToDelayedList         0x080049a0   Section        0  tasks.o(i.prvAddCurrentTaskToDelayedList)
    prvAddCurrentTaskToDelayedList           0x080049a1   Thumb Code   102  tasks.o(i.prvAddCurrentTaskToDelayedList)
    i.prvAddNewTaskToReadyList               0x08004a10   Section        0  tasks.o(i.prvAddNewTaskToReadyList)
    prvAddNewTaskToReadyList                 0x08004a11   Thumb Code   194  tasks.o(i.prvAddNewTaskToReadyList)
    i.prvDeleteTCB                           0x08004ae0   Section        0  tasks.o(i.prvDeleteTCB)
    prvDeleteTCB                             0x08004ae1   Thumb Code    52  tasks.o(i.prvDeleteTCB)
    i.prvHeapInit                            0x08004b14   Section        0  heap_4.o(i.prvHeapInit)
    prvHeapInit                              0x08004b15   Thumb Code    66  heap_4.o(i.prvHeapInit)
    i.prvIdleTask                            0x08004b60   Section        0  tasks.o(i.prvIdleTask)
    prvIdleTask                              0x08004b61   Thumb Code    82  tasks.o(i.prvIdleTask)
    i.prvInitialiseNewTask                   0x08004bc0   Section        0  tasks.o(i.prvInitialiseNewTask)
    prvInitialiseNewTask                     0x08004bc1   Thumb Code   152  tasks.o(i.prvInitialiseNewTask)
    i.prvInsertBlockIntoFreeList             0x08004c58   Section        0  heap_4.o(i.prvInsertBlockIntoFreeList)
    prvInsertBlockIntoFreeList               0x08004c59   Thumb Code    72  heap_4.o(i.prvInsertBlockIntoFreeList)
    i.prvResetNextTaskUnblockTime            0x08004ca4   Section        0  tasks.o(i.prvResetNextTaskUnblockTime)
    prvResetNextTaskUnblockTime              0x08004ca5   Thumb Code    26  tasks.o(i.prvResetNextTaskUnblockTime)
    i.prvTaskExitError                       0x08004cc4   Section        0  port.o(i.prvTaskExitError)
    prvTaskExitError                         0x08004cc5   Thumb Code    36  port.o(i.prvTaskExitError)
    i.pvPortMalloc                           0x08004cec   Section        0  heap_4.o(i.pvPortMalloc)
    i.pxPortInitialiseStack                  0x08004dc8   Section        0  port.o(i.pxPortInitialiseStack)
    i.sqrtf                                  0x08004df4   Section        0  sqrtf.o(i.sqrtf)
    i.uxListRemove                           0x08004e32   Section        0  list.o(i.uxListRemove)
    i.vApplicationGetIdleTaskMemory          0x08004e58   Section        0  freertos.o(i.vApplicationGetIdleTaskMemory)
    i.vListInitialise                        0x08004e6c   Section        0  list.o(i.vListInitialise)
    i.vListInitialiseItem                    0x08004e82   Section        0  list.o(i.vListInitialiseItem)
    i.vListInsert                            0x08004e88   Section        0  list.o(i.vListInsert)
    i.vListInsertEnd                         0x08004eb8   Section        0  list.o(i.vListInsertEnd)
    i.vPortEnterCritical                     0x08004ed0   Section        0  port.o(i.vPortEnterCritical)
    i.vPortExitCritical                      0x08004f10   Section        0  port.o(i.vPortExitCritical)
    i.vPortFree                              0x08004f38   Section        0  heap_4.o(i.vPortFree)
    i.vPortSetupTimerInterrupt               0x08004f9c   Section        0  port.o(i.vPortSetupTimerInterrupt)
    i.vTaskDelayUntil                        0x08004fc0   Section        0  tasks.o(i.vTaskDelayUntil)
    i.vTaskDelete                            0x0800504c   Section        0  tasks.o(i.vTaskDelete)
    i.vTaskStartScheduler                    0x080050f8   Section        0  tasks.o(i.vTaskStartScheduler)
    i.vTaskSuspendAll                        0x08005164   Section        0  tasks.o(i.vTaskSuspendAll)
    i.vTaskSwitchContext                     0x08005174   Section        0  tasks.o(i.vTaskSwitchContext)
    i.xPortStartScheduler                    0x080051d0   Section        0  port.o(i.xPortStartScheduler)
    i.xTaskCreate                            0x080052c4   Section        0  tasks.o(i.xTaskCreate)
    i.xTaskCreateStatic                      0x0800531e   Section        0  tasks.o(i.xTaskCreateStatic)
    i.xTaskGetTickCount                      0x08005374   Section        0  tasks.o(i.xTaskGetTickCount)
    i.xTaskIncrementTick                     0x08005380   Section        0  tasks.o(i.xTaskIncrementTick)
    i.xTaskResumeAll                         0x0800544c   Section        0  tasks.o(i.xTaskResumeAll)
    x$fpl$fpinit                             0x08005510   Section       10  fpinit.o(x$fpl$fpinit)
    $v0                                      0x08005510   Number         0  fpinit.o(x$fpl$fpinit)
    x$fpl$usenofp                            0x0800551a   Section        0  usenofp.o(x$fpl$usenofp)
    .constdata                               0x0800551c   Section       84  freertos.o(.constdata)
    .constdata                               0x08005570   Section        8  stm32f4xx_hal_dma.o(.constdata)
    flagBitshiftOffset                       0x08005570   Data           8  stm32f4xx_hal_dma.o(.constdata)
    .constdata                               0x08005578   Section       16  system_stm32f4xx.o(.constdata)
    .constdata                               0x08005588   Section        8  system_stm32f4xx.o(.constdata)
    .constdata                               0x08005590   Section       20  board_a_imu.o(.constdata)
    .constdata                               0x080055a4   Section       32  fusionahrs.o(.constdata)
    .constdata                               0x080055c4   Section      320  powf.o(.constdata)
    table                                    0x080055c4   Data         128  powf.o(.constdata)
    powersof2to1over16top                    0x08005644   Data          64  powf.o(.constdata)
    powersof2to1over16bot                    0x08005684   Data          64  powf.o(.constdata)
    powersof2to1over16all                    0x080056c4   Data          64  powf.o(.constdata)
    .constdata                               0x08005704   Section       32  rredf.o(.constdata)
    twooverpi                                0x08005704   Data          32  rredf.o(.constdata)
    .conststring                             0x08005724   Section       38  freertos.o(.conststring)
    .data                                    0x20000000   Section       12  freertos.o(.data)
    .data                                    0x2000000c   Section       12  stm32f4xx_hal.o(.data)
    .data                                    0x20000018   Section        4  system_stm32f4xx.o(.data)
    .data                                    0x2000001c   Section       60  tasks.o(.data)
    uxDeletedTasksWaitingCleanUp             0x20000020   Data           4  tasks.o(.data)
    uxCurrentNumberOfTasks                   0x20000024   Data           4  tasks.o(.data)
    xTickCount                               0x20000028   Data           4  tasks.o(.data)
    uxTopReadyPriority                       0x2000002c   Data           4  tasks.o(.data)
    xSchedulerRunning                        0x20000030   Data           4  tasks.o(.data)
    xPendedTicks                             0x20000034   Data           4  tasks.o(.data)
    xYieldPending                            0x20000038   Data           4  tasks.o(.data)
    xNumOfOverflows                          0x2000003c   Data           4  tasks.o(.data)
    uxTaskNumber                             0x20000040   Data           4  tasks.o(.data)
    xNextTaskUnblockTime                     0x20000044   Data           4  tasks.o(.data)
    xIdleTaskHandle                          0x20000048   Data           4  tasks.o(.data)
    uxSchedulerSuspended                     0x2000004c   Data           4  tasks.o(.data)
    pxDelayedTaskList                        0x20000050   Data           4  tasks.o(.data)
    pxOverflowDelayedTaskList                0x20000054   Data           4  tasks.o(.data)
    .data                                    0x20000058   Section       32  heap_4.o(.data)
    pxEnd                                    0x20000058   Data           4  heap_4.o(.data)
    xFreeBytesRemaining                      0x2000005c   Data           4  heap_4.o(.data)
    xMinimumEverFreeBytesRemaining           0x20000060   Data           4  heap_4.o(.data)
    xNumberOfSuccessfulAllocations           0x20000064   Data           4  heap_4.o(.data)
    xNumberOfSuccessfulFrees                 0x20000068   Data           4  heap_4.o(.data)
    xBlockAllocatedBit                       0x2000006c   Data           4  heap_4.o(.data)
    xStart                                   0x20000070   Data           8  heap_4.o(.data)
    .data                                    0x20000078   Section       12  port.o(.data)
    ucMaxSysCallPriority                     0x20000078   Data           1  port.o(.data)
    uxCriticalNesting                        0x2000007c   Data           4  port.o(.data)
    ulMaxPRIGROUPValue                       0x20000080   Data           4  port.o(.data)
    .data                                    0x20000084   Section        8  imu_temp_control.o(.data)
    .data                                    0x2000008c   Section        8  robot_control.o(.data)
    .data                                    0x20000094   Section       20  board_a_imu.o(.data)
    .data                                    0x200000a8   Section       16  board_a_imu.o(.data)
    tx                                       0x200000a8   Data           1  board_a_imu.o(.data)
    rx                                       0x200000a9   Data           1  board_a_imu.o(.data)
    tx_buff                                  0x200000aa   Data          14  board_a_imu.o(.data)
    .data                                    0x200000b8   Section       28  dr16_remote.o(.data)
    .data                                    0x200000d4   Section       12  motors.o(.data)
    .bss                                     0x200000e0   Section      596  freertos.o(.bss)
    xIdleTaskTCBBuffer                       0x200000e0   Data          84  freertos.o(.bss)
    xIdleStack                               0x20000134   Data         512  freertos.o(.bss)
    .bss                                     0x20000334   Section       88  spi.o(.bss)
    .bss                                     0x2000038c   Section      360  tim.o(.bss)
    .bss                                     0x200004f4   Section      164  usart.o(.bss)
    .bss                                     0x20000598   Section       72  stm32f4xx_hal_timebase_tim.o(.bss)
    .bss                                     0x200005e0   Section      240  tasks.o(.bss)
    pxReadyTasksLists                        0x200005e0   Data         140  tasks.o(.bss)
    xDelayedTaskList1                        0x2000066c   Data          20  tasks.o(.bss)
    xDelayedTaskList2                        0x20000680   Data          20  tasks.o(.bss)
    xPendingReadyList                        0x20000694   Data          20  tasks.o(.bss)
    xTasksWaitingTermination                 0x200006a8   Data          20  tasks.o(.bss)
    xSuspendedTaskList                       0x200006bc   Data          20  tasks.o(.bss)
    .bss                                     0x200006d0   Section    15360  heap_4.o(.bss)
    ucHeap                                   0x200006d0   Data       15360  heap_4.o(.bss)
    .bss                                     0x200042d0   Section      152  board_a_imu.o(.bss)
    .bss                                     0x20004368   Section      100  board_a_imu.o(.bss)
    .bss                                     0x200043cc   Section       96  dr16_remote.o(.bss)
    .bss                                     0x2000442c   Section       96  libspace.o(.bss)
    HEAP                                     0x20004490   Section      512  startup_stm32f427xx.o(HEAP)
    Heap_Mem                                 0x20004490   Data         512  startup_stm32f427xx.o(HEAP)
    STACK                                    0x20004690   Section     1024  startup_stm32f427xx.o(STACK)
    Stack_Mem                                0x20004690   Data        1024  startup_stm32f427xx.o(STACK)
    __initial_sp                             0x20004a90   Data           0  startup_stm32f427xx.o(STACK)

    Global Symbols

    Symbol Name                              Value     Ov Type        Size  Object(Section)

    BuildAttributes$$THM_ISAv4$E$P$D$K$B$S$7EM$VFPi3$EXTD16$VFPS$VFMA$PE$A:L22UL41UL21$X:L11$S22US41US21$IEEE1$IW$USESV6$~STKCKD$USESV7$~SHL$OTIME$ROPI$IEEEX$EBA8$UX$STANDARDLIB$REQ8$PRES8$EABIv2 0x00000000   Number         0  anon$$obj.o ABSOLUTE
    __ARM_use_no_argv                        0x00000000   Number         0  main.o ABSOLUTE
    __ARM_exceptions_init                     - Undefined Weak Reference
    __alloca_initialize                       - Undefined Weak Reference
    __arm_fini_                               - Undefined Weak Reference
    __arm_preinit_                            - Undefined Weak Reference
    __cpp_initialize__aeabi_                  - Undefined Weak Reference
    __cxa_finalize                            - Undefined Weak Reference
    __rt_locale                               - Undefined Weak Reference
    __sigvec_lookup                           - Undefined Weak Reference
    _atexit_init                              - Undefined Weak Reference
    _call_atexit_fns                          - Undefined Weak Reference
    _clock_init                               - Undefined Weak Reference
    _fp_trap_init                             - Undefined Weak Reference
    _fp_trap_shutdown                         - Undefined Weak Reference
    _get_lc_collate                           - Undefined Weak Reference
    _get_lc_ctype                             - Undefined Weak Reference
    _get_lc_monetary                          - Undefined Weak Reference
    _get_lc_numeric                           - Undefined Weak Reference
    _get_lc_time                              - Undefined Weak Reference
    _getenv_init                              - Undefined Weak Reference
    _handle_redirection                       - Undefined Weak Reference
    _init_alloc                               - Undefined Weak Reference
    _init_user_alloc                          - Undefined Weak Reference
    _initio                                   - Undefined Weak Reference
    _rand_init                                - Undefined Weak Reference
    _signal_finish                            - Undefined Weak Reference
    _signal_init                              - Undefined Weak Reference
    _terminate_alloc                          - Undefined Weak Reference
    _terminate_user_alloc                     - Undefined Weak Reference
    _terminateio                              - Undefined Weak Reference
    __Vectors_Size                           0x000001ac   Number         0  startup_stm32f427xx.o ABSOLUTE
    __Vectors                                0x08000000   Data           4  startup_stm32f427xx.o(RESET)
    __Vectors_End                            0x080001ac   Data           0  startup_stm32f427xx.o(RESET)
    __main                                   0x080001ad   Thumb Code     8  __main.o(!!!main)
    __scatterload                            0x080001b5   Thumb Code     0  __scatter.o(!!!scatter)
    __scatterload_rt2                        0x080001b5   Thumb Code    44  __scatter.o(!!!scatter)
    __scatterload_rt2_thumb_only             0x080001b5   Thumb Code     0  __scatter.o(!!!scatter)
    __scatterload_null                       0x080001c3   Thumb Code     0  __scatter.o(!!!scatter)
    __scatterload_copy                       0x080001e9   Thumb Code    26  __scatter_copy.o(!!handler_copy)
    __scatterload_zeroinit                   0x08000205   Thumb Code    28  __scatter_zi.o(!!handler_zi)
    __rt_lib_init                            0x08000221   Thumb Code     0  libinit.o(.ARM.Collect$$libinit$$00000000)
    __rt_lib_init_fp_1                       0x08000223   Thumb Code     0  libinit2.o(.ARM.Collect$$libinit$$00000001)
    __rt_lib_init_alloca_1                   0x08000227   Thumb Code     0  libinit2.o(.ARM.Collect$$libinit$$0000002E)
    __rt_lib_init_argv_1                     0x08000227   Thumb Code     0  libinit2.o(.ARM.Collect$$libinit$$0000002C)
    __rt_lib_init_atexit_1                   0x08000227   Thumb Code     0  libinit2.o(.ARM.Collect$$libinit$$0000001B)
    __rt_lib_init_clock_1                    0x08000227   Thumb Code     0  libinit2.o(.ARM.Collect$$libinit$$00000021)
    __rt_lib_init_cpp_1                      0x08000227   Thumb Code     0  libinit2.o(.ARM.Collect$$libinit$$00000032)
    __rt_lib_init_exceptions_1               0x08000227   Thumb Code     0  libinit2.o(.ARM.Collect$$libinit$$00000030)
    __rt_lib_init_fp_trap_1                  0x08000227   Thumb Code     0  libinit2.o(.ARM.Collect$$libinit$$0000001F)
    __rt_lib_init_getenv_1                   0x08000227   Thumb Code     0  libinit2.o(.ARM.Collect$$libinit$$00000023)
    __rt_lib_init_heap_1                     0x08000227   Thumb Code     0  libinit2.o(.ARM.Collect$$libinit$$0000000A)
    __rt_lib_init_lc_collate_1               0x08000227   Thumb Code     0  libinit2.o(.ARM.Collect$$libinit$$00000011)
    __rt_lib_init_lc_ctype_1                 0x08000227   Thumb Code     0  libinit2.o(.ARM.Collect$$libinit$$00000013)
    __rt_lib_init_lc_monetary_1              0x08000227   Thumb Code     0  libinit2.o(.ARM.Collect$$libinit$$00000015)
    __rt_lib_init_lc_numeric_1               0x08000227   Thumb Code     0  libinit2.o(.ARM.Collect$$libinit$$00000017)
    __rt_lib_init_lc_time_1                  0x08000227   Thumb Code     0  libinit2.o(.ARM.Collect$$libinit$$00000019)
    __rt_lib_init_preinit_1                  0x08000227   Thumb Code     0  libinit2.o(.ARM.Collect$$libinit$$00000004)
    __rt_lib_init_rand_1                     0x08000227   Thumb Code     0  libinit2.o(.ARM.Collect$$libinit$$0000000E)
    __rt_lib_init_return                     0x08000227   Thumb Code     0  libinit2.o(.ARM.Collect$$libinit$$00000033)
    __rt_lib_init_signal_1                   0x08000227   Thumb Code     0  libinit2.o(.ARM.Collect$$libinit$$0000001D)
    __rt_lib_init_stdio_1                    0x08000227   Thumb Code     0  libinit2.o(.ARM.Collect$$libinit$$00000025)
    __rt_lib_init_user_alloc_1               0x08000227   Thumb Code     0  libinit2.o(.ARM.Collect$$libinit$$0000000C)
    __rt_lib_shutdown                        0x08000229   Thumb Code     0  libshutdown.o(.ARM.Collect$$libshutdown$$00000000)
    __rt_lib_shutdown_cpp_1                  0x0800022b   Thumb Code     0  libshutdown2.o(.ARM.Collect$$libshutdown$$00000004)
    __rt_lib_shutdown_fini_1                 0x0800022b   Thumb Code     0  libshutdown2.o(.ARM.Collect$$libshutdown$$00000002)
    __rt_lib_shutdown_fp_trap_1              0x0800022b   Thumb Code     0  libshutdown2.o(.ARM.Collect$$libshutdown$$00000009)
    __rt_lib_shutdown_heap_1                 0x0800022b   Thumb Code     0  libshutdown2.o(.ARM.Collect$$libshutdown$$00000011)
    __rt_lib_shutdown_return                 0x0800022b   Thumb Code     0  libshutdown2.o(.ARM.Collect$$libshutdown$$00000012)
    __rt_lib_shutdown_signal_1               0x0800022b   Thumb Code     0  libshutdown2.o(.ARM.Collect$$libshutdown$$0000000C)
    __rt_lib_shutdown_stdio_1                0x0800022b   Thumb Code     0  libshutdown2.o(.ARM.Collect$$libshutdown$$00000006)
    __rt_lib_shutdown_user_alloc_1           0x0800022b   Thumb Code     0  libshutdown2.o(.ARM.Collect$$libshutdown$$0000000E)
    __rt_entry                               0x0800022d   Thumb Code     0  __rtentry.o(.ARM.Collect$$rtentry$$00000000)
    __rt_entry_presh_1                       0x0800022d   Thumb Code     0  __rtentry2.o(.ARM.Collect$$rtentry$$00000002)
    __rt_entry_sh                            0x0800022d   Thumb Code     0  __rtentry4.o(.ARM.Collect$$rtentry$$00000004)
    __rt_entry_li                            0x08000233   Thumb Code     0  __rtentry2.o(.ARM.Collect$$rtentry$$0000000A)
    __rt_entry_postsh_1                      0x08000233   Thumb Code     0  __rtentry2.o(.ARM.Collect$$rtentry$$00000009)
    __rt_entry_main                          0x08000237   Thumb Code     0  __rtentry2.o(.ARM.Collect$$rtentry$$0000000D)
    __rt_entry_postli_1                      0x08000237   Thumb Code     0  __rtentry2.o(.ARM.Collect$$rtentry$$0000000C)
    __rt_exit                                0x0800023f   Thumb Code     0  rtexit.o(.ARM.Collect$$rtexit$$00000000)
    __rt_exit_ls                             0x08000241   Thumb Code     0  rtexit2.o(.ARM.Collect$$rtexit$$00000003)
    __rt_exit_prels_1                        0x08000241   Thumb Code     0  rtexit2.o(.ARM.Collect$$rtexit$$00000002)
    __rt_exit_exit                           0x08000245   Thumb Code     0  rtexit2.o(.ARM.Collect$$rtexit$$00000004)
    SVC_Handler                              0x0800024d   Thumb Code    28  port.o(.emb_text)
    __asm___6_port_c_39a90d8d__prvStartFirstTask 0x0800026d   Thumb Code    36  port.o(.emb_text)
    __asm___6_port_c_39a90d8d__prvEnableVFP  0x08000295   Thumb Code    16  port.o(.emb_text)
    PendSV_Handler                           0x080002a9   Thumb Code    88  port.o(.emb_text)
    vPortGetIPSR                             0x08000305   Thumb Code     6  port.o(.emb_text)
    Reset_Handler                            0x0800030d   Thumb Code     8  startup_stm32f427xx.o(.text)
    ADC_IRQHandler                           0x08000327   Thumb Code     0  startup_stm32f427xx.o(.text)
    CAN1_RX0_IRQHandler                      0x08000327   Thumb Code     0  startup_stm32f427xx.o(.text)
    CAN1_RX1_IRQHandler                      0x08000327   Thumb Code     0  startup_stm32f427xx.o(.text)
    CAN1_SCE_IRQHandler                      0x08000327   Thumb Code     0  startup_stm32f427xx.o(.text)
    CAN1_TX_IRQHandler                       0x08000327   Thumb Code     0  startup_stm32f427xx.o(.text)
    CAN2_RX0_IRQHandler                      0x08000327   Thumb Code     0  startup_stm32f427xx.o(.text)
    CAN2_RX1_IRQHandler                      0x08000327   Thumb Code     0  startup_stm32f427xx.o(.text)
    CAN2_SCE_IRQHandler                      0x08000327   Thumb Code     0  startup_stm32f427xx.o(.text)
    CAN2_TX_IRQHandler                       0x08000327   Thumb Code     0  startup_stm32f427xx.o(.text)
    DCMI_IRQHandler                          0x08000327   Thumb Code     0  startup_stm32f427xx.o(.text)
    DMA1_Stream0_IRQHandler                  0x08000327   Thumb Code     0  startup_stm32f427xx.o(.text)
    DMA1_Stream1_IRQHandler                  0x08000327   Thumb Code     0  startup_stm32f427xx.o(.text)
    DMA1_Stream2_IRQHandler                  0x08000327   Thumb Code     0  startup_stm32f427xx.o(.text)
    DMA1_Stream3_IRQHandler                  0x08000327   Thumb Code     0  startup_stm32f427xx.o(.text)
    DMA1_Stream4_IRQHandler                  0x08000327   Thumb Code     0  startup_stm32f427xx.o(.text)
    DMA1_Stream5_IRQHandler                  0x08000327   Thumb Code     0  startup_stm32f427xx.o(.text)
    DMA1_Stream6_IRQHandler                  0x08000327   Thumb Code     0  startup_stm32f427xx.o(.text)
    DMA1_Stream7_IRQHandler                  0x08000327   Thumb Code     0  startup_stm32f427xx.o(.text)
    DMA2D_IRQHandler                         0x08000327   Thumb Code     0  startup_stm32f427xx.o(.text)
    DMA2_Stream0_IRQHandler                  0x08000327   Thumb Code     0  startup_stm32f427xx.o(.text)
    DMA2_Stream1_IRQHandler                  0x08000327   Thumb Code     0  startup_stm32f427xx.o(.text)
    DMA2_Stream3_IRQHandler                  0x08000327   Thumb Code     0  startup_stm32f427xx.o(.text)
    DMA2_Stream4_IRQHandler                  0x08000327   Thumb Code     0  startup_stm32f427xx.o(.text)
    DMA2_Stream5_IRQHandler                  0x08000327   Thumb Code     0  startup_stm32f427xx.o(.text)
    DMA2_Stream6_IRQHandler                  0x08000327   Thumb Code     0  startup_stm32f427xx.o(.text)
    DMA2_Stream7_IRQHandler                  0x08000327   Thumb Code     0  startup_stm32f427xx.o(.text)
    ETH_IRQHandler                           0x08000327   Thumb Code     0  startup_stm32f427xx.o(.text)
    ETH_WKUP_IRQHandler                      0x08000327   Thumb Code     0  startup_stm32f427xx.o(.text)
    EXTI0_IRQHandler                         0x08000327   Thumb Code     0  startup_stm32f427xx.o(.text)
    EXTI15_10_IRQHandler                     0x08000327   Thumb Code     0  startup_stm32f427xx.o(.text)
    EXTI1_IRQHandler                         0x08000327   Thumb Code     0  startup_stm32f427xx.o(.text)
    EXTI2_IRQHandler                         0x08000327   Thumb Code     0  startup_stm32f427xx.o(.text)
    EXTI3_IRQHandler                         0x08000327   Thumb Code     0  startup_stm32f427xx.o(.text)
    EXTI4_IRQHandler                         0x08000327   Thumb Code     0  startup_stm32f427xx.o(.text)
    EXTI9_5_IRQHandler                       0x08000327   Thumb Code     0  startup_stm32f427xx.o(.text)
    FLASH_IRQHandler                         0x08000327   Thumb Code     0  startup_stm32f427xx.o(.text)
    FMC_IRQHandler                           0x08000327   Thumb Code     0  startup_stm32f427xx.o(.text)
    FPU_IRQHandler                           0x08000327   Thumb Code     0  startup_stm32f427xx.o(.text)
    HASH_RNG_IRQHandler                      0x08000327   Thumb Code     0  startup_stm32f427xx.o(.text)
    I2C1_ER_IRQHandler                       0x08000327   Thumb Code     0  startup_stm32f427xx.o(.text)
    I2C1_EV_IRQHandler                       0x08000327   Thumb Code     0  startup_stm32f427xx.o(.text)
    I2C2_ER_IRQHandler                       0x08000327   Thumb Code     0  startup_stm32f427xx.o(.text)
    I2C2_EV_IRQHandler                       0x08000327   Thumb Code     0  startup_stm32f427xx.o(.text)
    I2C3_ER_IRQHandler                       0x08000327   Thumb Code     0  startup_stm32f427xx.o(.text)
    I2C3_EV_IRQHandler                       0x08000327   Thumb Code     0  startup_stm32f427xx.o(.text)
    OTG_FS_IRQHandler                        0x08000327   Thumb Code     0  startup_stm32f427xx.o(.text)
    OTG_FS_WKUP_IRQHandler                   0x08000327   Thumb Code     0  startup_stm32f427xx.o(.text)
    OTG_HS_EP1_IN_IRQHandler                 0x08000327   Thumb Code     0  startup_stm32f427xx.o(.text)
    OTG_HS_EP1_OUT_IRQHandler                0x08000327   Thumb Code     0  startup_stm32f427xx.o(.text)
    OTG_HS_IRQHandler                        0x08000327   Thumb Code     0  startup_stm32f427xx.o(.text)
    OTG_HS_WKUP_IRQHandler                   0x08000327   Thumb Code     0  startup_stm32f427xx.o(.text)
    PVD_IRQHandler                           0x08000327   Thumb Code     0  startup_stm32f427xx.o(.text)
    RCC_IRQHandler                           0x08000327   Thumb Code     0  startup_stm32f427xx.o(.text)
    RTC_Alarm_IRQHandler                     0x08000327   Thumb Code     0  startup_stm32f427xx.o(.text)
    RTC_WKUP_IRQHandler                      0x08000327   Thumb Code     0  startup_stm32f427xx.o(.text)
    SAI1_IRQHandler                          0x08000327   Thumb Code     0  startup_stm32f427xx.o(.text)
    SDIO_IRQHandler                          0x08000327   Thumb Code     0  startup_stm32f427xx.o(.text)
    SPI1_IRQHandler                          0x08000327   Thumb Code     0  startup_stm32f427xx.o(.text)
    SPI2_IRQHandler                          0x08000327   Thumb Code     0  startup_stm32f427xx.o(.text)
    SPI3_IRQHandler                          0x08000327   Thumb Code     0  startup_stm32f427xx.o(.text)
    SPI4_IRQHandler                          0x08000327   Thumb Code     0  startup_stm32f427xx.o(.text)
    SPI5_IRQHandler                          0x08000327   Thumb Code     0  startup_stm32f427xx.o(.text)
    SPI6_IRQHandler                          0x08000327   Thumb Code     0  startup_stm32f427xx.o(.text)
    TAMP_STAMP_IRQHandler                    0x08000327   Thumb Code     0  startup_stm32f427xx.o(.text)
    TIM1_BRK_TIM9_IRQHandler                 0x08000327   Thumb Code     0  startup_stm32f427xx.o(.text)
    TIM1_CC_IRQHandler                       0x08000327   Thumb Code     0  startup_stm32f427xx.o(.text)
    TIM1_TRG_COM_TIM11_IRQHandler            0x08000327   Thumb Code     0  startup_stm32f427xx.o(.text)
    TIM1_UP_TIM10_IRQHandler                 0x08000327   Thumb Code     0  startup_stm32f427xx.o(.text)
    TIM2_IRQHandler                          0x08000327   Thumb Code     0  startup_stm32f427xx.o(.text)
    TIM3_IRQHandler                          0x08000327   Thumb Code     0  startup_stm32f427xx.o(.text)
    TIM4_IRQHandler                          0x08000327   Thumb Code     0  startup_stm32f427xx.o(.text)
    TIM5_IRQHandler                          0x08000327   Thumb Code     0  startup_stm32f427xx.o(.text)
    TIM7_IRQHandler                          0x08000327   Thumb Code     0  startup_stm32f427xx.o(.text)
    TIM8_BRK_TIM12_IRQHandler                0x08000327   Thumb Code     0  startup_stm32f427xx.o(.text)
    TIM8_CC_IRQHandler                       0x08000327   Thumb Code     0  startup_stm32f427xx.o(.text)
    TIM8_TRG_COM_TIM14_IRQHandler            0x08000327   Thumb Code     0  startup_stm32f427xx.o(.text)
    TIM8_UP_TIM13_IRQHandler                 0x08000327   Thumb Code     0  startup_stm32f427xx.o(.text)
    UART4_IRQHandler                         0x08000327   Thumb Code     0  startup_stm32f427xx.o(.text)
    UART5_IRQHandler                         0x08000327   Thumb Code     0  startup_stm32f427xx.o(.text)
    UART7_IRQHandler                         0x08000327   Thumb Code     0  startup_stm32f427xx.o(.text)
    UART8_IRQHandler                         0x08000327   Thumb Code     0  startup_stm32f427xx.o(.text)
    USART2_IRQHandler                        0x08000327   Thumb Code     0  startup_stm32f427xx.o(.text)
    USART3_IRQHandler                        0x08000327   Thumb Code     0  startup_stm32f427xx.o(.text)
    USART6_IRQHandler                        0x08000327   Thumb Code     0  startup_stm32f427xx.o(.text)
    WWDG_IRQHandler                          0x08000327   Thumb Code     0  startup_stm32f427xx.o(.text)
    __user_initial_stackheap                 0x08000329   Thumb Code     0  startup_stm32f427xx.o(.text)
    __aeabi_uldivmod                         0x0800034d   Thumb Code     0  lludivv7m.o(.text)
    _ll_udiv                                 0x0800034d   Thumb Code   238  lludivv7m.o(.text)
    __aeabi_memcpy4                          0x0800043b   Thumb Code     0  rt_memcpy_w.o(.text)
    __aeabi_memcpy8                          0x0800043b   Thumb Code     0  rt_memcpy_w.o(.text)
    __rt_memcpy_w                            0x0800043b   Thumb Code   100  rt_memcpy_w.o(.text)
    _memcpy_lastbytes_aligned                0x08000483   Thumb Code     0  rt_memcpy_w.o(.text)
    __aeabi_memclr4                          0x0800049f   Thumb Code     0  rt_memclr_w.o(.text)
    __aeabi_memclr8                          0x0800049f   Thumb Code     0  rt_memclr_w.o(.text)
    __rt_memclr_w                            0x0800049f   Thumb Code    78  rt_memclr_w.o(.text)
    _memset_w                                0x080004a3   Thumb Code     0  rt_memclr_w.o(.text)
    __use_two_region_memory                  0x080004ed   Thumb Code     2  heapauxi.o(.text)
    __rt_heap_escrow$2region                 0x080004ef   Thumb Code     2  heapauxi.o(.text)
    __rt_heap_expand$2region                 0x080004f1   Thumb Code     2  heapauxi.o(.text)
    __read_errno                             0x080004f3   Thumb Code    10  _rserrno.o(.text)
    __set_errno                              0x080004fd   Thumb Code    12  _rserrno.o(.text)
    __aeabi_errno_addr                       0x08000509   Thumb Code     8  rt_errno_addr_intlibspace.o(.text)
    __errno$intlibspace                      0x08000509   Thumb Code     0  rt_errno_addr_intlibspace.o(.text)
    __rt_errno_addr$intlibspace              0x08000509   Thumb Code     0  rt_errno_addr_intlibspace.o(.text)
    __user_libspace                          0x08000511   Thumb Code     8  libspace.o(.text)
    __user_perproc_libspace                  0x08000511   Thumb Code     0  libspace.o(.text)
    __user_perthread_libspace                0x08000511   Thumb Code     0  libspace.o(.text)
    __user_setup_stackheap                   0x08000519   Thumb Code    74  sys_stackheap_outer.o(.text)
    exit                                     0x08000563   Thumb Code    18  exit.o(.text)
    _sys_exit                                0x08000575   Thumb Code     8  sys_exit.o(.text)
    __I$use$semihosting                      0x08000581   Thumb Code     0  use_no_semi.o(.text)
    __use_no_semihosting_swi                 0x08000581   Thumb Code     2  use_no_semi.o(.text)
    __semihosting_library_function           0x08000583   Thumb Code     0  indicate_semi.o(.text)
    Board_A_IMU_Calc_Angle                   0x08000585   Thumb Code   154  board_a_imu.o(i.Board_A_IMU_Calc_Angle)
    Board_A_IMU_Calibrate                    0x08000631   Thumb Code   156  board_a_imu.o(i.Board_A_IMU_Calibrate)
    Board_A_IMU_Init                         0x08000761   Thumb Code    56  board_a_imu.o(i.Board_A_IMU_Init)
    Board_A_IMU_Read_Data                    0x080007f9   Thumb Code   404  board_a_imu.o(i.Board_A_IMU_Read_Data)
    Board_A_IMU_Reset                        0x0800099d   Thumb Code    22  board_a_imu.o(i.Board_A_IMU_Reset)
    Board_A_IMU_Temp_Control                 0x080009b9   Thumb Code    34  imu_temp_control.o(i.Board_A_IMU_Temp_Control)
    Board_A_IMU_Temp_Control_Init            0x080009e9   Thumb Code     8  imu_temp_control.o(i.Board_A_IMU_Temp_Control_Init)
    BusFault_Handler                         0x08000a49   Thumb Code     2  stm32f4xx_it.o(i.BusFault_Handler)
    Check_DR16                               0x08000a4d   Thumb Code    22  dr16_remote.o(i.Check_DR16)
    DMA2_Stream2_IRQHandler                  0x08000a69   Thumb Code     2  stm32f4xx_it.o(i.DMA2_Stream2_IRQHandler)
    DR16_Data_Process                        0x08000b11   Thumb Code   200  dr16_remote.o(i.DR16_Data_Process)
    DR16_Handler                             0x08000bdd   Thumb Code    54  dr16_remote.o(i.DR16_Handler)
    DR16_USART_Receive_DMA                   0x08000c19   Thumb Code    72  dr16_remote.o(i.DR16_USART_Receive_DMA)
    DebugMon_Handler                         0x08000c65   Thumb Code     2  stm32f4xx_it.o(i.DebugMon_Handler)
    Error_Handler                            0x08000c67   Thumb Code     4  main.o(i.Error_Handler)
    FusionAhrsGetQuaternion                  0x08000c6b   Thumb Code     8  fusionahrs.o(i.FusionAhrsGetQuaternion)
    FusionAhrsInitialise                     0x08000c75   Thumb Code    28  fusionahrs.o(i.FusionAhrsInitialise)
    FusionAhrsReset                          0x08000c95   Thumb Code    70  fusionahrs.o(i.FusionAhrsReset)
    FusionAhrsSetHeading                     0x08000ce1   Thumb Code   202  fusionahrs.o(i.FusionAhrsSetHeading)
    FusionAhrsSetSettings                    0x08000dad   Thumb Code   172  fusionahrs.o(i.FusionAhrsSetSettings)
    FusionAhrsUpdate                         0x08000e5d   Thumb Code   872  fusionahrs.o(i.FusionAhrsUpdate)
    FusionAhrsUpdateNoMagnetometer           0x080011c5   Thumb Code    58  fusionahrs.o(i.FusionAhrsUpdateNoMagnetometer)
    FusionCompassCalculateHeading            0x08001205   Thumb Code    76  fusioncompass.o(i.FusionCompassCalculateHeading)
    General_Init                             0x0800146d   Thumb Code    44  freertos.o(i.General_Init)
    HAL_DMA_Init                             0x080014b1   Thumb Code   206  stm32f4xx_hal_dma.o(i.HAL_DMA_Init)
    HAL_DMA_Start                            0x08001585   Thumb Code    70  stm32f4xx_hal_dma.o(i.HAL_DMA_Start)
    HAL_Delay                                0x080015cd   Thumb Code    32  stm32f4xx_hal.o(i.HAL_Delay)
    HAL_GPIO_Init                            0x080015f1   Thumb Code   510  stm32f4xx_hal_gpio.o(i.HAL_GPIO_Init)
    HAL_GPIO_WritePin                        0x08001825   Thumb Code    10  stm32f4xx_hal_gpio.o(i.HAL_GPIO_WritePin)
    HAL_GetTick                              0x08001831   Thumb Code     6  stm32f4xx_hal.o(i.HAL_GetTick)
    HAL_IncTick                              0x0800183d   Thumb Code    12  stm32f4xx_hal.o(i.HAL_IncTick)
    HAL_Init                                 0x0800184d   Thumb Code    48  stm32f4xx_hal.o(i.HAL_Init)
    HAL_InitTick                             0x08001881   Thumb Code   132  stm32f4xx_hal_timebase_tim.o(i.HAL_InitTick)
    HAL_MspInit                              0x08001919   Thumb Code    52  stm32f4xx_hal_msp.o(i.HAL_MspInit)
    HAL_NVIC_EnableIRQ                       0x08001951   Thumb Code    26  stm32f4xx_hal_cortex.o(i.HAL_NVIC_EnableIRQ)
    HAL_NVIC_SetPriority                     0x0800196d   Thumb Code    60  stm32f4xx_hal_cortex.o(i.HAL_NVIC_SetPriority)
    HAL_NVIC_SetPriorityGrouping             0x080019ad   Thumb Code    26  stm32f4xx_hal_cortex.o(i.HAL_NVIC_SetPriorityGrouping)
    HAL_RCC_ClockConfig                      0x080019d1   Thumb Code   288  stm32f4xx_hal_rcc.o(i.HAL_RCC_ClockConfig)
    HAL_RCC_GetClockConfig                   0x08001b05   Thumb Code    54  stm32f4xx_hal_rcc.o(i.HAL_RCC_GetClockConfig)
    HAL_RCC_GetPCLK1Freq                     0x08001b45   Thumb Code    20  stm32f4xx_hal_rcc.o(i.HAL_RCC_GetPCLK1Freq)
    HAL_RCC_GetPCLK2Freq                     0x08001b65   Thumb Code    20  stm32f4xx_hal_rcc.o(i.HAL_RCC_GetPCLK2Freq)
    HAL_RCC_GetSysClockFreq                  0x08001b85   Thumb Code    88  stm32f4xx_hal_rcc.o(i.HAL_RCC_GetSysClockFreq)
    HAL_RCC_OscConfig                        0x08001be9   Thumb Code   856  stm32f4xx_hal_rcc.o(i.HAL_RCC_OscConfig)
    HAL_SPI_Init                             0x08001f55   Thumb Code   188  stm32f4xx_hal_spi.o(i.HAL_SPI_Init)
    HAL_SPI_MspInit                          0x08002011   Thumb Code    94  spi.o(i.HAL_SPI_MspInit)
    HAL_SPI_TransmitReceive                  0x0800207d   Thumb Code   482  stm32f4xx_hal_spi.o(i.HAL_SPI_TransmitReceive)
    HAL_TIMEx_BreakCallback                  0x0800225f   Thumb Code     2  stm32f4xx_hal_tim_ex.o(i.HAL_TIMEx_BreakCallback)
    HAL_TIMEx_CommutCallback                 0x08002261   Thumb Code     2  stm32f4xx_hal_tim_ex.o(i.HAL_TIMEx_CommutCallback)
    HAL_TIMEx_ConfigBreakDeadTime            0x08002263   Thumb Code    84  stm32f4xx_hal_tim_ex.o(i.HAL_TIMEx_ConfigBreakDeadTime)
    HAL_TIMEx_MasterConfigSynchronization    0x080022b9   Thumb Code   116  stm32f4xx_hal_tim_ex.o(i.HAL_TIMEx_MasterConfigSynchronization)
    HAL_TIM_Base_Init                        0x08002349   Thumb Code    90  stm32f4xx_hal_tim.o(i.HAL_TIM_Base_Init)
    HAL_TIM_Base_MspInit                     0x080023a5   Thumb Code    64  tim.o(i.HAL_TIM_Base_MspInit)
    HAL_TIM_Base_Start_IT                    0x080023f5   Thumb Code   100  stm32f4xx_hal_tim.o(i.HAL_TIM_Base_Start_IT)
    HAL_TIM_ConfigClockSource                0x08002475   Thumb Code   220  stm32f4xx_hal_tim.o(i.HAL_TIM_ConfigClockSource)
    HAL_TIM_Encoder_Init                     0x08002551   Thumb Code   164  stm32f4xx_hal_tim.o(i.HAL_TIM_Encoder_Init)
    HAL_TIM_Encoder_MspInit                  0x080025f5   Thumb Code   142  tim.o(i.HAL_TIM_Encoder_MspInit)
    HAL_TIM_IC_CaptureCallback               0x08002699   Thumb Code     2  stm32f4xx_hal_tim.o(i.HAL_TIM_IC_CaptureCallback)
    HAL_TIM_IRQHandler                       0x0800269b   Thumb Code   358  stm32f4xx_hal_tim.o(i.HAL_TIM_IRQHandler)
    HAL_TIM_MspPostInit                      0x08002801   Thumb Code   110  tim.o(i.HAL_TIM_MspPostInit)
    HAL_TIM_OC_DelayElapsedCallback          0x08002885   Thumb Code     2  stm32f4xx_hal_tim.o(i.HAL_TIM_OC_DelayElapsedCallback)
    HAL_TIM_PWM_ConfigChannel                0x08002887   Thumb Code   204  stm32f4xx_hal_tim.o(i.HAL_TIM_PWM_ConfigChannel)
    HAL_TIM_PWM_Init                         0x08002953   Thumb Code    90  stm32f4xx_hal_tim.o(i.HAL_TIM_PWM_Init)
    HAL_TIM_PWM_MspInit                      0x080029ad   Thumb Code     2  stm32f4xx_hal_tim.o(i.HAL_TIM_PWM_MspInit)
    HAL_TIM_PWM_PulseFinishedCallback        0x080029af   Thumb Code     2  stm32f4xx_hal_tim.o(i.HAL_TIM_PWM_PulseFinishedCallback)
    HAL_TIM_PWM_Start                        0x080029b1   Thumb Code   172  stm32f4xx_hal_tim.o(i.HAL_TIM_PWM_Start)
    HAL_TIM_PeriodElapsedCallback            0x08002a79   Thumb Code    14  main.o(i.HAL_TIM_PeriodElapsedCallback)
    HAL_TIM_TriggerCallback                  0x08002a8d   Thumb Code     2  stm32f4xx_hal_tim.o(i.HAL_TIM_TriggerCallback)
    HAL_UART_Init                            0x08002a8f   Thumb Code    98  stm32f4xx_hal_uart.o(i.HAL_UART_Init)
    HAL_UART_MspInit                         0x08002af1   Thumb Code   158  usart.o(i.HAL_UART_MspInit)
    HardFault_Handler                        0x08002ba5   Thumb Code     2  stm32f4xx_it.o(i.HardFault_Handler)
    Key_State_Clear                          0x08002d63   Thumb Code    10  dr16_remote.o(i.Key_State_Clear)
    Key_State_Detect                         0x08002d6d   Thumb Code    32  dr16_remote.o(i.Key_State_Detect)
    Keyboard_Data_Process                    0x08002d8d   Thumb Code   376  dr16_remote.o(i.Keyboard_Data_Process)
    MX_DMA_Init                              0x08002f09   Thumb Code    40  dma.o(i.MX_DMA_Init)
    MX_FREERTOS_Init                         0x08002f35   Thumb Code    74  freertos.o(i.MX_FREERTOS_Init)
    MX_GPIO_Init                             0x08002f89   Thumb Code   230  gpio.o(i.MX_GPIO_Init)
    MX_SPI5_Init                             0x08003085   Thumb Code    62  spi.o(i.MX_SPI5_Init)
    MX_TIM12_Init                            0x080030cd   Thumb Code    64  tim.o(i.MX_TIM12_Init)
    MX_TIM3_Init                             0x08003115   Thumb Code   142  tim.o(i.MX_TIM3_Init)
    MX_TIM4_Init                             0x080031ad   Thumb Code   100  tim.o(i.MX_TIM4_Init)
    MX_TIM5_Init                             0x08003219   Thumb Code    98  tim.o(i.MX_TIM5_Init)
    MX_TIM8_Init                             0x08003285   Thumb Code   212  tim.o(i.MX_TIM8_Init)
    MX_USART1_UART_Init                      0x08003361   Thumb Code    46  usart.o(i.MX_USART1_UART_Init)
    MemManage_Handler                        0x0800339d   Thumb Code     2  stm32f4xx_it.o(i.MemManage_Handler)
    Motors_Change_Direction                  0x0800339f   Thumb Code     2  motors.o(i.Motors_Change_Direction)
    Motors_Init                              0x080033a1   Thumb Code     2  motors.o(i.Motors_Init)
    Motors_Send_PWM                          0x080033a3   Thumb Code     2  motors.o(i.Motors_Send_PWM)
    NMI_Handler                              0x080033a5   Thumb Code     2  stm32f4xx_it.o(i.NMI_Handler)
    Robot_Control                            0x080033a9   Thumb Code    28  freertos.o(i.Robot_Control)
    Robot_Get_Data                           0x080033c9   Thumb Code     2  robot_control.o(i.Robot_Get_Data)
    Robot_In_Control                         0x080033cb   Thumb Code     2  robot_control.o(i.Robot_In_Control)
    StartIMUTask                             0x080034dd   Thumb Code    38  freertos.o(i.StartIMUTask)
    SysTick_Handler                          0x08003511   Thumb Code    38  port.o(i.SysTick_Handler)
    SystemClock_Config                       0x0800353d   Thumb Code   140  main.o(i.SystemClock_Config)
    SystemInit                               0x080035d1   Thumb Code    12  system_stm32f4xx.o(i.SystemInit)
    TIM6_DAC_IRQHandler                      0x080035e1   Thumb Code     6  stm32f4xx_it.o(i.TIM6_DAC_IRQHandler)
    TIM_Base_SetConfig                       0x080035ed   Thumb Code   156  stm32f4xx_hal_tim.o(i.TIM_Base_SetConfig)
    TIM_CCxChannelCmd                        0x080036b5   Thumb Code    26  stm32f4xx_hal_tim.o(i.TIM_CCxChannelCmd)
    TIM_ETR_SetConfig                        0x080036cf   Thumb Code    20  stm32f4xx_hal_tim.o(i.TIM_ETR_SetConfig)
    TIM_OC2_SetConfig                        0x08003755   Thumb Code    98  stm32f4xx_hal_tim.o(i.TIM_OC2_SetConfig)
    USART1_IRQHandler                        0x080039cd   Thumb Code    36  stm32f4xx_it.o(i.USART1_IRQHandler)
    UsageFault_Handler                       0x080039f9   Thumb Code     2  stm32f4xx_it.o(i.UsageFault_Handler)
    __ARM_fpclassifyf                        0x080039fb   Thumb Code    38  fpclassifyf.o(i.__ARM_fpclassifyf)
    __hardfp_asinf                           0x08003a41   Thumb Code   258  asinf.o(i.__hardfp_asinf)
    __hardfp_atan2f                          0x08003b6d   Thumb Code   594  atan2f.o(i.__hardfp_atan2f)
    __hardfp_cosf                            0x08003e19   Thumb Code   280  cosf.o(i.__hardfp_cosf)
    __hardfp_powf                            0x08003f69   Thumb Code  1606  powf.o(i.__hardfp_powf)
    __mathlib_powf                           0x08003f69   Thumb Code     0  powf.o(i.__hardfp_powf)
    __hardfp_sinf                            0x080045cd   Thumb Code   344  sinf.o(i.__hardfp_sinf)
    __mathlib_flt_divzero                    0x0800475d   Thumb Code    14  funder.o(i.__mathlib_flt_divzero)
    __mathlib_flt_infnan                     0x08004771   Thumb Code     6  funder.o(i.__mathlib_flt_infnan)
    __mathlib_flt_infnan2                    0x08004777   Thumb Code     6  funder.o(i.__mathlib_flt_infnan2)
    __mathlib_flt_invalid                    0x0800477d   Thumb Code    10  funder.o(i.__mathlib_flt_invalid)
    __mathlib_flt_overflow                   0x0800478d   Thumb Code    10  funder.o(i.__mathlib_flt_overflow)
    __mathlib_flt_underflow                  0x0800479d   Thumb Code    10  funder.o(i.__mathlib_flt_underflow)
    __mathlib_rredf2                         0x080047ad   Thumb Code   316  rredf.o(i.__mathlib_rredf2)
    main                                     0x08004901   Thumb Code    54  main.o(i.main)
    osKernelStart                            0x08004943   Thumb Code    10  cmsis_os.o(i.osKernelStart)
    osThreadCreate                           0x0800494d   Thumb Code    84  cmsis_os.o(i.osThreadCreate)
    pvPortMalloc                             0x08004ced   Thumb Code   216  heap_4.o(i.pvPortMalloc)
    pxPortInitialiseStack                    0x08004dc9   Thumb Code    40  port.o(i.pxPortInitialiseStack)
    sqrtf                                    0x08004df5   Thumb Code    62  sqrtf.o(i.sqrtf)
    uxListRemove                             0x08004e33   Thumb Code    38  list.o(i.uxListRemove)
    vApplicationGetIdleTaskMemory            0x08004e59   Thumb Code    16  freertos.o(i.vApplicationGetIdleTaskMemory)
    vListInitialise                          0x08004e6d   Thumb Code    22  list.o(i.vListInitialise)
    vListInitialiseItem                      0x08004e83   Thumb Code     6  list.o(i.vListInitialiseItem)
    vListInsert                              0x08004e89   Thumb Code    48  list.o(i.vListInsert)
    vListInsertEnd                           0x08004eb9   Thumb Code    24  list.o(i.vListInsertEnd)
    vPortEnterCritical                       0x08004ed1   Thumb Code    54  port.o(i.vPortEnterCritical)
    vPortExitCritical                        0x08004f11   Thumb Code    34  port.o(i.vPortExitCritical)
    vPortFree                                0x08004f39   Thumb Code    94  heap_4.o(i.vPortFree)
    vPortSetupTimerInterrupt                 0x08004f9d   Thumb Code    32  port.o(i.vPortSetupTimerInterrupt)
    vTaskDelayUntil                          0x08004fc1   Thumb Code   132  tasks.o(i.vTaskDelayUntil)
    vTaskDelete                              0x0800504d   Thumb Code   158  tasks.o(i.vTaskDelete)
    vTaskStartScheduler                      0x080050f9   Thumb Code    90  tasks.o(i.vTaskStartScheduler)
    vTaskSuspendAll                          0x08005165   Thumb Code    10  tasks.o(i.vTaskSuspendAll)
    vTaskSwitchContext                       0x08005175   Thumb Code    82  tasks.o(i.vTaskSwitchContext)
    xPortStartScheduler                      0x080051d1   Thumb Code   222  port.o(i.xPortStartScheduler)
    xTaskCreate                              0x080052c5   Thumb Code    90  tasks.o(i.xTaskCreate)
    xTaskCreateStatic                        0x0800531f   Thumb Code    86  tasks.o(i.xTaskCreateStatic)
    xTaskGetTickCount                        0x08005375   Thumb Code     6  tasks.o(i.xTaskGetTickCount)
    xTaskIncrementTick                       0x08005381   Thumb Code   194  tasks.o(i.xTaskIncrementTick)
    xTaskResumeAll                           0x0800544d   Thumb Code   182  tasks.o(i.xTaskResumeAll)
    _fp_init                                 0x08005511   Thumb Code    10  fpinit.o(x$fpl$fpinit)
    __fplib_config_fpu_vfp                   0x08005519   Thumb Code     0  fpinit.o(x$fpl$fpinit)
    __fplib_config_pureend_doubles           0x08005519   Thumb Code     0  fpinit.o(x$fpl$fpinit)
    __I$use$fp                               0x0800551a   Number         0  usenofp.o(x$fpl$usenofp)
    AHBPrescTable                            0x08005578   Data          16  system_stm32f4xx.o(.constdata)
    APBPrescTable                            0x08005588   Data           8  system_stm32f4xx.o(.constdata)
    Region$$Table$$Base                      0x0800574c   Number         0  anon$$obj.o(Region$$Table)
    Region$$Table$$Limit                     0x0800576c   Number         0  anon$$obj.o(Region$$Table)
    Task_IMUHandle                           0x20000000   Data           4  freertos.o(.data)
    Task_InitHandle                          0x20000004   Data           4  freertos.o(.data)
    Task_Robot_CtrlHandle                    0x20000008   Data           4  freertos.o(.data)
    uwTickFreq                               0x2000000c   Data           1  stm32f4xx_hal.o(.data)
    uwTickPrio                               0x20000010   Data           4  stm32f4xx_hal.o(.data)
    uwTick                                   0x20000014   Data           4  stm32f4xx_hal.o(.data)
    SystemCoreClock                          0x20000018   Data           4  system_stm32f4xx.o(.data)
    pxCurrentTCB                             0x2000001c   Data           4  tasks.o(.data)
    IMU_Temp_Control_Func                    0x20000084   Data           8  imu_temp_control.o(.data)
    Robot_Func                               0x2000008c   Data           8  robot_control.o(.data)
    Board_A_IMU_Func                         0x20000094   Data          20  board_a_imu.o(.data)
    DR16_Func                                0x200000b8   Data          28  dr16_remote.o(.data)
    Motors_Func                              0x200000d4   Data          12  motors.o(.data)
    hspi5                                    0x20000334   Data          88  spi.o(.bss)
    htim3                                    0x2000038c   Data          72  tim.o(.bss)
    htim4                                    0x200003d4   Data          72  tim.o(.bss)
    htim5                                    0x2000041c   Data          72  tim.o(.bss)
    htim8                                    0x20000464   Data          72  tim.o(.bss)
    htim12                                   0x200004ac   Data          72  tim.o(.bss)
    huart1                                   0x200004f4   Data          68  usart.o(.bss)
    hdma_usart1_rx                           0x20000538   Data          96  usart.o(.bss)
    htim6                                    0x20000598   Data          72  stm32f4xx_hal_timebase_tim.o(.bss)
    Board_A_IMU                              0x200042d0   Data         152  board_a_imu.o(.bss)
    Board_A_IMU_AHRS                         0x20004368   Data         100  board_a_imu.o(.bss)
    DR16_Export_Data                         0x200043cc   Data          96  dr16_remote.o(.bss)
    __libspace_start                         0x2000442c   Data          96  libspace.o(.bss)
    __temporary_stack_top$libspace           0x2000448c   Data           0  libspace.o(.bss)



==============================================================================

Memory Map of the image

  Image Entry point : 0x080001ad

  Load Region LR_IROM1 (Base: 0x08000000, Size: 0x0000584c, Max: 0x00200000, ABSOLUTE)

    Execution Region ER_IROM1 (Exec base: 0x08000000, Load base: 0x08000000, Size: 0x0000576c, Max: 0x00200000, ABSOLUTE)

    Exec Addr    Load Addr    Size         Type   Attr      Idx    E Section Name        Object

    0x08000000   0x08000000   0x000001ac   Data   RO            3    RESET               startup_stm32f427xx.o
    0x080001ac   0x080001ac   0x00000008   Code   RO         5452  * !!!main             c_w.l(__main.o)
    0x080001b4   0x080001b4   0x00000034   Code   RO         5726    !!!scatter          c_w.l(__scatter.o)
    0x080001e8   0x080001e8   0x0000001a   Code   RO         5728    !!handler_copy      c_w.l(__scatter_copy.o)
    0x08000202   0x08000202   0x00000002   PAD
    0x08000204   0x08000204   0x0000001c   Code   RO         5730    !!handler_zi        c_w.l(__scatter_zi.o)
    0x08000220   0x08000220   0x00000002   Code   RO         5597    .ARM.Collect$$libinit$$00000000  c_w.l(libinit.o)
    0x08000222   0x08000222   0x00000004   Code   RO         5606    .ARM.Collect$$libinit$$00000001  c_w.l(libinit2.o)
    0x08000226   0x08000226   0x00000000   Code   RO         5609    .ARM.Collect$$libinit$$00000004  c_w.l(libinit2.o)
    0x08000226   0x08000226   0x00000000   Code   RO         5612    .ARM.Collect$$libinit$$0000000A  c_w.l(libinit2.o)
    0x08000226   0x08000226   0x00000000   Code   RO         5614    .ARM.Collect$$libinit$$0000000C  c_w.l(libinit2.o)
    0x08000226   0x08000226   0x00000000   Code   RO         5616    .ARM.Collect$$libinit$$0000000E  c_w.l(libinit2.o)
    0x08000226   0x08000226   0x00000000   Code   RO         5619    .ARM.Collect$$libinit$$00000011  c_w.l(libinit2.o)
    0x08000226   0x08000226   0x00000000   Code   RO         5621    .ARM.Collect$$libinit$$00000013  c_w.l(libinit2.o)
    0x08000226   0x08000226   0x00000000   Code   RO         5623    .ARM.Collect$$libinit$$00000015  c_w.l(libinit2.o)
    0x08000226   0x08000226   0x00000000   Code   RO         5625    .ARM.Collect$$libinit$$00000017  c_w.l(libinit2.o)
    0x08000226   0x08000226   0x00000000   Code   RO         5627    .ARM.Collect$$libinit$$00000019  c_w.l(libinit2.o)
    0x08000226   0x08000226   0x00000000   Code   RO         5629    .ARM.Collect$$libinit$$0000001B  c_w.l(libinit2.o)
    0x08000226   0x08000226   0x00000000   Code   RO         5631    .ARM.Collect$$libinit$$0000001D  c_w.l(libinit2.o)
    0x08000226   0x08000226   0x00000000   Code   RO         5633    .ARM.Collect$$libinit$$0000001F  c_w.l(libinit2.o)
    0x08000226   0x08000226   0x00000000   Code   RO         5635    .ARM.Collect$$libinit$$00000021  c_w.l(libinit2.o)
    0x08000226   0x08000226   0x00000000   Code   RO         5637    .ARM.Collect$$libinit$$00000023  c_w.l(libinit2.o)
    0x08000226   0x08000226   0x00000000   Code   RO         5639    .ARM.Collect$$libinit$$00000025  c_w.l(libinit2.o)
    0x08000226   0x08000226   0x00000000   Code   RO         5643    .ARM.Collect$$libinit$$0000002C  c_w.l(libinit2.o)
    0x08000226   0x08000226   0x00000000   Code   RO         5645    .ARM.Collect$$libinit$$0000002E  c_w.l(libinit2.o)
    0x08000226   0x08000226   0x00000000   Code   RO         5647    .ARM.Collect$$libinit$$00000030  c_w.l(libinit2.o)
    0x08000226   0x08000226   0x00000000   Code   RO         5649    .ARM.Collect$$libinit$$00000032  c_w.l(libinit2.o)
    0x08000226   0x08000226   0x00000002   Code   RO         5650    .ARM.Collect$$libinit$$00000033  c_w.l(libinit2.o)
    0x08000228   0x08000228   0x00000002   Code   RO         5681    .ARM.Collect$$libshutdown$$00000000  c_w.l(libshutdown.o)
    0x0800022a   0x0800022a   0x00000000   Code   RO         5707    .ARM.Collect$$libshutdown$$00000002  c_w.l(libshutdown2.o)
    0x0800022a   0x0800022a   0x00000000   Code   RO         5709    .ARM.Collect$$libshutdown$$00000004  c_w.l(libshutdown2.o)
    0x0800022a   0x0800022a   0x00000000   Code   RO         5711    .ARM.Collect$$libshutdown$$00000006  c_w.l(libshutdown2.o)
    0x0800022a   0x0800022a   0x00000000   Code   RO         5714    .ARM.Collect$$libshutdown$$00000009  c_w.l(libshutdown2.o)
    0x0800022a   0x0800022a   0x00000000   Code   RO         5717    .ARM.Collect$$libshutdown$$0000000C  c_w.l(libshutdown2.o)
    0x0800022a   0x0800022a   0x00000000   Code   RO         5719    .ARM.Collect$$libshutdown$$0000000E  c_w.l(libshutdown2.o)
    0x0800022a   0x0800022a   0x00000000   Code   RO         5722    .ARM.Collect$$libshutdown$$00000011  c_w.l(libshutdown2.o)
    0x0800022a   0x0800022a   0x00000002   Code   RO         5723    .ARM.Collect$$libshutdown$$00000012  c_w.l(libshutdown2.o)
    0x0800022c   0x0800022c   0x00000000   Code   RO         5528    .ARM.Collect$$rtentry$$00000000  c_w.l(__rtentry.o)
    0x0800022c   0x0800022c   0x00000000   Code   RO         5560    .ARM.Collect$$rtentry$$00000002  c_w.l(__rtentry2.o)
    0x0800022c   0x0800022c   0x00000006   Code   RO         5572    .ARM.Collect$$rtentry$$00000004  c_w.l(__rtentry4.o)
    0x08000232   0x08000232   0x00000000   Code   RO         5562    .ARM.Collect$$rtentry$$00000009  c_w.l(__rtentry2.o)
    0x08000232   0x08000232   0x00000004   Code   RO         5563    .ARM.Collect$$rtentry$$0000000A  c_w.l(__rtentry2.o)
    0x08000236   0x08000236   0x00000000   Code   RO         5565    .ARM.Collect$$rtentry$$0000000C  c_w.l(__rtentry2.o)
    0x08000236   0x08000236   0x00000008   Code   RO         5566    .ARM.Collect$$rtentry$$0000000D  c_w.l(__rtentry2.o)
    0x0800023e   0x0800023e   0x00000002   Code   RO         5598    .ARM.Collect$$rtexit$$00000000  c_w.l(rtexit.o)
    0x08000240   0x08000240   0x00000000   Code   RO         5654    .ARM.Collect$$rtexit$$00000002  c_w.l(rtexit2.o)
    0x08000240   0x08000240   0x00000004   Code   RO         5655    .ARM.Collect$$rtexit$$00000003  c_w.l(rtexit2.o)
    0x08000244   0x08000244   0x00000006   Code   RO         5656    .ARM.Collect$$rtexit$$00000004  c_w.l(rtexit2.o)
    0x0800024a   0x0800024a   0x00000002   PAD
    0x0800024c   0x0800024c   0x000000be   Code   RO         4824    .emb_text           port.o
    0x0800030a   0x0800030a   0x00000002   PAD
    0x0800030c   0x0800030c   0x00000040   Code   RO            4    .text               startup_stm32f427xx.o
    0x0800034c   0x0800034c   0x000000ee   Code   RO         5440    .text               c_w.l(lludivv7m.o)
    0x0800043a   0x0800043a   0x00000064   Code   RO         5444    .text               c_w.l(rt_memcpy_w.o)
    0x0800049e   0x0800049e   0x0000004e   Code   RO         5448    .text               c_w.l(rt_memclr_w.o)
    0x080004ec   0x080004ec   0x00000006   Code   RO         5450    .text               c_w.l(heapauxi.o)
    0x080004f2   0x080004f2   0x00000016   Code   RO         5533    .text               c_w.l(_rserrno.o)
    0x08000508   0x08000508   0x00000008   Code   RO         5579    .text               c_w.l(rt_errno_addr_intlibspace.o)
    0x08000510   0x08000510   0x00000008   Code   RO         5581    .text               c_w.l(libspace.o)
    0x08000518   0x08000518   0x0000004a   Code   RO         5584    .text               c_w.l(sys_stackheap_outer.o)
    0x08000562   0x08000562   0x00000012   Code   RO         5586    .text               c_w.l(exit.o)
    0x08000574   0x08000574   0x0000000c   Code   RO         5651    .text               c_w.l(sys_exit.o)
    0x08000580   0x08000580   0x00000002   Code   RO         5670    .text               c_w.l(use_no_semi.o)
    0x08000582   0x08000582   0x00000000   Code   RO         5672    .text               c_w.l(indicate_semi.o)
    0x08000582   0x08000582   0x00000002   PAD
    0x08000584   0x08000584   0x000000ac   Code   RO         5031    i.Board_A_IMU_Calc_Angle  board_a_imu.o
    0x08000630   0x08000630   0x000000a0   Code   RO         5032    i.Board_A_IMU_Calibrate  board_a_imu.o
    0x080006d0   0x080006d0   0x0000008e   Code   RO         5033    i.Board_A_IMU_I2C_Config  board_a_imu.o
    0x0800075e   0x0800075e   0x00000002   PAD
    0x08000760   0x08000760   0x0000003c   Code   RO         5034    i.Board_A_IMU_Init  board_a_imu.o
    0x0800079c   0x0800079c   0x0000005c   Code   RO         5035    i.Board_A_IMU_Read_Bytes  board_a_imu.o
    0x080007f8   0x080007f8   0x000001a4   Code   RO         5036    i.Board_A_IMU_Read_Data  board_a_imu.o
    0x0800099c   0x0800099c   0x0000001c   Code   RO         5037    i.Board_A_IMU_Reset  board_a_imu.o
    0x080009b8   0x080009b8   0x00000030   Code   RO         4904    i.Board_A_IMU_Temp_Control  imu_temp_control.o
    0x080009e8   0x080009e8   0x0000000c   Code   RO         4905    i.Board_A_IMU_Temp_Control_Init  imu_temp_control.o
    0x080009f4   0x080009f4   0x00000054   Code   RO         5038    i.Board_A_IMU_Write_Byte  board_a_imu.o
    0x08000a48   0x08000a48   0x00000002   Code   RO          558    i.BusFault_Handler  stm32f4xx_it.o
    0x08000a4a   0x08000a4a   0x00000002   PAD
    0x08000a4c   0x08000a4c   0x0000001c   Code   RO         5145    i.Check_DR16        dr16_remote.o
    0x08000a68   0x08000a68   0x00000002   Code   RO          559    i.DMA2_Stream2_IRQHandler  stm32f4xx_it.o
    0x08000a6a   0x08000a6a   0x00000002   PAD
    0x08000a6c   0x08000a6c   0x00000028   Code   RO         1208    i.DMA_CalcBaseAndBitshift  stm32f4xx_hal_dma.o
    0x08000a94   0x08000a94   0x00000054   Code   RO         1209    i.DMA_CheckFifoParam  stm32f4xx_hal_dma.o
    0x08000ae8   0x08000ae8   0x00000028   Code   RO         1210    i.DMA_SetConfig     stm32f4xx_hal_dma.o
    0x08000b10   0x08000b10   0x000000cc   Code   RO         5146    i.DR16_Data_Process  dr16_remote.o
    0x08000bdc   0x08000bdc   0x0000003c   Code   RO         5147    i.DR16_Handler      dr16_remote.o
    0x08000c18   0x08000c18   0x0000004c   Code   RO         5148    i.DR16_USART_Receive_DMA  dr16_remote.o
    0x08000c64   0x08000c64   0x00000002   Code   RO          560    i.DebugMon_Handler  stm32f4xx_it.o
    0x08000c66   0x08000c66   0x00000004   Code   RO           13    i.Error_Handler     main.o
    0x08000c6a   0x08000c6a   0x00000008   Code   RO         5255    i.FusionAhrsGetQuaternion  fusionahrs.o
    0x08000c72   0x08000c72   0x00000002   PAD
    0x08000c74   0x08000c74   0x00000020   Code   RO         5256    i.FusionAhrsInitialise  fusionahrs.o
    0x08000c94   0x08000c94   0x0000004c   Code   RO         5257    i.FusionAhrsReset   fusionahrs.o
    0x08000ce0   0x08000ce0   0x000000ca   Code   RO         5258    i.FusionAhrsSetHeading  fusionahrs.o
    0x08000daa   0x08000daa   0x00000002   PAD
    0x08000dac   0x08000dac   0x000000b0   Code   RO         5259    i.FusionAhrsSetSettings  fusionahrs.o
    0x08000e5c   0x08000e5c   0x00000368   Code   RO         5260    i.FusionAhrsUpdate  fusionahrs.o
    0x080011c4   0x080011c4   0x00000040   Code   RO         5262    i.FusionAhrsUpdateNoMagnetometer  fusionahrs.o
    0x08001204   0x08001204   0x00000050   Code   RO         5389    i.FusionCompassCalculateHeading  fusioncompass.o
    0x08001254   0x08001254   0x00000010   Code   RO         5264    i.FusionDegreesToRadians  fusionahrs.o
    0x08001264   0x08001264   0x00000034   Code   RO         5265    i.FusionFastInverseSqrt  fusionahrs.o
    0x08001298   0x08001298   0x000000ac   Code   RO         5039    i.FusionQuaternionToEuler  board_a_imu.o
    0x08001344   0x08001344   0x0000000e   Code   RO         5266    i.FusionVectorAdd   fusionahrs.o
    0x08001352   0x08001352   0x00000022   Code   RO         5267    i.FusionVectorCrossProduct  fusionahrs.o
    0x08001374   0x08001374   0x00000022   Code   RO         5390    i.FusionVectorCrossProduct  fusioncompass.o
    0x08001396   0x08001396   0x00000026   Code   RO         5268    i.FusionVectorIsZero  fusionahrs.o
    0x080013bc   0x080013bc   0x00000016   Code   RO         5270    i.FusionVectorMagnitudeSquared  fusionahrs.o
    0x080013d2   0x080013d2   0x0000000e   Code   RO         5271    i.FusionVectorMultiplyScalar  fusionahrs.o
    0x080013e0   0x080013e0   0x00000036   Code   RO         5272    i.FusionVectorNormalise  fusionahrs.o
    0x08001416   0x08001416   0x00000002   PAD
    0x08001418   0x08001418   0x00000054   Code   RO         5391    i.FusionVectorNormalise  fusioncompass.o
    0x0800146c   0x0800146c   0x00000044   Code   RO          239    i.General_Init      freertos.o
    0x080014b0   0x080014b0   0x000000d4   Code   RO         1217    i.HAL_DMA_Init      stm32f4xx_hal_dma.o
    0x08001584   0x08001584   0x00000046   Code   RO         1220    i.HAL_DMA_Start     stm32f4xx_hal_dma.o
    0x080015ca   0x080015ca   0x00000002   PAD
    0x080015cc   0x080015cc   0x00000024   Code   RO         1648    i.HAL_Delay         stm32f4xx_hal.o
    0x080015f0   0x080015f0   0x00000234   Code   RO         1104    i.HAL_GPIO_Init     stm32f4xx_hal_gpio.o
    0x08001824   0x08001824   0x0000000a   Code   RO         1108    i.HAL_GPIO_WritePin  stm32f4xx_hal_gpio.o
    0x0800182e   0x0800182e   0x00000002   PAD
    0x08001830   0x08001830   0x0000000c   Code   RO         1656    i.HAL_GetTick       stm32f4xx_hal.o
    0x0800183c   0x0800183c   0x00000010   Code   RO         1662    i.HAL_IncTick       stm32f4xx_hal.o
    0x0800184c   0x0800184c   0x00000034   Code   RO         1663    i.HAL_Init          stm32f4xx_hal.o
    0x08001880   0x08001880   0x00000098   Code   RO          658    i.HAL_InitTick      stm32f4xx_hal_timebase_tim.o
    0x08001918   0x08001918   0x00000038   Code   RO          634    i.HAL_MspInit       stm32f4xx_hal_msp.o
    0x08001950   0x08001950   0x0000001a   Code   RO         1511    i.HAL_NVIC_EnableIRQ  stm32f4xx_hal_cortex.o
    0x0800196a   0x0800196a   0x00000002   PAD
    0x0800196c   0x0800196c   0x00000040   Code   RO         1517    i.HAL_NVIC_SetPriority  stm32f4xx_hal_cortex.o
    0x080019ac   0x080019ac   0x00000024   Code   RO         1518    i.HAL_NVIC_SetPriorityGrouping  stm32f4xx_hal_cortex.o
    0x080019d0   0x080019d0   0x00000134   Code   RO          698    i.HAL_RCC_ClockConfig  stm32f4xx_hal_rcc.o
    0x08001b04   0x08001b04   0x00000040   Code   RO          702    i.HAL_RCC_GetClockConfig  stm32f4xx_hal_rcc.o
    0x08001b44   0x08001b44   0x00000020   Code   RO          705    i.HAL_RCC_GetPCLK1Freq  stm32f4xx_hal_rcc.o
    0x08001b64   0x08001b64   0x00000020   Code   RO          706    i.HAL_RCC_GetPCLK2Freq  stm32f4xx_hal_rcc.o
    0x08001b84   0x08001b84   0x00000064   Code   RO          707    i.HAL_RCC_GetSysClockFreq  stm32f4xx_hal_rcc.o
    0x08001be8   0x08001be8   0x0000036c   Code   RO          710    i.HAL_RCC_OscConfig  stm32f4xx_hal_rcc.o
    0x08001f54   0x08001f54   0x000000bc   Code   RO         1922    i.HAL_SPI_Init      stm32f4xx_hal_spi.o
    0x08002010   0x08002010   0x0000006c   Code   RO          391    i.HAL_SPI_MspInit   spi.o
    0x0800207c   0x0800207c   0x000001e2   Code   RO         1931    i.HAL_SPI_TransmitReceive  stm32f4xx_hal_spi.o
    0x0800225e   0x0800225e   0x00000002   Code   RO         2939    i.HAL_TIMEx_BreakCallback  stm32f4xx_hal_tim_ex.o
    0x08002260   0x08002260   0x00000002   Code   RO         2940    i.HAL_TIMEx_CommutCallback  stm32f4xx_hal_tim_ex.o
    0x08002262   0x08002262   0x00000054   Code   RO         2942    i.HAL_TIMEx_ConfigBreakDeadTime  stm32f4xx_hal_tim_ex.o
    0x080022b6   0x080022b6   0x00000002   PAD
    0x080022b8   0x080022b8   0x00000090   Code   RO         2958    i.HAL_TIMEx_MasterConfigSynchronization  stm32f4xx_hal_tim_ex.o
    0x08002348   0x08002348   0x0000005a   Code   RO         2235    i.HAL_TIM_Base_Init  stm32f4xx_hal_tim.o
    0x080023a2   0x080023a2   0x00000002   PAD
    0x080023a4   0x080023a4   0x00000050   Code   RO          433    i.HAL_TIM_Base_MspInit  tim.o
    0x080023f4   0x080023f4   0x00000080   Code   RO         2240    i.HAL_TIM_Base_Start_IT  stm32f4xx_hal_tim.o
    0x08002474   0x08002474   0x000000dc   Code   RO         2244    i.HAL_TIM_ConfigClockSource  stm32f4xx_hal_tim.o
    0x08002550   0x08002550   0x000000a4   Code   RO         2256    i.HAL_TIM_Encoder_Init  stm32f4xx_hal_tim.o
    0x080025f4   0x080025f4   0x000000a4   Code   RO          435    i.HAL_TIM_Encoder_MspInit  tim.o
    0x08002698   0x08002698   0x00000002   Code   RO         2269    i.HAL_TIM_IC_CaptureCallback  stm32f4xx_hal_tim.o
    0x0800269a   0x0800269a   0x00000166   Code   RO         2283    i.HAL_TIM_IRQHandler  stm32f4xx_hal_tim.o
    0x08002800   0x08002800   0x00000084   Code   RO          436    i.HAL_TIM_MspPostInit  tim.o
    0x08002884   0x08002884   0x00000002   Code   RO         2286    i.HAL_TIM_OC_DelayElapsedCallback  stm32f4xx_hal_tim.o
    0x08002886   0x08002886   0x000000cc   Code   RO         2307    i.HAL_TIM_PWM_ConfigChannel  stm32f4xx_hal_tim.o
    0x08002952   0x08002952   0x0000005a   Code   RO         2310    i.HAL_TIM_PWM_Init  stm32f4xx_hal_tim.o
    0x080029ac   0x080029ac   0x00000002   Code   RO         2312    i.HAL_TIM_PWM_MspInit  stm32f4xx_hal_tim.o
    0x080029ae   0x080029ae   0x00000002   Code   RO         2313    i.HAL_TIM_PWM_PulseFinishedCallback  stm32f4xx_hal_tim.o
    0x080029b0   0x080029b0   0x000000c8   Code   RO         2315    i.HAL_TIM_PWM_Start  stm32f4xx_hal_tim.o
    0x08002a78   0x08002a78   0x00000014   Code   RO           14    i.HAL_TIM_PeriodElapsedCallback  main.o
    0x08002a8c   0x08002a8c   0x00000002   Code   RO         2326    i.HAL_TIM_TriggerCallback  stm32f4xx_hal_tim.o
    0x08002a8e   0x08002a8e   0x00000062   Code   RO         3235    i.HAL_UART_Init     stm32f4xx_hal_uart.o
    0x08002af0   0x08002af0   0x000000b4   Code   RO          517    i.HAL_UART_MspInit  usart.o
    0x08002ba4   0x08002ba4   0x00000002   Code   RO          561    i.HardFault_Handler  stm32f4xx_it.o
    0x08002ba6   0x08002ba6   0x00000100   Code   RO         5040    i.IST8310_Init      board_a_imu.o
    0x08002ca6   0x08002ca6   0x00000002   PAD
    0x08002ca8   0x08002ca8   0x00000078   Code   RO         5041    i.IST8310_Read_Byte  board_a_imu.o
    0x08002d20   0x08002d20   0x00000042   Code   RO         5042    i.IST8310_Write_Byte  board_a_imu.o
    0x08002d62   0x08002d62   0x0000000a   Code   RO         5149    i.Key_State_Clear   dr16_remote.o
    0x08002d6c   0x08002d6c   0x00000020   Code   RO         5150    i.Key_State_Detect  dr16_remote.o
    0x08002d8c   0x08002d8c   0x0000017c   Code   RO         5151    i.Keyboard_Data_Process  dr16_remote.o
    0x08002f08   0x08002f08   0x0000002c   Code   RO          366    i.MX_DMA_Init       dma.o
    0x08002f34   0x08002f34   0x00000054   Code   RO          240    i.MX_FREERTOS_Init  freertos.o
    0x08002f88   0x08002f88   0x000000fc   Code   RO          215    i.MX_GPIO_Init      gpio.o
    0x08003084   0x08003084   0x00000048   Code   RO          392    i.MX_SPI5_Init      spi.o
    0x080030cc   0x080030cc   0x00000048   Code   RO          437    i.MX_TIM12_Init     tim.o
    0x08003114   0x08003114   0x00000098   Code   RO          438    i.MX_TIM3_Init      tim.o
    0x080031ac   0x080031ac   0x0000006c   Code   RO          439    i.MX_TIM4_Init      tim.o
    0x08003218   0x08003218   0x0000006c   Code   RO          440    i.MX_TIM5_Init      tim.o
    0x08003284   0x08003284   0x000000dc   Code   RO          441    i.MX_TIM8_Init      tim.o
    0x08003360   0x08003360   0x0000003c   Code   RO          518    i.MX_USART1_UART_Init  usart.o
    0x0800339c   0x0800339c   0x00000002   Code   RO          562    i.MemManage_Handler  stm32f4xx_it.o
    0x0800339e   0x0800339e   0x00000002   Code   RO         5211    i.Motors_Change_Direction  motors.o
    0x080033a0   0x080033a0   0x00000002   Code   RO         5212    i.Motors_Init       motors.o
    0x080033a2   0x080033a2   0x00000002   Code   RO         5213    i.Motors_Send_PWM   motors.o
    0x080033a4   0x080033a4   0x00000002   Code   RO          563    i.NMI_Handler       stm32f4xx_it.o
    0x080033a6   0x080033a6   0x00000002   PAD
    0x080033a8   0x080033a8   0x00000020   Code   RO          241    i.Robot_Control     freertos.o
    0x080033c8   0x080033c8   0x00000002   Code   RO         4950    i.Robot_Get_Data    robot_control.o
    0x080033ca   0x080033ca   0x00000002   Code   RO         4951    i.Robot_In_Control  robot_control.o
    0x080033cc   0x080033cc   0x00000058   Code   RO         1960    i.SPI_EndRxTxTransaction  stm32f4xx_hal_spi.o
    0x08003424   0x08003424   0x000000b8   Code   RO         1965    i.SPI_WaitFlagStateUntilTimeout  stm32f4xx_hal_spi.o
    0x080034dc   0x080034dc   0x00000034   Code   RO          242    i.StartIMUTask      freertos.o
    0x08003510   0x08003510   0x0000002c   Code   RO         4825    i.SysTick_Handler   port.o
    0x0800353c   0x0800353c   0x00000094   Code   RO           15    i.SystemClock_Config  main.o
    0x080035d0   0x080035d0   0x00000010   Code   RO         3564    i.SystemInit        system_stm32f4xx.o
    0x080035e0   0x080035e0   0x0000000c   Code   RO          564    i.TIM6_DAC_IRQHandler  stm32f4xx_it.o
    0x080035ec   0x080035ec   0x000000c8   Code   RO         2328    i.TIM_Base_SetConfig  stm32f4xx_hal_tim.o
    0x080036b4   0x080036b4   0x0000001a   Code   RO         2329    i.TIM_CCxChannelCmd  stm32f4xx_hal_tim.o
    0x080036ce   0x080036ce   0x00000014   Code   RO         2339    i.TIM_ETR_SetConfig  stm32f4xx_hal_tim.o
    0x080036e2   0x080036e2   0x00000010   Code   RO         2340    i.TIM_ITRx_SetConfig  stm32f4xx_hal_tim.o
    0x080036f2   0x080036f2   0x00000002   PAD
    0x080036f4   0x080036f4   0x00000060   Code   RO         2341    i.TIM_OC1_SetConfig  stm32f4xx_hal_tim.o
    0x08003754   0x08003754   0x0000006c   Code   RO         2342    i.TIM_OC2_SetConfig  stm32f4xx_hal_tim.o
    0x080037c0   0x080037c0   0x00000068   Code   RO         2343    i.TIM_OC3_SetConfig  stm32f4xx_hal_tim.o
    0x08003828   0x08003828   0x00000050   Code   RO         2344    i.TIM_OC4_SetConfig  stm32f4xx_hal_tim.o
    0x08003878   0x08003878   0x00000022   Code   RO         2346    i.TIM_TI1_ConfigInputStage  stm32f4xx_hal_tim.o
    0x0800389a   0x0800389a   0x00000024   Code   RO         2348    i.TIM_TI2_ConfigInputStage  stm32f4xx_hal_tim.o
    0x080038be   0x080038be   0x00000002   PAD
    0x080038c0   0x080038c0   0x0000010c   Code   RO         3261    i.UART_SetConfig    stm32f4xx_hal_uart.o
    0x080039cc   0x080039cc   0x0000002c   Code   RO          565    i.USART1_IRQHandler  stm32f4xx_it.o
    0x080039f8   0x080039f8   0x00000002   Code   RO          566    i.UsageFault_Handler  stm32f4xx_it.o
    0x080039fa   0x080039fa   0x00000026   Code   RO         5540    i.__ARM_fpclassifyf  m_wm.l(fpclassifyf.o)
    0x08003a20   0x08003a20   0x00000020   Code   RO         1524    i.__NVIC_SetPriority  stm32f4xx_hal_cortex.o
    0x08003a40   0x08003a40   0x0000012c   Code   RO         5454    i.__hardfp_asinf    m_wm.l(asinf.o)
    0x08003b6c   0x08003b6c   0x000002ac   Code   RO         5466    i.__hardfp_atan2f   m_wm.l(atan2f.o)
    0x08003e18   0x08003e18   0x00000150   Code   RO         5478    i.__hardfp_cosf     m_wm.l(cosf.o)
    0x08003f68   0x08003f68   0x00000664   Code   RO         5490    i.__hardfp_powf     m_wm.l(powf.o)
    0x080045cc   0x080045cc   0x00000190   Code   RO         5504    i.__hardfp_sinf     m_wm.l(sinf.o)
    0x0800475c   0x0800475c   0x00000014   Code   RO         5542    i.__mathlib_flt_divzero  m_wm.l(funder.o)
    0x08004770   0x08004770   0x00000006   Code   RO         5543    i.__mathlib_flt_infnan  m_wm.l(funder.o)
    0x08004776   0x08004776   0x00000006   Code   RO         5544    i.__mathlib_flt_infnan2  m_wm.l(funder.o)
    0x0800477c   0x0800477c   0x00000010   Code   RO         5545    i.__mathlib_flt_invalid  m_wm.l(funder.o)
    0x0800478c   0x0800478c   0x00000010   Code   RO         5546    i.__mathlib_flt_overflow  m_wm.l(funder.o)
    0x0800479c   0x0800479c   0x00000010   Code   RO         5548    i.__mathlib_flt_underflow  m_wm.l(funder.o)
    0x080047ac   0x080047ac   0x00000154   Code   RO         5556    i.__mathlib_rredf2  m_wm.l(rredf.o)
    0x08004900   0x08004900   0x00000036   Code   RO           16    i.main              main.o
    0x08004936   0x08004936   0x0000000c   Code   RO         4390    i.makeFreeRtosPriority  cmsis_os.o
    0x08004942   0x08004942   0x0000000a   Code   RO         4395    i.osKernelStart     cmsis_os.o
    0x0800494c   0x0800494c   0x00000054   Code   RO         4429    i.osThreadCreate    cmsis_os.o
    0x080049a0   0x080049a0   0x00000070   Code   RO         4066    i.prvAddCurrentTaskToDelayedList  tasks.o
    0x08004a10   0x08004a10   0x000000d0   Code   RO         4067    i.prvAddNewTaskToReadyList  tasks.o
    0x08004ae0   0x08004ae0   0x00000034   Code   RO         4068    i.prvDeleteTCB      tasks.o
    0x08004b14   0x08004b14   0x0000004c   Code   RO         4757    i.prvHeapInit       heap_4.o
    0x08004b60   0x08004b60   0x00000060   Code   RO         4069    i.prvIdleTask       tasks.o
    0x08004bc0   0x08004bc0   0x00000098   Code   RO         4070    i.prvInitialiseNewTask  tasks.o
    0x08004c58   0x08004c58   0x0000004c   Code   RO         4758    i.prvInsertBlockIntoFreeList  heap_4.o
    0x08004ca4   0x08004ca4   0x00000020   Code   RO         4071    i.prvResetNextTaskUnblockTime  tasks.o
    0x08004cc4   0x08004cc4   0x00000028   Code   RO         4826    i.prvTaskExitError  port.o
    0x08004cec   0x08004cec   0x000000dc   Code   RO         4759    i.pvPortMalloc      heap_4.o
    0x08004dc8   0x08004dc8   0x0000002c   Code   RO         4827    i.pxPortInitialiseStack  port.o
    0x08004df4   0x08004df4   0x0000003e   Code   RO         5518    i.sqrtf             m_wm.l(sqrtf.o)
    0x08004e32   0x08004e32   0x00000026   Code   RO         3702    i.uxListRemove      list.o
    0x08004e58   0x08004e58   0x00000014   Code   RO          243    i.vApplicationGetIdleTaskMemory  freertos.o
    0x08004e6c   0x08004e6c   0x00000016   Code   RO         3703    i.vListInitialise   list.o
    0x08004e82   0x08004e82   0x00000006   Code   RO         3704    i.vListInitialiseItem  list.o
    0x08004e88   0x08004e88   0x00000030   Code   RO         3705    i.vListInsert       list.o
    0x08004eb8   0x08004eb8   0x00000018   Code   RO         3706    i.vListInsertEnd    list.o
    0x08004ed0   0x08004ed0   0x00000040   Code   RO         4829    i.vPortEnterCritical  port.o
    0x08004f10   0x08004f10   0x00000028   Code   RO         4830    i.vPortExitCritical  port.o
    0x08004f38   0x08004f38   0x00000064   Code   RO         4760    i.vPortFree         heap_4.o
    0x08004f9c   0x08004f9c   0x00000024   Code   RO         4831    i.vPortSetupTimerInterrupt  port.o
    0x08004fc0   0x08004fc0   0x0000008c   Code   RO         4081    i.vTaskDelayUntil   tasks.o
    0x0800504c   0x0800504c   0x000000ac   Code   RO         4082    i.vTaskDelete       tasks.o
    0x080050f8   0x080050f8   0x0000006c   Code   RO         4094    i.vTaskStartScheduler  tasks.o
    0x08005164   0x08005164   0x00000010   Code   RO         4096    i.vTaskSuspendAll   tasks.o
    0x08005174   0x08005174   0x0000005c   Code   RO         4097    i.vTaskSwitchContext  tasks.o
    0x080051d0   0x080051d0   0x000000f4   Code   RO         4833    i.xPortStartScheduler  port.o
    0x080052c4   0x080052c4   0x0000005a   Code   RO         4100    i.xTaskCreate       tasks.o
    0x0800531e   0x0800531e   0x00000056   Code   RO         4101    i.xTaskCreateStatic  tasks.o
    0x08005374   0x08005374   0x0000000c   Code   RO         4106    i.xTaskGetTickCount  tasks.o
    0x08005380   0x08005380   0x000000cc   Code   RO         4108    i.xTaskIncrementTick  tasks.o
    0x0800544c   0x0800544c   0x000000c4   Code   RO         4114    i.xTaskResumeAll    tasks.o
    0x08005510   0x08005510   0x0000000a   Code   RO         5666    x$fpl$fpinit        fz_wm.l(fpinit.o)
    0x0800551a   0x0800551a   0x00000000   Code   RO         5539    x$fpl$usenofp       fz_wm.l(usenofp.o)
    0x0800551a   0x0800551a   0x00000002   PAD
    0x0800551c   0x0800551c   0x00000054   Data   RO          245    .constdata          freertos.o
    0x08005570   0x08005570   0x00000008   Data   RO         1223    .constdata          stm32f4xx_hal_dma.o
    0x08005578   0x08005578   0x00000010   Data   RO         3565    .constdata          system_stm32f4xx.o
    0x08005588   0x08005588   0x00000008   Data   RO         3566    .constdata          system_stm32f4xx.o
    0x08005590   0x08005590   0x00000014   Data   RO         5045    .constdata          board_a_imu.o
    0x080055a4   0x080055a4   0x00000020   Data   RO         5273    .constdata          fusionahrs.o
    0x080055c4   0x080055c4   0x00000140   Data   RO         5493    .constdata          m_wm.l(powf.o)
    0x08005704   0x08005704   0x00000020   Data   RO         5557    .constdata          m_wm.l(rredf.o)
    0x08005724   0x08005724   0x00000026   Data   RO          246    .conststring        freertos.o
    0x0800574a   0x0800574a   0x00000002   PAD
    0x0800574c   0x0800574c   0x00000020   Data   RO         5724    Region$$Table       anon$$obj.o


    Execution Region RW_IRAM2 (Exec base: 0x10000000, Load base: 0x0800584c, Size: 0x00000000, Max: 0x00010000, ABSOLUTE)

    **** No section assigned to this execution region ****


    Execution Region RW_IRAM1 (Exec base: 0x20000000, Load base: 0x0800576c, Size: 0x00004a90, Max: 0x00030000, ABSOLUTE)

    Exec Addr    Load Addr    Size         Type   Attr      Idx    E Section Name        Object

    0x20000000   0x0800576c   0x0000000c   Data   RW          247    .data               freertos.o
    0x2000000c   0x08005778   0x0000000c   Data   RW         1670    .data               stm32f4xx_hal.o
    0x20000018   0x08005784   0x00000004   Data   RW         3567    .data               system_stm32f4xx.o
    0x2000001c   0x08005788   0x0000003c   Data   RW         4117    .data               tasks.o
    0x20000058   0x080057c4   0x00000020   Data   RW         4766    .data               heap_4.o
    0x20000078   0x080057e4   0x0000000c   Data   RW         4834    .data               port.o
    0x20000084   0x080057f0   0x00000008   Data   RW         4906    .data               imu_temp_control.o
    0x2000008c   0x080057f8   0x00000008   Data   RW         4952    .data               robot_control.o
    0x20000094   0x08005800   0x00000014   Data   RW         5046    .data               board_a_imu.o
    0x200000a8   0x08005814   0x00000010   Data   RW         5047    .data               board_a_imu.o
    0x200000b8   0x08005824   0x0000001c   Data   RW         5153    .data               dr16_remote.o
    0x200000d4   0x08005840   0x0000000c   Data   RW         5214    .data               motors.o
    0x200000e0        -       0x00000254   Zero   RW          244    .bss                freertos.o
    0x20000334        -       0x00000058   Zero   RW          393    .bss                spi.o
    0x2000038c        -       0x00000168   Zero   RW          442    .bss                tim.o
    0x200004f4        -       0x000000a4   Zero   RW          519    .bss                usart.o
    0x20000598        -       0x00000048   Zero   RW          661    .bss                stm32f4xx_hal_timebase_tim.o
    0x200005e0        -       0x000000f0   Zero   RW         4116    .bss                tasks.o
    0x200006d0        -       0x00003c00   Zero   RW         4765    .bss                heap_4.o
    0x200042d0        -       0x00000098   Zero   RW         5043    .bss                board_a_imu.o
    0x20004368        -       0x00000064   Zero   RW         5044    .bss                board_a_imu.o
    0x200043cc        -       0x00000060   Zero   RW         5152    .bss                dr16_remote.o
    0x2000442c        -       0x00000060   Zero   RW         5582    .bss                c_w.l(libspace.o)
    0x2000448c   0x0800584c   0x00000004   PAD
    0x20004490        -       0x00000200   Zero   RW            2    HEAP                startup_stm32f427xx.o
    0x20004690        -       0x00000400   Zero   RW            1    STACK               startup_stm32f427xx.o


==============================================================================

Image component sizes


      Code (inc. data)   RO Data    RW Data    ZI Data      Debug   Object Name

      1772         96         20         36        252      16380   board_a_imu.o
       106          0          0          0          0      22899   cmsis_os.o
        44          4          0          0          0        842   dma.o
       790         24          0         28         96       7897   dr16_remote.o
         0          0          0          0          0      17020   event_groups.o
       256         56        122         12        596       4268   freertos.o
      1674         38         32          0          0      17302   fusionahrs.o
       198         16          0          0          0       5712   fusioncompass.o
       252         22          0          0          0       1135   gpio.o
       472         24          0         32      15360       7651   heap_4.o
        60         18          0          8          0       2279   imu_temp_control.o
       138          0          0          0          0       3750   list.o
       226         14          0          0          0     782956   main.o
         6          0          0         12          0       2575   motors.o
       702         72          0         12          0      11364   port.o
         4          0          0          8          0       2139   robot_control.o
       180         24          0          0         88       1825   spi.o
        64         26        428          0       1536        876   startup_stm32f427xx.o
       116         18          0         12          0       9102   stm32f4xx_hal.o
       158         14          0          0          0      33326   stm32f4xx_hal_cortex.o
       446         12          8          0          0       4675   stm32f4xx_hal_dma.o
       574         54          0          0          0       2312   stm32f4xx_hal_gpio.o
        56          4          0          0          0        934   stm32f4xx_hal_msp.o
      1412         86          0          0          0       6137   stm32f4xx_hal_rcc.o
       942         12          0          0          0       5081   stm32f4xx_hal_spi.o
      2184        136          0          0          0      18601   stm32f4xx_hal_tim.o
       232         28          0          0          0       3449   stm32f4xx_hal_tim_ex.o
       152         20          0          0         72       1583   stm32f4xx_hal_timebase_tim.o
       366         10          0          0          0       2132   stm32f4xx_hal_uart.o
        70         14          0          0          0       5052   stm32f4xx_it.o
         0          0          0          0          0        392   stream_buffer.o
        16          4         24          4          0       1231   system_stm32f4xx.o
      1768        130          0         60        240      21925   tasks.o
      1036        104          0          0        360       6356   tim.o
       240         36          0          0        164       1945   usart.o

    ----------------------------------------------------------------------
     16744       1116        668        224      18764    1033103   Object Totals
         0          0         32          0          0          0   (incl. Generated)
        32          0          2          0          0          0   (incl. Padding)

    ----------------------------------------------------------------------

      Code (inc. data)   RO Data    RW Data    ZI Data      Debug   Library Member Name

         8          0          0          0          0         68   __main.o
         0          0          0          0          0          0   __rtentry.o
        12          0          0          0          0          0   __rtentry2.o
         6          0          0          0          0          0   __rtentry4.o
        52          8          0          0          0          0   __scatter.o
        26          0          0          0          0          0   __scatter_copy.o
        28          0          0          0          0          0   __scatter_zi.o
        22          0          0          0          0        100   _rserrno.o
        18          0          0          0          0         80   exit.o
         6          0          0          0          0        152   heapauxi.o
         0          0          0          0          0          0   indicate_semi.o
         2          0          0          0          0          0   libinit.o
         6          0          0          0          0          0   libinit2.o
         2          0          0          0          0          0   libshutdown.o
         2          0          0          0          0          0   libshutdown2.o
         8          4          0          0         96         68   libspace.o
       238          0          0          0          0        100   lludivv7m.o
         8          4          0          0          0         68   rt_errno_addr_intlibspace.o
        78          0          0          0          0         80   rt_memclr_w.o
       100          0          0          0          0         80   rt_memcpy_w.o
         2          0          0          0          0          0   rtexit.o
        10          0          0          0          0          0   rtexit2.o
        12          4          0          0          0         68   sys_exit.o
        74          0          0          0          0         80   sys_stackheap_outer.o
         2          0          0          0          0         68   use_no_semi.o
        10          0          0          0          0        116   fpinit.o
         0          0          0          0          0          0   usenofp.o
       300         42          0          0          0        176   asinf.o
       684         90          0          0          0        208   atan2f.o
       336         56          0          0          0        136   cosf.o
        38          0          0          0          0        116   fpclassifyf.o
        80         24          0          0          0        696   funder.o
      1636        110        320          0          0        372   powf.o
       340         24         32          0          0        160   rredf.o
       400         56          0          0          0        212   sinf.o
        62          0          0          0          0        136   sqrtf.o

    ----------------------------------------------------------------------
      4616        422        352          0        100       3340   Library Totals
         8          0          0          0          4          0   (incl. Padding)

    ----------------------------------------------------------------------

      Code (inc. data)   RO Data    RW Data    ZI Data      Debug   Library Name

       722         20          0          0         96       1012   c_w.l
        10          0          0          0          0        116   fz_wm.l
      3876        402        352          0          0       2212   m_wm.l

    ----------------------------------------------------------------------
      4616        422        352          0        100       3340   Library Totals

    ----------------------------------------------------------------------

==============================================================================


      Code (inc. data)   RO Data    RW Data    ZI Data      Debug   

     21360       1538       1020        224      18864    1018827   Grand Totals
     21360       1538       1020        224      18864    1018827   ELF Image Totals
     21360       1538       1020        224          0          0   ROM Totals

==============================================================================

    Total RO  Size (Code + RO Data)                22380 (  21.86kB)
    Total RW  Size (RW Data + ZI Data)             19088 (  18.64kB)
    Total ROM Size (Code + RO Data + RW Data)      22604 (  22.07kB)

==============================================================================

